<html>
<body>
<pre>
<h1>µVision Build Log</h1>
<h2>Project:</h2>
D:\STM32 project\CAN_HAL\MDK-ARM\CAN_HAL.uvproj
Project File Date:  07/15/2025

<h2>Output:</h2>
Build target 'CAN_HAL'
compiling main.c...
../Core/Src/main.c(117): warning:  #69-D: integer conversion resulted in truncation
../Core/Src/main.c(125): warning:  #223-D: function "memcpy" declared implicitly
linking...
Program Size: Code=5292 RO-data=312 RW-data=40 ZI-data=1744  
FromELF: creating hex file...
"CAN_HAL\CAN_HAL.axf" - 0 Errors, 2 Warning(s).
Build target 'CAN_HAL'
compiling main.c...
../Core/Src/main.c(118): warning:  #69-D: integer conversion resulted in truncation
linking...
Program Size: Code=5292 RO-data=312 RW-data=40 ZI-data=1744  
FromELF: creating hex file...
"CAN_HAL\CAN_HAL.axf" - 0 Errors, 1 Warning(s).
Build target 'CAN_HAL'
compiling main.c...
../Core/Src/main.c(344): warning:  #1-D: last line of file ends without a newline
linking...
Program Size: Code=5692 RO-data=312 RW-data=24 ZI-data=1792  
FromELF: creating hex file...
"CAN_HAL\CAN_HAL.axf" - 0 Errors, 1 Warning(s).
Build target 'CAN_HAL'
compiling main.c...
linking...
Program Size: Code=5692 RO-data=312 RW-data=24 ZI-data=1792  
FromELF: creating hex file...
"CAN_HAL\CAN_HAL.axf" - 0 Errors, 0 Warning(s).
Build target 'CAN_HAL'
compiling main.c...
compiling stm32f1xx_it.c...
compiling stm32f1xx_hal_msp.c...
compiling stm32f1xx_hal_gpio_ex.c...
compiling stm32f1xx_hal_can.c...
compiling stm32f1xx_hal.c...
compiling stm32f1xx_hal_rcc.c...
compiling stm32f1xx_hal_rcc_ex.c...
compiling stm32f1xx_hal_gpio.c...
compiling stm32f1xx_hal_dma.c...
compiling stm32f1xx_hal_cortex.c...
compiling stm32f1xx_hal_pwr.c...
compiling stm32f1xx_hal_flash.c...
compiling stm32f1xx_hal_flash_ex.c...
compiling stm32f1xx_hal_exti.c...
compiling stm32f1xx_hal_tim.c...
compiling stm32f1xx_hal_tim_ex.c...
compiling stm32f1xx_hal_uart.c...
compiling system_stm32f1xx.c...
linking...
Program Size: Code=4520 RO-data=312 RW-data=24 ZI-data=1792  
FromELF: creating hex file...
"CAN_HAL\CAN_HAL.axf" - 0 Errors, 0 Warning(s).
Build target 'CAN_HAL'
linking...
Program Size: Code=4520 RO-data=312 RW-data=24 ZI-data=1792  
FromELF: creating hex file...
"CAN_HAL\CAN_HAL.axf" - 0 Errors, 0 Warning(s).
Load "CAN_HAL\\CAN_HAL.axf" 
Full Chip Erase Done.
Programming Done.
Verify OK.
Application running ...
Build target 'CAN_HAL'
compiling main.c...
linking...
Program Size: Code=4464 RO-data=312 RW-data=24 ZI-data=1792  
FromELF: creating hex file...
"CAN_HAL\CAN_HAL.axf" - 0 Errors, 0 Warning(s).
Build target 'CAN_HAL'
linking...
Program Size: Code=4464 RO-data=312 RW-data=24 ZI-data=1792  
FromELF: creating hex file...
"CAN_HAL\CAN_HAL.axf" - 0 Errors, 0 Warning(s).
Load "CAN_HAL\\CAN_HAL.axf" 
Full Chip Erase Done.
Programming Done.
Verify OK.
Application running ...
Build target 'CAN_HAL'
compiling main.c...
linking...
Program Size: Code=4468 RO-data=312 RW-data=36 ZI-data=1796  
FromELF: creating hex file...
"CAN_HAL\CAN_HAL.axf" - 0 Errors, 0 Warning(s).
Load "CAN_HAL\\CAN_HAL.axf" 
Full Chip Erase Done.
Programming Done.
Verify OK.
Application running ...
Build target 'CAN_HAL'
compiling main.c...
linking...
Program Size: Code=4468 RO-data=312 RW-data=36 ZI-data=1796  
FromELF: creating hex file...
"CAN_HAL\CAN_HAL.axf" - 0 Errors, 0 Warning(s).
Load "CAN_HAL\\CAN_HAL.axf" 
Full Chip Erase Done.
Programming Done.
Verify OK.
Application running ...
Build target 'CAN_HAL'
compiling main.c...
linking...
Program Size: Code=4484 RO-data=312 RW-data=36 ZI-data=1796  
FromELF: creating hex file...
"CAN_HAL\CAN_HAL.axf" - 0 Errors, 0 Warning(s).
Load "CAN_HAL\\CAN_HAL.axf" 
Full Chip Erase Done.
Programming Done.
Verify OK.
Application running ...
Build target 'CAN_HAL'
compiling main.c...
linking...
Program Size: Code=4492 RO-data=312 RW-data=36 ZI-data=1796  
FromELF: creating hex file...
"CAN_HAL\CAN_HAL.axf" - 0 Errors, 0 Warning(s).
Load "CAN_HAL\\CAN_HAL.axf" 
Full Chip Erase Done.
Programming Done.
Verify OK.
Application running ...
Build target 'CAN_HAL'
compiling main.c...
linking...
Program Size: Code=4484 RO-data=312 RW-data=36 ZI-data=1796  
FromELF: creating hex file...
"CAN_HAL\CAN_HAL.axf" - 0 Errors, 0 Warning(s).
Load "CAN_HAL\\CAN_HAL.axf" 
Full Chip Erase Done.
Programming Done.
Verify OK.
Application running ...
Build target 'CAN_HAL'
compiling main.c...
linking...
Program Size: Code=4484 RO-data=312 RW-data=36 ZI-data=1796  
FromELF: creating hex file...
"CAN_HAL\CAN_HAL.axf" - 0 Errors, 0 Warning(s).
Load "CAN_HAL\\CAN_HAL.axf" 
Full Chip Erase Done.
Programming Done.
Verify OK.
Application running ...
Build target 'CAN_HAL'
compiling main.c...
linking...
Program Size: Code=4484 RO-data=312 RW-data=36 ZI-data=1796  
FromELF: creating hex file...
"CAN_HAL\CAN_HAL.axf" - 0 Errors, 0 Warning(s).
Load "CAN_HAL\\CAN_HAL.axf" 
Full Chip Erase Done.
Programming Done.
Verify OK.
Application running ...
Build target 'CAN_HAL'
compiling main.c...
linking...
Program Size: Code=4492 RO-data=312 RW-data=36 ZI-data=1796  
FromELF: creating hex file...
"CAN_HAL\CAN_HAL.axf" - 0 Errors, 0 Warning(s).
Load "CAN_HAL\\CAN_HAL.axf" 
Full Chip Erase Done.
Programming Done.
Verify OK.
Application running ...
Build target 'CAN_HAL'
compiling main.c...
linking...
Program Size: Code=4464 RO-data=312 RW-data=24 ZI-data=1792  
FromELF: creating hex file...
"CAN_HAL\CAN_HAL.axf" - 0 Errors, 0 Warning(s).
Load "CAN_HAL\\CAN_HAL.axf" 
Full Chip Erase Done.
Programming Done.
Verify OK.
Application running ...
Build target 'CAN_HAL'
compiling main.c...
linking...
Program Size: Code=4468 RO-data=312 RW-data=36 ZI-data=1796  
FromELF: creating hex file...
"CAN_HAL\CAN_HAL.axf" - 0 Errors, 0 Warning(s).
Load "CAN_HAL\\CAN_HAL.axf" 
Full Chip Erase Done.
Programming Done.
Verify OK.
Application running ...
Build target 'CAN_HAL'
compiling main.c...
linking...
Program Size: Code=4464 RO-data=312 RW-data=36 ZI-data=1796  
FromELF: creating hex file...
"CAN_HAL\CAN_HAL.axf" - 0 Errors, 0 Warning(s).
Load "CAN_HAL\\CAN_HAL.axf" 
Full Chip Erase Done.
Programming Done.
Verify OK.
Application running ...
Build target 'CAN_HAL'
linking...
Program Size: Code=4464 RO-data=312 RW-data=36 ZI-data=1796  
FromELF: creating hex file...
"CAN_HAL\CAN_HAL.axf" - 0 Errors, 0 Warning(s).
Load "CAN_HAL\\CAN_HAL.axf" 
Full Chip Erase Done.
Programming Done.
Verify OK.
Application running ...
Build target 'CAN_HAL'
compiling main.c...
linking...
Program Size: Code=4464 RO-data=312 RW-data=36 ZI-data=1796  
FromELF: creating hex file...
"CAN_HAL\CAN_HAL.axf" - 0 Errors, 0 Warning(s).
Load "CAN_HAL\\CAN_HAL.axf" 
Full Chip Erase Done.
Programming Done.
Verify OK.
Application running ...
Build target 'CAN_HAL'
linking...
Program Size: Code=4464 RO-data=312 RW-data=36 ZI-data=1796  
FromELF: creating hex file...
"CAN_HAL\CAN_HAL.axf" - 0 Errors, 0 Warning(s).
Load "CAN_HAL\\CAN_HAL.axf" 
Full Chip Erase Done.
Programming Done.
Verify OK.
Application running ...
Build target 'CAN_HAL'
compiling main.c...
linking...
Program Size: Code=4464 RO-data=312 RW-data=36 ZI-data=1796  
FromELF: creating hex file...
"CAN_HAL\CAN_HAL.axf" - 0 Errors, 0 Warning(s).
Load "CAN_HAL\\CAN_HAL.axf" 
Full Chip Erase Done.
Programming Done.
Verify OK.
Application running ...
Build target 'CAN_HAL'
compiling main.c...
../Core/Src/main.c(94): warning:  #223-D: function "rand" declared implicitly
../Core/Src/main.c(215): warning:  #223-D: function "srand" declared implicitly
linking...
Program Size: Code=4548 RO-data=312 RW-data=32 ZI-data=2024  
FromELF: creating hex file...
"CAN_HAL\CAN_HAL.axf" - 0 Errors, 2 Warning(s).
Build target 'CAN_HAL'
compiling main.c...
linking...
Program Size: Code=4548 RO-data=312 RW-data=32 ZI-data=2024  
FromELF: creating hex file...
"CAN_HAL\CAN_HAL.axf" - 0 Errors, 0 Warning(s).
Load "CAN_HAL\\CAN_HAL.axf" 
Full Chip Erase Done.
Programming Done.
Verify OK.
Application running ...
Build target 'CAN_HAL'
compiling main.c...
linking...
Program Size: Code=4456 RO-data=312 RW-data=32 ZI-data=1792  
FromELF: creating hex file...
"CAN_HAL\CAN_HAL.axf" - 0 Errors, 0 Warning(s).
Build target 'CAN_HAL'
linking...
Program Size: Code=4456 RO-data=312 RW-data=32 ZI-data=1792  
FromELF: creating hex file...
"CAN_HAL\CAN_HAL.axf" - 0 Errors, 0 Warning(s).
Load "CAN_HAL\\CAN_HAL.axf" 
Full Chip Erase Done.
Programming Done.
Verify OK.
Application running ...
Build target 'CAN_HAL'
compiling main.c...
linking...
Program Size: Code=4548 RO-data=312 RW-data=32 ZI-data=2024  
FromELF: creating hex file...
"CAN_HAL\CAN_HAL.axf" - 0 Errors, 0 Warning(s).
Load "CAN_HAL\\CAN_HAL.axf" 
Full Chip Erase Done.
Programming Done.
Verify OK.
Application running ...
Build target 'CAN_HAL'
compiling main.c...
linking...
Program Size: Code=4528 RO-data=312 RW-data=32 ZI-data=2024  
FromELF: creating hex file...
"CAN_HAL\CAN_HAL.axf" - 0 Errors, 0 Warning(s).
Load "CAN_HAL\\CAN_HAL.axf" 
Full Chip Erase Done.
Programming Done.
Verify OK.
Application running ...
Build target 'CAN_HAL'
compiling main.c...
linking...
Program Size: Code=5940 RO-data=332 RW-data=32 ZI-data=2024  
FromELF: creating hex file...
"CAN_HAL\CAN_HAL.axf" - 0 Errors, 0 Warning(s).
Load "CAN_HAL\\CAN_HAL.axf" 
Full Chip Erase Done.
Programming Done.
Verify OK.
Application running ...
