<html>
<body>
<pre>
<h1>µVision Build Log</h1>
<h2>Project:</h2>
D:\Car Monitor&Control HMI Cluster\Car-HMI-Cluster\STM32_CAN_Sender\MDK-ARM\CAN_HAL.uvproj
Project File Date:  07/16/2025

<h2>Output:</h2>
Build target 'CAN_HAL'
compiling main.c...
linking...
Program Size: Code=6510 RO-data=310 RW-data=40 ZI-data=2048  
FromELF: creating hex file...
"CAN_HAL\CAN_HAL.axf" - 0 Errors, 0 Warning(s).
Build target 'CAN_HAL'
linking...
Program Size: Code=6510 RO-data=310 RW-data=40 ZI-data=2048  
FromELF: creating hex file...
"CAN_HAL\CAN_HAL.axf" - 0 Errors, 0 Warning(s).
Build target 'CAN_HAL'
compiling main.c...
linking...
Program Size: Code=6510 RO-data=310 RW-data=40 ZI-data=2048  
FromELF: creating hex file...
"CAN_HAL\CAN_HAL.axf" - 0 Errors, 0 Warning(s).
Build target 'CAN_HAL'
compiling main.c...
linking...
Program Size: Code=6474 RO-data=310 RW-data=40 ZI-data=2048  
FromELF: creating hex file...
"CAN_HAL\CAN_HAL.axf" - 0 Errors, 0 Warning(s).
Build target 'CAN_HAL'
linking...
Program Size: Code=6474 RO-data=310 RW-data=40 ZI-data=2048  
FromELF: creating hex file...
"CAN_HAL\CAN_HAL.axf" - 0 Errors, 0 Warning(s).
Load "CAN_HAL\\CAN_HAL.axf" 
Full Chip Erase Done.
Programming Done.
Verify OK.
Application running ...
Build target 'CAN_HAL'
linking...
Program Size: Code=6474 RO-data=310 RW-data=40 ZI-data=2048  
FromELF: creating hex file...
"CAN_HAL\CAN_HAL.axf" - 0 Errors, 0 Warning(s).
Build target 'CAN_HAL'
linking...
Program Size: Code=6474 RO-data=310 RW-data=40 ZI-data=2048  
FromELF: creating hex file...
"CAN_HAL\CAN_HAL.axf" - 0 Errors, 0 Warning(s).
Load "CAN_HAL\\CAN_HAL.axf" 
Full Chip Erase Done.
Programming Done.
Verify OK.
Application running ...
Build target 'CAN_HAL'
compiling main.c...
linking...
Program Size: Code=6474 RO-data=310 RW-data=40 ZI-data=2048  
FromELF: creating hex file...
"CAN_HAL\CAN_HAL.axf" - 0 Errors, 0 Warning(s).
Build target 'CAN_HAL'
linking...
Program Size: Code=6474 RO-data=310 RW-data=40 ZI-data=2048  
FromELF: creating hex file...
"CAN_HAL\CAN_HAL.axf" - 0 Errors, 0 Warning(s).
Load "CAN_HAL\\CAN_HAL.axf" 
Full Chip Erase Done.
Programming Done.
Verify OK.
Application running ...
Build target 'CAN_HAL'
linking...
Program Size: Code=6474 RO-data=310 RW-data=40 ZI-data=2048  
FromELF: creating hex file...
"CAN_HAL\CAN_HAL.axf" - 0 Errors, 0 Warning(s).
Load "CAN_HAL\\CAN_HAL.axf" 
Full Chip Erase Done.
Programming Done.
Verify OK.
Application running ...
Build target 'CAN_HAL'
compiling main.c...
linking...
Program Size: Code=6474 RO-data=310 RW-data=32 ZI-data=2024  
FromELF: creating hex file...
"CAN_HAL\CAN_HAL.axf" - 0 Errors, 0 Warning(s).
Load "CAN_HAL\\CAN_HAL.axf" 
Full Chip Erase Done.
Programming Done.
Verify OK.
Application running ...
