ARM Linker, 5.03 [Build 76] [MDK-ARM Standard]

==============================================================================

Section Cross References

    startup_stm32f103xb.o(STACK) refers (Special) to heapauxi.o(.text) for __use_two_region_memory
    startup_stm32f103xb.o(HEAP) refers (Special) to heapauxi.o(.text) for __use_two_region_memory
    startup_stm32f103xb.o(RESET) refers (Special) to heapauxi.o(.text) for __use_two_region_memory
    startup_stm32f103xb.o(RESET) refers to startup_stm32f103xb.o(STACK) for __initial_sp
    startup_stm32f103xb.o(RESET) refers to startup_stm32f103xb.o(.text) for Reset_Handler
    startup_stm32f103xb.o(RESET) refers to stm32f1xx_it.o(i.NMI_Handler) for NMI_Handler
    startup_stm32f103xb.o(RESET) refers to stm32f1xx_it.o(i.HardFault_Handler) for HardFault_Handler
    startup_stm32f103xb.o(RESET) refers to stm32f1xx_it.o(i.MemManage_Handler) for MemManage_Handler
    startup_stm32f103xb.o(RESET) refers to stm32f1xx_it.o(i.BusFault_Handler) for BusFault_Handler
    startup_stm32f103xb.o(RESET) refers to stm32f1xx_it.o(i.UsageFault_Handler) for UsageFault_Handler
    startup_stm32f103xb.o(RESET) refers to port.o(.emb_text) for SVC_Handler
    startup_stm32f103xb.o(RESET) refers to stm32f1xx_it.o(i.DebugMon_Handler) for DebugMon_Handler
    startup_stm32f103xb.o(RESET) refers to port.o(i.SysTick_Handler) for SysTick_Handler
    startup_stm32f103xb.o(RESET) refers to stm32f1xx_it.o(i.DMA1_Channel1_IRQHandler) for DMA1_Channel1_IRQHandler
    startup_stm32f103xb.o(RESET) refers to stm32f1xx_it.o(i.TIM3_IRQHandler) for TIM3_IRQHandler
    startup_stm32f103xb.o(RESET) refers to stm32f1xx_it.o(i.TIM4_IRQHandler) for TIM4_IRQHandler
    startup_stm32f103xb.o(.text) refers (Special) to heapauxi.o(.text) for __use_two_region_memory
    startup_stm32f103xb.o(.text) refers to system_stm32f1xx.o(i.SystemInit) for SystemInit
    startup_stm32f103xb.o(.text) refers to __main.o(!!!main) for __main
    startup_stm32f103xb.o(.text) refers to startup_stm32f103xb.o(HEAP) for Heap_Mem
    startup_stm32f103xb.o(.text) refers to startup_stm32f103xb.o(STACK) for Stack_Mem
    main.o(i.CAN_Handler) refers to stm32f1xx_hal_can.o(i.HAL_CAN_ConfigFilter) for HAL_CAN_ConfigFilter
    main.o(i.CAN_Handler) refers to stm32f1xx_hal_can.o(i.HAL_CAN_Start) for HAL_CAN_Start
    main.o(i.CAN_Handler) refers to main.o(i.SendVehicleStatus) for SendVehicleStatus
    main.o(i.CAN_Handler) refers to stm32f1xx_hal_can.o(i.HAL_CAN_GetRxFifoFillLevel) for HAL_CAN_GetRxFifoFillLevel
    main.o(i.CAN_Handler) refers to stm32f1xx_hal_can.o(i.HAL_CAN_GetRxMessage) for HAL_CAN_GetRxMessage
    main.o(i.CAN_Handler) refers to cmsis_os.o(i.osDelay) for osDelay
    main.o(i.CAN_Handler) refers to main.o(.bss) for .bss
    main.o(i.CAN_Handler) refers to main.o(.data) for .data
    main.o(i.Compute_Handler) refers to cmsis_os.o(i.osDelay) for osDelay
    main.o(i.Compute_Handler) refers to main.o(.data) for .data
    main.o(i.Compute_Handler) refers to main.o(.bss) for .bss
    main.o(i.Control_Handler) refers to stm32f1xx_hal_tim.o(i.HAL_TIM_PWM_Start) for HAL_TIM_PWM_Start
    main.o(i.Control_Handler) refers to liquidcrystal_i2c.o(i.lcd_init) for lcd_init
    main.o(i.Control_Handler) refers to dfplayer.o(i.DFPLAYER_Init) for DFPLAYER_Init
    main.o(i.Control_Handler) refers to dfplayer.o(i.DFPLAYER_SetVolume) for DFPLAYER_SetVolume
    main.o(i.Control_Handler) refers to stm32f1xx_hal_gpio.o(i.HAL_GPIO_WritePin) for HAL_GPIO_WritePin
    main.o(i.Control_Handler) refers to main.o(i.Servo360_Control) for Servo360_Control
    main.o(i.Control_Handler) refers to liquidcrystal_i2c.o(i.lcd_backlight_off) for lcd_backlight_off
    main.o(i.Control_Handler) refers to cmsis_os.o(i.osDelay) for osDelay
    main.o(i.Control_Handler) refers to liquidcrystal_i2c.o(i.lcd_backlight_on) for lcd_backlight_on
    main.o(i.Control_Handler) refers to liquidcrystal_i2c.o(i.lcd_set_cursor) for lcd_set_cursor
    main.o(i.Control_Handler) refers to liquidcrystal_i2c.o(i.lcd_printf) for lcd_printf
    main.o(i.Control_Handler) refers to main.o(.bss) for .bss
    main.o(i.Control_Handler) refers to main.o(.data) for .data
    main.o(i.HAL_TIM_PeriodElapsedCallback) refers to stm32f1xx_hal.o(i.HAL_IncTick) for HAL_IncTick
    main.o(i.HAL_UART_RxCpltCallback) refers to gps.o(i.GPS_UART_CallBack) for GPS_UART_CallBack
    main.o(i.HAL_UART_RxCpltCallback) refers to fflt_clz.o(x$fpl$ffltu) for __aeabi_ui2f
    main.o(i.HAL_UART_RxCpltCallback) refers to fdiv.o(x$fpl$fdiv) for __aeabi_fdiv
    main.o(i.HAL_UART_RxCpltCallback) refers to f2d.o(x$fpl$f2d) for __aeabi_f2d
    main.o(i.HAL_UART_RxCpltCallback) refers to round.o(i.round) for round
    main.o(i.HAL_UART_RxCpltCallback) refers to dflt_clz.o(x$fpl$dfltu) for __aeabi_ui2d
    main.o(i.HAL_UART_RxCpltCallback) refers to daddsub_clz.o(x$fpl$dadd) for __aeabi_dadd
    main.o(i.HAL_UART_RxCpltCallback) refers to dfixu.o(x$fpl$dfixu) for __aeabi_d2uiz
[...]
    .bss                                     0x2000195c   Section       96  libspace.o(.bss)
    HEAP                                     0x200019c0   Section      512  startup_stm32f103xb.o(HEAP)
    Heap_Mem                                 0x200019c0   Data         512  startup_stm32f103xb.o(HEAP)
    STACK                                    0x20001bc0   Section     1024  startup_stm32f103xb.o(STACK)
    Stack_Mem                                0x20001bc0   Data        1024  startup_stm32f103xb.o(STACK)
    __initial_sp                             0x20001fc0   Data           0  startup_stm32f103xb.o(STACK)

    Global Symbols

    Symbol Name                              Value     Ov Type        Size  Object(Section)

    BuildAttributes$$THM_ISAv4$P$D$K$B$S$PE$A:L22UL41UL21$X:L11$S22US41US21$IEEE1$IW$USESV6$~STKCKD$USESV7$~SHL$OTIME$ROPI$IEEEX$EBA8$UX$STANDARDLIB$REQ8$PRES8$EABIv2 0x00000000   Number         0  anon$$obj.o ABSOLUTE
    __ARM_use_no_argv                        0x00000000   Number         0  main.o ABSOLUTE
    _printf_flags                            0x00000000   Number         0  printf_stubs.o ABSOLUTE
    _printf_return_value                     0x00000000   Number         0  printf_stubs.o ABSOLUTE
    _printf_sizespec                         0x00000000   Number         0  printf_stubs.o ABSOLUTE
    _printf_widthprec                        0x00000000   Number         0  printf_stubs.o ABSOLUTE
    __ARM_exceptions_init                     - Undefined Weak Reference
    __alloca_initialize                       - Undefined Weak Reference
    __cpp_initialize__aeabi_                  - Undefined Weak Reference
    __cxa_finalize                            - Undefined Weak Reference
    __sigvec_lookup                           - Undefined Weak Reference
    _atexit_init                              - Undefined Weak Reference
    _call_atexit_fns                          - Undefined Weak Reference
    _clock_init                               - Undefined Weak Reference
    _fp_trap_init                             - Undefined Weak Reference
    _fp_trap_shutdown                         - Undefined Weak Reference
    _get_lc_collate                           - Undefined Weak Reference
    _get_lc_monetary                          - Undefined Weak Reference
    _get_lc_time                              - Undefined Weak Reference
    _getenv_init                              - Undefined Weak Reference
    _handle_redirection                       - Undefined Weak Reference
    _init_alloc                               - Undefined Weak Reference
    _init_user_alloc                          - Undefined Weak Reference
    _initio                                   - Undefined Weak Reference
    _printf_mbtowc                            - Undefined Weak Reference
    _printf_wc                                - Undefined Weak Reference
    _rand_init                                - Undefined Weak Reference
    _scanf_longlong                           - Undefined Weak Reference
    _scanf_mbtowc                             - Undefined Weak Reference
    _scanf_wctomb                             - Undefined Weak Reference
    _scanf_wstring                            - Undefined Weak Reference
    _signal_finish                            - Undefined Weak Reference
    _signal_init                              - Undefined Weak Reference
    _terminate_alloc                          - Undefined Weak Reference
    _terminate_user_alloc                     - Undefined Weak Reference
    _terminateio                              - Undefined Weak Reference
    __Vectors_Size                           0x000000ec   Number         0  startup_stm32f103xb.o ABSOLUTE
    __Vectors                                0x08000000   Data           4  startup_stm32f103xb.o(RESET)
    __Vectors_End                            0x080000ec   Data           0  startup_stm32f103xb.o(RESET)
    __main                                   0x080000ed   Thumb Code     8  __main.o(!!!main)
    __scatterload                            0x080000f5   Thumb Code     0  __scatter.o(!!!scatter)
    __scatterload_rt2                        0x080000f5   Thumb Code    44  __scatter.o(!!!scatter)
    __scatterload_rt2_thumb_only             0x080000f5   Thumb Code     0  __scatter.o(!!!scatter)
    __scatterload_null                       0x08000103   Thumb Code     0  __scatter.o(!!!scatter)
    __scatterload_copy                       0x08000129   Thumb Code    26  __scatter_copy.o(!!handler_copy)
    __scatterload_zeroinit                   0x08000145   Thumb Code    28  __scatter_zi.o(!!handler_zi)
    _printf_n                                0x08000161   Thumb Code     0  _printf_n.o(.ARM.Collect$$_printf_percent$$00000001)
    _printf_percent                          0x08000161   Thumb Code     0  _printf_percent.o(.ARM.Collect$$_printf_percent$$00000000)
    _printf_p                                0x08000167   Thumb Code     0  _printf_p.o(.ARM.Collect$$_printf_percent$$00000002)
    _printf_f                                0x0800016d   Thumb Code     0  _printf_f.o(.ARM.Collect$$_printf_percent$$00000003)
    _printf_e                                0x08000173   Thumb Code     0  _printf_e.o(.ARM.Collect$$_printf_percent$$00000004)
    _printf_g                                0x08000179   Thumb Code     0  _printf_g.o(.ARM.Collect$$_printf_percent$$00000005)
    _printf_a                                0x0800017f   Thumb Code     0  _printf_a.o(.ARM.Collect$$_printf_percent$$00000006)
    _printf_ll                               0x08000185   Thumb Code     0  _printf_ll.o(.ARM.Collect$$_printf_percent$$00000007)
    _printf_i                                0x0800018f   Thumb Code     0  _printf_i.o(.ARM.Collect$$_printf_percent$$00000008)
    _printf_d                                0x08000195   Thumb Code     0  _printf_d.o(.ARM.Collect$$_printf_percent$$00000009)
    _printf_u                                0x0800019b   Thumb Code     0  _printf_u.o(.ARM.Collect$$_printf_percent$$0000000A)
    _printf_o                                0x080001a1   Thumb Code     0  _printf_o.o(.ARM.Collect$$_printf_percent$$0000000B)
    _printf_x                                0x080001a7   Thumb Code     0  _printf_x.o(.ARM.Collect$$_printf_percent$$0000000C)
    _printf_lli                              0x080001ad   Thumb Code     0  _printf_lli.o(.ARM.Collect$$_printf_percent$$0000000D)
    _printf_lld                              0x080001b3   Thumb Code     0  _printf_lld.o(.ARM.Collect$$_printf_percent$$0000000E)
    _printf_llu                              0x080001b9   Thumb Code     0  _printf_llu.o(.ARM.Collect$$_printf_percent$$0000000F)
    _printf_llo                              0x080001bf   Thumb Code     0  _printf_llo.o(.ARM.Collect$$_printf_percent$$00000010)
    _printf_llx                              0x080001c5   Thumb Code     0  _printf_llx.o(.ARM.Collect$$_printf_percent$$00000011)
    _printf_l                                0x080001cb   Thumb Code     0  _printf_l.o(.ARM.Collect$$_printf_percent$$00000012)
    _printf_c                                0x080001d5   Thumb Code     0  _printf_c.o(.ARM.Collect$$_printf_percent$$00000013)
    _printf_s                                0x080001db   Thumb Code     0  _printf_s.o(.ARM.Collect$$_printf_percent$$00000014)
    _printf_lc                               0x080001e1   Thumb Code     0  _printf_lc.o(.ARM.Collect$$_printf_percent$$00000015)
    _printf_ls                               0x080001e7   Thumb Code     0  _printf_ls.o(.ARM.Collect$$_printf_percent$$00000016)
    _printf_percent_end                      0x080001ed   Thumb Code     0  _printf_percent_end.o(.ARM.Collect$$_printf_percent$$00000017)
    __rt_lib_init                            0x080001f1   Thumb Code     0  libinit.o(.ARM.Collect$$libinit$$00000000)
    __rt_lib_init_fp_1                       0x080001f3   Thumb Code     0  libinit2.o(.ARM.Collect$$libinit$$00000002)
    __rt_lib_init_heap_1                     0x080001f3   Thumb Code     0  libinit2.o(.ARM.Collect$$libinit$$00000008)
    __rt_lib_init_lc_common                  0x080001f3   Thumb Code     0  libinit2.o(.ARM.Collect$$libinit$$0000000D)
    __rt_lib_init_rand_1                     0x080001f3   Thumb Code     0  libinit2.o(.ARM.Collect$$libinit$$0000000C)
    __rt_lib_init_user_alloc_1               0x080001f3   Thumb Code     0  libinit2.o(.ARM.Collect$$libinit$$0000000A)
    __rt_lib_init_lc_collate_1               0x080001f9   Thumb Code     0  libinit2.o(.ARM.Collect$$libinit$$0000000F)
    __rt_lib_init_lc_ctype_2                 0x080001f9   Thumb Code     0  libinit2.o(.ARM.Collect$$libinit$$00000010)
    __rt_lib_init_lc_ctype_1                 0x08000205   Thumb Code     0  libinit2.o(.ARM.Collect$$libinit$$00000011)
    __rt_lib_init_lc_monetary_1              0x08000205   Thumb Code     0  libinit2.o(.ARM.Collect$$libinit$$00000013)
    __rt_lib_init_lc_numeric_2               0x08000205   Thumb Code     0  libinit2.o(.ARM.Collect$$libinit$$00000014)
    __rt_lib_init_alloca_1                   0x0800020f   Thumb Code     0  libinit2.o(.ARM.Collect$$libinit$$0000002C)
    __rt_lib_init_argv_1                     0x0800020f   Thumb Code     0  libinit2.o(.ARM.Collect$$libinit$$0000002A)
    __rt_lib_init_atexit_1                   0x0800020f   Thumb Code     0  libinit2.o(.ARM.Collect$$libinit$$00000019)
    __rt_lib_init_clock_1                    0x0800020f   Thumb Code     0  libinit2.o(.ARM.Collect$$libinit$$0000001F)
    __rt_lib_init_cpp_1                      0x0800020f   Thumb Code     0  libinit2.o(.ARM.Collect$$libinit$$00000030)
    __rt_lib_init_exceptions_1               0x0800020f   Thumb Code     0  libinit2.o(.ARM.Collect$$libinit$$0000002E)
    __rt_lib_init_fp_trap_1                  0x0800020f   Thumb Code     0  libinit2.o(.ARM.Collect$$libinit$$0000001D)
    __rt_lib_init_getenv_1                   0x0800020f   Thumb Code     0  libinit2.o(.ARM.Collect$$libinit$$00000021)
    __rt_lib_init_lc_numeric_1               0x0800020f   Thumb Code     0  libinit2.o(.ARM.Collect$$libinit$$00000015)
    __rt_lib_init_lc_time_1                  0x0800020f   Thumb Code     0  libinit2.o(.ARM.Collect$$libinit$$00000017)
    __rt_lib_init_return                     0x0800020f   Thumb Code     0  libinit2.o(.ARM.Collect$$libinit$$00000031)
    __rt_lib_init_signal_1                   0x0800020f   Thumb Code     0  libinit2.o(.ARM.Collect$$libinit$$0000001B)
    __rt_lib_init_stdio_1                    0x0800020f   Thumb Code     0  libinit2.o(.ARM.Collect$$libinit$$00000023)
    __rt_lib_shutdown                        0x08000211   Thumb Code     0  libshutdown.o(.ARM.Collect$$libshutdown$$00000000)
    __rt_lib_shutdown_fp_trap_1              0x08000213   Thumb Code     0  libshutdown2.o(.ARM.Collect$$libshutdown$$00000006)
    __rt_lib_shutdown_heap_1                 0x08000213   Thumb Code     0  libshutdown2.o(.ARM.Collect$$libshutdown$$0000000E)
    __rt_lib_shutdown_return                 0x08000213   Thumb Code     0  libshutdown2.o(.ARM.Collect$$libshutdown$$0000000F)
    __rt_lib_shutdown_signal_1               0x08000213   Thumb Code     0  libshutdown2.o(.ARM.Collect$$libshutdown$$00000009)
    __rt_lib_shutdown_stdio_1                0x08000213   Thumb Code     0  libshutdown2.o(.ARM.Collect$$libshutdown$$00000003)
    __rt_lib_shutdown_user_alloc_1           0x08000213   Thumb Code     0  libshutdown2.o(.ARM.Collect$$libshutdown$$0000000B)
    __rt_entry                               0x08000215   Thumb Code     0  rtentry.o(.ARM.Collect$$rtentry$$00000000)
    __rt_entry_presh_1                       0x08000215   Thumb Code     0  rtentry2.o(.ARM.Collect$$rtentry$$00000002)
    __rt_entry_sh                            0x08000215   Thumb Code     0  rtentry4.o(.ARM.Collect$$rtentry$$00000004)
    __rt_entry_li                            0x0800021b   Thumb Code     0  rtentry2.o(.ARM.Collect$$rtentry$$0000000A)
    __rt_entry_postsh_1                      0x0800021b   Thumb Code     0  rtentry2.o(.ARM.Collect$$rtentry$$00000009)
    __rt_entry_main                          0x0800021f   Thumb Code     0  rtentry2.o(.ARM.Collect$$rtentry$$0000000D)
    __rt_entry_postli_1                      0x0800021f   Thumb Code     0  rtentry2.o(.ARM.Collect$$rtentry$$0000000C)
    __rt_exit                                0x08000227   Thumb Code     0  rtexit.o(.ARM.Collect$$rtexit$$00000000)
    __rt_exit_ls                             0x08000229   Thumb Code     0  rtexit2.o(.ARM.Collect$$rtexit$$00000003)
    __rt_exit_prels_1                        0x08000229   Thumb Code     0  rtexit2.o(.ARM.Collect$$rtexit$$00000002)
    __rt_exit_exit                           0x0800022d   Thumb Code     0  rtexit2.o(.ARM.Collect$$rtexit$$00000004)
    SVC_Handler                              0x08000235   Thumb Code    32  port.o(.emb_text)
    __asm___6_port_c_39a90d8d__prvStartFirstTask 0x08000259   Thumb Code    28  port.o(.emb_text)
    PendSV_Handler                           0x08000279   Thumb Code    72  port.o(.emb_text)
    vPortGetIPSR                             0x080002c5   Thumb Code     6  port.o(.emb_text)
    Reset_Handler                            0x080002cd   Thumb Code     8  startup_stm32f103xb.o(.text)
    ADC1_2_IRQHandler                        0x080002e7   Thumb Code     0  startup_stm32f103xb.o(.text)
    CAN1_RX1_IRQHandler                      0x080002e7   Thumb Code     0  startup_stm32f103xb.o(.text)
    CAN1_SCE_IRQHandler                      0x080002e7   Thumb Code     0  startup_stm32f103xb.o(.text)
    DMA1_Channel2_IRQHandler                 0x080002e7   Thumb Code     0  startup_stm32f103xb.o(.text)
    DMA1_Channel3_IRQHandler                 0x080002e7   Thumb Code     0  startup_stm32f103xb.o(.text)
    DMA1_Channel4_IRQHandler                 0x080002e7   Thumb Code     0  startup_stm32f103xb.o(.text)
    DMA1_Channel5_IRQHandler                 0x080002e7   Thumb Code     0  startup_stm32f103xb.o(.text)
    DMA1_Channel6_IRQHandler                 0x080002e7   Thumb Code     0  startup_stm32f103xb.o(.text)
    DMA1_Channel7_IRQHandler                 0x080002e7   Thumb Code     0  startup_stm32f103xb.o(.text)
    EXTI0_IRQHandler                         0x080002e7   Thumb Code     0  startup_stm32f103xb.o(.text)
    EXTI15_10_IRQHandler                     0x080002e7   Thumb Code     0  startup_stm32f103xb.o(.text)
    EXTI1_IRQHandler                         0x080002e7   Thumb Code     0  startup_stm32f103xb.o(.text)
    EXTI2_IRQHandler                         0x080002e7   Thumb Code     0  startup_stm32f103xb.o(.text)
    EXTI3_IRQHandler                         0x080002e7   Thumb Code     0  startup_stm32f103xb.o(.text)
    EXTI4_IRQHandler                         0x080002e7   Thumb Code     0  startup_stm32f103xb.o(.text)
    EXTI9_5_IRQHandler                       0x080002e7   Thumb Code     0  startup_stm32f103xb.o(.text)
    FLASH_IRQHandler                         0x080002e7   Thumb Code     0  startup_stm32f103xb.o(.text)
    I2C1_ER_IRQHandler                       0x080002e7   Thumb Code     0  startup_stm32f103xb.o(.text)
    I2C1_EV_IRQHandler                       0x080002e7   Thumb Code     0  startup_stm32f103xb.o(.text)
    I2C2_ER_IRQHandler                       0x080002e7   Thumb Code     0  startup_stm32f103xb.o(.text)
    I2C2_EV_IRQHandler                       0x080002e7   Thumb Code     0  startup_stm32f103xb.o(.text)
    PVD_IRQHandler                           0x080002e7   Thumb Code     0  startup_stm32f103xb.o(.text)
    RCC_IRQHandler                           0x080002e7   Thumb Code     0  startup_stm32f103xb.o(.text)
    RTC_Alarm_IRQHandler                     0x080002e7   Thumb Code     0  startup_stm32f103xb.o(.text)
    RTC_IRQHandler                           0x080002e7   Thumb Code     0  startup_stm32f103xb.o(.text)
    SPI1_IRQHandler                          0x080002e7   Thumb Code     0  startup_stm32f103xb.o(.text)
    SPI2_IRQHandler                          0x080002e7   Thumb Code     0  startup_stm32f103xb.o(.text)
    TAMPER_IRQHandler                        0x080002e7   Thumb Code     0  startup_stm32f103xb.o(.text)
    TIM1_BRK_IRQHandler                      0x080002e7   Thumb Code     0  startup_stm32f103xb.o(.text)
    TIM1_CC_IRQHandler                       0x080002e7   Thumb Code     0  startup_stm32f103xb.o(.text)
    TIM1_TRG_COM_IRQHandler                  0x080002e7   Thumb Code     0  startup_stm32f103xb.o(.text)
    TIM1_UP_IRQHandler                       0x080002e7   Thumb Code     0  startup_stm32f103xb.o(.text)
    TIM2_IRQHandler                          0x080002e7   Thumb Code     0  startup_stm32f103xb.o(.text)
    USART1_IRQHandler                        0x080002e7   Thumb Code     0  startup_stm32f103xb.o(.text)
    USART2_IRQHandler                        0x080002e7   Thumb Code     0  startup_stm32f103xb.o(.text)
    USART3_IRQHandler                        0x080002e7   Thumb Code     0  startup_stm32f103xb.o(.text)
    USBWakeUp_IRQHandler                     0x080002e7   Thumb Code     0  startup_stm32f103xb.o(.text)
    USB_HP_CAN1_TX_IRQHandler                0x080002e7   Thumb Code     0  startup_stm32f103xb.o(.text)
    USB_LP_CAN1_RX0_IRQHandler               0x080002e7   Thumb Code     0  startup_stm32f103xb.o(.text)
    WWDG_IRQHandler                          0x080002e7   Thumb Code     0  startup_stm32f103xb.o(.text)
    __user_initial_stackheap                 0x080002e9   Thumb Code     0  startup_stm32f103xb.o(.text)
    vsprintf                                 0x0800030d   Thumb Code    32  vsprintf.o(.text)
    _printf_pre_padding                      0x08000331   Thumb Code    46  _printf_pad.o(.text)
    _printf_post_padding                     0x0800035f   Thumb Code    36  _printf_pad.o(.text)
    _printf_longlong_hex                     0x08000385   Thumb Code    92  _printf_hex_int_ll_ptr.o(.text)
    _printf_int_hex                          0x080003e1   Thumb Code    28  _printf_hex_int_ll_ptr.o(.text)
    _printf_ll_hex                           0x080003fd   Thumb Code    12  _printf_hex_int_ll_ptr.o(.text)
    _printf_hex_ptr                          0x08000409   Thumb Code    18  _printf_hex_int_ll_ptr.o(.text)
    __printf                                 0x08000421   Thumb Code   390  __printf_flags_ss_wp.o(.text)
    strlen                                   0x080005ad   Thumb Code    62  strlen.o(.text)
    __aeabi_memcpy                           0x080005eb   Thumb Code     0  rt_memcpy_v6.o(.text)
    __rt_memcpy                              0x080005eb   Thumb Code   138  rt_memcpy_v6.o(.text)
    _memcpy_lastbytes                        0x08000651   Thumb Code     0  rt_memcpy_v6.o(.text)
    __aeabi_memcpy4                          0x08000675   Thumb Code     0  rt_memcpy_w.o(.text)
    __aeabi_memcpy8                          0x08000675   Thumb Code     0  rt_memcpy_w.o(.text)
    __rt_memcpy_w                            0x08000675   Thumb Code   100  rt_memcpy_w.o(.text)
    _memcpy_lastbytes_aligned                0x080006bd   Thumb Code     0  rt_memcpy_w.o(.text)
    __aeabi_memclr4                          0x080006d9   Thumb Code     0  rt_memclr_w.o(.text)
    __aeabi_memclr8                          0x080006d9   Thumb Code     0  rt_memclr_w.o(.text)
    __rt_memclr_w                            0x080006d9   Thumb Code    78  rt_memclr_w.o(.text)
    _memset_w                                0x080006dd   Thumb Code     0  rt_memclr_w.o(.text)
    __use_two_region_memory                  0x08000727   Thumb Code     2  heapauxi.o(.text)
    __rt_heap_escrow$2region                 0x08000729   Thumb Code     2  heapauxi.o(.text)
    __rt_heap_expand$2region                 0x0800072b   Thumb Code     2  heapauxi.o(.text)
    _printf_truncate_signed                  0x0800072d   Thumb Code    18  _printf_truncate.o(.text)
    _printf_truncate_unsigned                0x0800073f   Thumb Code    18  _printf_truncate.o(.text)
    _printf_str                              0x08000751   Thumb Code    82  _printf_str.o(.text)
    _printf_int_common                       0x080007a3   Thumb Code   184  _printf_intcommon.o(.text)
    _printf_int_dec                          0x0800085d   Thumb Code   102  _printf_dec.o(.text)
    _printf_charcount                        0x080008d5   Thumb Code    42  _printf_charcount.o(.text)
    _printf_char_common                      0x0800090b   Thumb Code    32  _printf_char_common.o(.text)
    _sputc                                   0x08000931   Thumb Code    10  _sputc.o(.text)
    _printf_wctomb                           0x0800093d   Thumb Code   182  _printf_wctomb.o(.text)
    _printf_longlong_dec                     0x080009f9   Thumb Code   104  _printf_longlong_dec.o(.text)
    _printf_longlong_oct                     0x08000a71   Thumb Code    76  _printf_oct_int_ll.o(.text)
    _printf_int_oct                          0x08000abd   Thumb Code    24  _printf_oct_int_ll.o(.text)
    _printf_ll_oct                           0x08000ad5   Thumb Code    12  _printf_oct_int_ll.o(.text)
    __rt_locale                              0x08000ae9   Thumb Code     8  rt_locale_intlibspace.o(.text)
    _ll_udiv10                               0x08000af1   Thumb Code   138  lludiv10.o(.text)
    __lib_sel_fp_printf                      0x08000b7b   Thumb Code     2  _printf_fp_dec.o(.text)
    _printf_fp_dec_real                      0x08000d27   Thumb Code   628  _printf_fp_dec.o(.text)
    _printf_fp_hex_real                      0x08000f9d   Thumb Code   760  _printf_fp_hex.o(.text)
    _printf_cs_common                        0x0800129d   Thumb Code    20  _printf_char.o(.text)
    _printf_char                             0x080012b1   Thumb Code    16  _printf_char.o(.text)
    _printf_string                           0x080012c1   Thumb Code     8  _printf_char.o(.text)
    _printf_lcs_common                       0x080012c9   Thumb Code    20  _printf_wchar.o(.text)
    _printf_wchar                            0x080012dd   Thumb Code    16  _printf_wchar.o(.text)
    _printf_wstring                          0x080012ed   Thumb Code     8  _printf_wchar.o(.text)
    _btod_etento                             0x080012f5   Thumb Code   222  bigflt0.o(.text)
    _wcrtomb                                 0x080013d9   Thumb Code    64  _wcrtomb.o(.text)
    __user_libspace                          0x08001419   Thumb Code     8  libspace.o(.text)
    __user_perproc_libspace                  0x08001419   Thumb Code     0  libspace.o(.text)
    __user_perthread_libspace                0x08001419   Thumb Code     0  libspace.o(.text)
    __user_setup_stackheap                   0x08001421   Thumb Code    74  sys_stackheap_outer.o(.text)
    __rt_ctype_table                         0x0800146d   Thumb Code    16  rt_ctype_table.o(.text)
    _printf_fp_infnan                        0x0800147d   Thumb Code   112  _printf_fp_infnan.o(.text)
    exit                                     0x080014fd   Thumb Code    12  exit.o(.text)
    strcmp                                   0x08001509   Thumb Code   128  strcmpv7m.o(.text)
    _sys_exit                                0x08001589   Thumb Code     8  sys_exit.o(.text)
    __I$use$semihosting                      0x08001595   Thumb Code     0  use_no_semi.o(.text)
    __use_no_semihosting_swi                 0x08001595   Thumb Code     2  use_no_semi.o(.text)
    __semihosting_library_function           0x08001597   Thumb Code     0  indicate_semi.o(.text)
    _btod_d2e                                0x08001597   Thumb Code    62  btod.o(CL$$btod_d2e)
    _d2e_denorm_low                          0x080015d5   Thumb Code    70  btod.o(CL$$btod_d2e_denorm_low)
    _d2e_norm_op1                            0x0800161b   Thumb Code    96  btod.o(CL$$btod_d2e_norm_op1)
    __btod_div_common                        0x0800167b   Thumb Code   696  btod.o(CL$$btod_div_common)
    _e2e                                     0x080019b3   Thumb Code   198  btod.o(CL$$btod_e2e)
    _btod_ediv                               0x08001a79   Thumb Code    40  btod.o(CL$$btod_ediv)
    _btod_emul                               0x08001aa1   Thumb Code    40  btod.o(CL$$btod_emul)
    __btod_mult_common                       0x08001ac9   Thumb Code   580  btod.o(CL$$btod_mult_common)
    ADC_ConversionStop_Disable               0x08001d0d   Thumb Code    86  stm32f1xx_hal_adc.o(i.ADC_ConversionStop_Disable)
    ADC_DMAConvCplt                          0x08001d63   Thumb Code    78  stm32f1xx_hal_adc.o(i.ADC_DMAConvCplt)
    ADC_DMAError                             0x08001db1   Thumb Code    26  stm32f1xx_hal_adc.o(i.ADC_DMAError)
    ADC_DMAHalfConvCplt                      0x08001dcb   Thumb Code    10  stm32f1xx_hal_adc.o(i.ADC_DMAHalfConvCplt)
    ADC_Enable                               0x08001dd5   Thumb Code   114  stm32f1xx_hal_adc.o(i.ADC_Enable)
    BusFault_Handler                         0x08001e51   Thumb Code     2  stm32f1xx_it.o(i.BusFault_Handler)
    CAN_Handler                              0x08001e55   Thumb Code   164  main.o(i.CAN_Handler)
    Compute_Handler                          0x08001f05   Thumb Code    40  main.o(i.Compute_Handler)
    Control_Handler                          0x08001f35   Thumb Code   518  main.o(i.Control_Handler)
    DFPLAYER_Init                            0x0800216d   Thumb Code    22  dfplayer.o(i.DFPLAYER_Init)
    DFPLAYER_PlayTrack                       0x08002189   Thumb Code    10  dfplayer.o(i.DFPLAYER_PlayTrack)
    DFPLAYER_SetVolume                       0x080021d7   Thumb Code    10  dfplayer.o(i.DFPLAYER_SetVolume)
    DFPLAYER_Stop                            0x080021e1   Thumb Code    10  dfplayer.o(i.DFPLAYER_Stop)
    DMA1_Channel1_IRQHandler                 0x080021ed   Thumb Code     6  stm32f1xx_it.o(i.DMA1_Channel1_IRQHandler)
    DebugMon_Handler                         0x08002223   Thumb Code     2  stm32f1xx_it.o(i.DebugMon_Handler)
    Error_Handler                            0x08002225   Thumb Code     4  main.o(i.Error_Handler)
    GPS_Init                                 0x08002229   Thumb Code     8  gps.o(i.GPS_Init)
    HAL_ADC_ConfigChannel                    0x08002235   Thumb Code   240  stm32f1xx_hal_adc.o(i.HAL_ADC_ConfigChannel)
    HAL_ADC_ConvCpltCallback                 0x08002331   Thumb Code     2  stm32f1xx_hal_adc.o(i.HAL_ADC_ConvCpltCallback)
    HAL_ADC_ConvHalfCpltCallback             0x08002333   Thumb Code     2  stm32f1xx_hal_adc.o(i.HAL_ADC_ConvHalfCpltCallback)
    HAL_ADC_ErrorCallback                    0x08002335   Thumb Code     2  stm32f1xx_hal_adc.o(i.HAL_ADC_ErrorCallback)
    HAL_ADC_Init                             0x08002339   Thumb Code   272  stm32f1xx_hal_adc.o(i.HAL_ADC_Init)
    HAL_ADC_MspInit                          0x08002455   Thumb Code   122  stm32f1xx_hal_msp.o(i.HAL_ADC_MspInit)
    HAL_ADC_Start_DMA                        0x080024e5   Thumb Code   246  stm32f1xx_hal_adc.o(i.HAL_ADC_Start_DMA)
    HAL_CAN_AddTxMessage                     0x080025f1   Thumb Code   188  stm32f1xx_hal_can.o(i.HAL_CAN_AddTxMessage)
    HAL_CAN_ConfigFilter                     0x080026ad   Thumb Code   238  stm32f1xx_hal_can.o(i.HAL_CAN_ConfigFilter)
    HAL_CAN_GetRxFifoFillLevel               0x0800279d   Thumb Code    34  stm32f1xx_hal_can.o(i.HAL_CAN_GetRxFifoFillLevel)
    HAL_CAN_GetRxMessage                     0x080027bf   Thumb Code   244  stm32f1xx_hal_can.o(i.HAL_CAN_GetRxMessage)
    HAL_CAN_Init                             0x080028b3   Thumb Code   282  stm32f1xx_hal_can.o(i.HAL_CAN_Init)
    HAL_CAN_MspInit                          0x080029cd   Thumb Code    96  stm32f1xx_hal_msp.o(i.HAL_CAN_MspInit)
    HAL_CAN_Start                            0x08002a39   Thumb Code    88  stm32f1xx_hal_can.o(i.HAL_CAN_Start)
    HAL_DMA_IRQHandler                       0x08002a91   Thumb Code   316  stm32f1xx_hal_dma.o(i.HAL_DMA_IRQHandler)
    HAL_DMA_Init                             0x08002be5   Thumb Code    88  stm32f1xx_hal_dma.o(i.HAL_DMA_Init)
    HAL_DMA_Start_IT                         0x08002c45   Thumb Code   112  stm32f1xx_hal_dma.o(i.HAL_DMA_Start_IT)
    HAL_Delay                                0x08002cb5   Thumb Code    32  stm32f1xx_hal.o(i.HAL_Delay)
    HAL_GPIO_Init                            0x08002cd9   Thumb Code   440  stm32f1xx_hal_gpio.o(i.HAL_GPIO_Init)
    HAL_GPIO_ReadPin                         0x08002eb1   Thumb Code    10  stm32f1xx_hal_gpio.o(i.HAL_GPIO_ReadPin)
    HAL_GPIO_WritePin                        0x08002ebb   Thumb Code    10  stm32f1xx_hal_gpio.o(i.HAL_GPIO_WritePin)
    HAL_GetTick                              0x08002ec5   Thumb Code     6  stm32f1xx_hal.o(i.HAL_GetTick)
    HAL_I2C_Init                             0x08002ed1   Thumb Code   364  stm32f1xx_hal_i2c.o(i.HAL_I2C_Init)
    HAL_I2C_Master_Transmit                  0x0800304d   Thumb Code   298  stm32f1xx_hal_i2c.o(i.HAL_I2C_Master_Transmit)
    HAL_I2C_MspInit                          0x08003181   Thumb Code    80  stm32f1xx_hal_msp.o(i.HAL_I2C_MspInit)
    HAL_IncTick                              0x080031dd   Thumb Code    12  stm32f1xx_hal.o(i.HAL_IncTick)
    HAL_Init                                 0x080031ed   Thumb Code    32  stm32f1xx_hal.o(i.HAL_Init)
    HAL_InitTick                             0x08003211   Thumb Code   132  stm32f1xx_hal_timebase_tim.o(i.HAL_InitTick)
    HAL_MspInit                              0x080032a9   Thumb Code    62  stm32f1xx_hal_msp.o(i.HAL_MspInit)
    HAL_NVIC_EnableIRQ                       0x080032f1   Thumb Code    28  stm32f1xx_hal_cortex.o(i.HAL_NVIC_EnableIRQ)
    HAL_NVIC_SetPriority                     0x0800330d   Thumb Code    60  stm32f1xx_hal_cortex.o(i.HAL_NVIC_SetPriority)
    HAL_NVIC_SetPriorityGrouping             0x0800334d   Thumb Code    26  stm32f1xx_hal_cortex.o(i.HAL_NVIC_SetPriorityGrouping)
    HAL_RCCEx_PeriphCLKConfig                0x08003371   Thumb Code   226  stm32f1xx_hal_rcc_ex.o(i.HAL_RCCEx_PeriphCLKConfig)
    HAL_RCC_ClockConfig                      0x08003461   Thumb Code   280  stm32f1xx_hal_rcc.o(i.HAL_RCC_ClockConfig)
    HAL_RCC_GetClockConfig                   0x0800358d   Thumb Code    54  stm32f1xx_hal_rcc.o(i.HAL_RCC_GetClockConfig)
    HAL_RCC_GetPCLK1Freq                     0x080035cd   Thumb Code    20  stm32f1xx_hal_rcc.o(i.HAL_RCC_GetPCLK1Freq)
    HAL_RCC_GetPCLK2Freq                     0x080035ed   Thumb Code    20  stm32f1xx_hal_rcc.o(i.HAL_RCC_GetPCLK2Freq)
    HAL_RCC_GetSysClockFreq                  0x0800360d   Thumb Code    58  stm32f1xx_hal_rcc.o(i.HAL_RCC_GetSysClockFreq)
    HAL_RCC_OscConfig                        0x08003659   Thumb Code   786  stm32f1xx_hal_rcc.o(i.HAL_RCC_OscConfig)
    HAL_TIMEx_BreakCallback                  0x08003981   Thumb Code     2  stm32f1xx_hal_tim_ex.o(i.HAL_TIMEx_BreakCallback)
    HAL_TIMEx_CommutCallback                 0x08003983   Thumb Code     2  stm32f1xx_hal_tim_ex.o(i.HAL_TIMEx_CommutCallback)
    HAL_TIMEx_MasterConfigSynchronization    0x08003985   Thumb Code    90  stm32f1xx_hal_tim_ex.o(i.HAL_TIMEx_MasterConfigSynchronization)
    HAL_TIM_Base_Init                        0x080039ed   Thumb Code    72  stm32f1xx_hal_tim.o(i.HAL_TIM_Base_Init)
    HAL_TIM_Base_MspInit                     0x08003a35   Thumb Code    72  stm32f1xx_hal_msp.o(i.HAL_TIM_Base_MspInit)
    HAL_TIM_Base_Start_IT                    0x08003a85   Thumb Code    76  stm32f1xx_hal_tim.o(i.HAL_TIM_Base_Start_IT)
    HAL_TIM_ConfigClockSource                0x08003add   Thumb Code   218  stm32f1xx_hal_tim.o(i.HAL_TIM_ConfigClockSource)
    HAL_TIM_IC_CaptureCallback               0x08003bb7   Thumb Code     2  stm32f1xx_hal_tim.o(i.HAL_TIM_IC_CaptureCallback)
    HAL_TIM_IRQHandler                       0x08003bb9   Thumb Code   304  stm32f1xx_hal_tim.o(i.HAL_TIM_IRQHandler)
    HAL_TIM_MspPostInit                      0x08003ce9   Thumb Code    62  stm32f1xx_hal_msp.o(i.HAL_TIM_MspPostInit)
    HAL_TIM_OC_DelayElapsedCallback          0x08003d31   Thumb Code     2  stm32f1xx_hal_tim.o(i.HAL_TIM_OC_DelayElapsedCallback)
    HAL_TIM_PWM_ConfigChannel                0x08003d33   Thumb Code   204  stm32f1xx_hal_tim.o(i.HAL_TIM_PWM_ConfigChannel)
    HAL_TIM_PWM_Init                         0x08003dff   Thumb Code    72  stm32f1xx_hal_tim.o(i.HAL_TIM_PWM_Init)
    HAL_TIM_PWM_MspInit                      0x08003e47   Thumb Code     2  stm32f1xx_hal_tim.o(i.HAL_TIM_PWM_MspInit)
    HAL_TIM_PWM_PulseFinishedCallback        0x08003e49   Thumb Code     2  stm32f1xx_hal_tim.o(i.HAL_TIM_PWM_PulseFinishedCallback)
    HAL_TIM_PWM_Start                        0x08003e4d   Thumb Code   144  stm32f1xx_hal_tim.o(i.HAL_TIM_PWM_Start)
    HAL_TIM_PeriodElapsedCallback            0x08003ee9   Thumb Code    14  main.o(i.HAL_TIM_PeriodElapsedCallback)
    HAL_TIM_TriggerCallback                  0x08003efd   Thumb Code     2  stm32f1xx_hal_tim.o(i.HAL_TIM_TriggerCallback)
    HAL_UART_Init                            0x08003eff   Thumb Code   100  stm32f1xx_hal_uart.o(i.HAL_UART_Init)
    HAL_UART_MspInit                         0x08003f65   Thumb Code   156  stm32f1xx_hal_msp.o(i.HAL_UART_MspInit)
    HAL_UART_Receive_IT                      0x08004011   Thumb Code    28  stm32f1xx_hal_uart.o(i.HAL_UART_Receive_IT)
    HAL_UART_Transmit                        0x0800402d   Thumb Code   160  stm32f1xx_hal_uart.o(i.HAL_UART_Transmit)
    HardFault_Handler                        0x080040cd   Thumb Code     2  stm32f1xx_it.o(i.HardFault_Handler)
    InitVehicleData                          0x08004395   Thumb Code    36  main.o(i.InitVehicleData)
    Input_Handler                            0x080043bd   Thumb Code   446  main.o(i.Input_Handler)
    MemManage_Handler                        0x0800484d   Thumb Code     2  stm32f1xx_it.o(i.MemManage_Handler)
    NMI_Handler                              0x0800484f   Thumb Code     2  stm32f1xx_it.o(i.NMI_Handler)
    Notify_Handler                           0x08004851   Thumb Code   152  main.o(i.Notify_Handler)
    SendVehicleStatus                        0x080048f5   Thumb Code   178  main.o(i.SendVehicleStatus)
    Servo360_Control                         0x080049b5   Thumb Code    46  main.o(i.Servo360_Control)
    StartDefaultTask                         0x080049e9   Thumb Code     8  main.o(i.StartDefaultTask)
    SysTick_Handler                          0x080049f1   Thumb Code    38  port.o(i.SysTick_Handler)
    SystemClock_Config                       0x08004a1d   Thumb Code   118  main.o(i.SystemClock_Config)
    SystemInit                               0x08004a93   Thumb Code     2  system_stm32f1xx.o(i.SystemInit)
    TIM3_IRQHandler                          0x08004a95   Thumb Code     6  stm32f1xx_it.o(i.TIM3_IRQHandler)
    TIM4_IRQHandler                          0x08004aa1   Thumb Code     6  stm32f1xx_it.o(i.TIM4_IRQHandler)
    TIM_Base_SetConfig                       0x08004aad   Thumb Code   108  stm32f1xx_hal_tim.o(i.TIM_Base_SetConfig)
    TIM_CCxChannelCmd                        0x08004b25   Thumb Code    26  stm32f1xx_hal_tim.o(i.TIM_CCxChannelCmd)
    TIM_ETR_SetConfig                        0x08004b3f   Thumb Code    20  stm32f1xx_hal_tim.o(i.TIM_ETR_SetConfig)
    TIM_OC2_SetConfig                        0x08004bb5   Thumb Code    84  stm32f1xx_hal_tim.o(i.TIM_OC2_SetConfig)
    UART_Start_Receive_IT                    0x08004dc9   Thumb Code    54  stm32f1xx_hal_uart.o(i.UART_Start_Receive_IT)
    UsageFault_Handler                       0x08004e71   Thumb Code     2  stm32f1xx_it.o(i.UsageFault_Handler)
    __ARM_fpclassify                         0x08004e73   Thumb Code    40  fpclassify.o(i.__ARM_fpclassify)
    __ARM_fpclassifyf                        0x08004e9b   Thumb Code    38  fpclassifyf.o(i.__ARM_fpclassifyf)
    __mathlib_flt_underflow                  0x08004ee1   Thumb Code    10  funder.o(i.__mathlib_flt_underflow)
    _is_digit                                0x08004eeb   Thumb Code    14  __printf_wp.o(i._is_digit)
    atan2f                                   0x08004ef9   Thumb Code   520  atan2f.o(i.atan2f)
    lcd_backlight_off                        0x0800514d   Thumb Code    28  liquidcrystal_i2c.o(i.lcd_backlight_off)
    lcd_backlight_on                         0x08005169   Thumb Code    28  liquidcrystal_i2c.o(i.lcd_backlight_on)
    lcd_init                                 0x08005185   Thumb Code   102  liquidcrystal_i2c.o(i.lcd_init)
    lcd_printf                               0x080051eb   Thumb Code    58  liquidcrystal_i2c.o(i.lcd_printf)
    lcd_set_cursor                           0x080052ad   Thumb Code    26  liquidcrystal_i2c.o(i.lcd_set_cursor)
    lcd_set_cursor_blink_off                 0x080052cd   Thumb Code    16  liquidcrystal_i2c.o(i.lcd_set_cursor_blink_off)
    main                                     0x080052dd   Thumb Code   314  main.o(i.main)
    osDelay                                  0x08005449   Thumb Code    16  cmsis_os.o(i.osDelay)
    osKernelStart                            0x08005459   Thumb Code    10  cmsis_os.o(i.osKernelStart)
    osThreadCreate                           0x08005463   Thumb Code    92  cmsis_os.o(i.osThreadCreate)
    pvPortMalloc                             0x08005841   Thumb Code   224  heap_4.o(i.pvPortMalloc)
    pxPortInitialiseStack                    0x08005929   Thumb Code    30  port.o(i.pxPortInitialiseStack)
    uxListRemove                             0x0800594d   Thumb Code    38  list.o(i.uxListRemove)
    vApplicationGetIdleTaskMemory            0x08005975   Thumb Code    16  freertos.o(i.vApplicationGetIdleTaskMemory)
    vListInitialise                          0x08005989   Thumb Code    22  list.o(i.vListInitialise)
    vListInitialiseItem                      0x0800599f   Thumb Code     6  list.o(i.vListInitialiseItem)
    vListInsert                              0x080059a5   Thumb Code    54  list.o(i.vListInsert)
    vListInsertEnd                           0x080059db   Thumb Code    24  list.o(i.vListInsertEnd)
    vPortEnterCritical                       0x080059f5   Thumb Code    54  port.o(i.vPortEnterCritical)
    vPortExitCritical                        0x08005a35   Thumb Code    38  port.o(i.vPortExitCritical)
    vPortFree                                0x08005a61   Thumb Code    94  heap_4.o(i.vPortFree)
    vPortSetupTimerInterrupt                 0x08005ac5   Thumb Code    32  port.o(i.vPortSetupTimerInterrupt)
    vTaskDelay                               0x08005ae9   Thumb Code    70  tasks.o(i.vTaskDelay)
    vTaskStartScheduler                      0x08005b39   Thumb Code   118  tasks.o(i.vTaskStartScheduler)
    vTaskSuspendAll                          0x08005bc1   Thumb Code    10  tasks.o(i.vTaskSuspendAll)
    vTaskSwitchContext                       0x08005bd1   Thumb Code    86  tasks.o(i.vTaskSwitchContext)
    xPortStartScheduler                      0x08005c31   Thumb Code   168  port.o(i.xPortStartScheduler)
    xTaskCreate                              0x08005ce5   Thumb Code   106  tasks.o(i.xTaskCreate)
    xTaskCreateStatic                        0x08005d4f   Thumb Code    96  tasks.o(i.xTaskCreateStatic)
    xTaskIncrementTick                       0x08005db1   Thumb Code   202  tasks.o(i.xTaskIncrementTick)
    xTaskResumeAll                           0x08005e85   Thumb Code   190  tasks.o(i.xTaskResumeAll)
    _get_lc_numeric                          0x08005f51   Thumb Code    44  lc_numeric_c.o(locale$$code)
    _get_lc_ctype                            0x08005f7d   Thumb Code    44  lc_ctype_c.o(locale$$code)
    __aeabi_d2f                              0x08005fa9   Thumb Code     0  d2f.o(x$fpl$d2f)
    _d2f                                     0x08005fa9   Thumb Code    98  d2f.o(x$fpl$d2f)
    __aeabi_ddiv                             0x0800600d   Thumb Code     0  ddiv.o(x$fpl$ddiv)
    _ddiv                                    0x0800600d   Thumb Code   552  ddiv.o(x$fpl$ddiv)
    __fpl_dnaninf                            0x080062bd   Thumb Code   156  dnaninf.o(x$fpl$dnaninf)
    __fpl_dretinf                            0x08006359   Thumb Code    12  dretinf.o(x$fpl$dretinf)
    __aeabi_f2d                              0x08006365   Thumb Code     0  f2d.o(x$fpl$f2d)
    _f2d                                     0x08006365   Thumb Code    86  f2d.o(x$fpl$f2d)
    __aeabi_fadd                             0x080063bd   Thumb Code     0  faddsub_clz.o(x$fpl$fadd)
    _fadd                                    0x080063bd   Thumb Code   196  faddsub_clz.o(x$fpl$fadd)
    __fpl_fcheck_NaN1                        0x08006481   Thumb Code     6  fcheck1.o(x$fpl$fcheck1)
    __aeabi_fdiv                             0x0800648d   Thumb Code     0  fdiv.o(x$fpl$fdiv)
    _fdiv                                    0x0800648d   Thumb Code   384  fdiv.o(x$fpl$fdiv)
    __aeabi_i2f                              0x08006611   Thumb Code     0  fflt_clz.o(x$fpl$fflt)
    _fflt                                    0x08006611   Thumb Code    48  fflt_clz.o(x$fpl$fflt)
    __aeabi_fmul                             0x08006641   Thumb Code     0  fmul.o(x$fpl$fmul)
    _fmul                                    0x08006641   Thumb Code   258  fmul.o(x$fpl$fmul)
    __fpl_fnaninf                            0x08006743   Thumb Code   140  fnaninf.o(x$fpl$fnaninf)
    __fpl_fretinf                            0x080067cf   Thumb Code    10  fretinf.o(x$fpl$fretinf)
    __aeabi_frsub                            0x080067d9   Thumb Code     0  faddsub_clz.o(x$fpl$frsb)
    _frsb                                    0x080067d9   Thumb Code    20  faddsub_clz.o(x$fpl$frsb)
    __aeabi_fsub                             0x080067ed   Thumb Code     0  faddsub_clz.o(x$fpl$fsub)
    _fsub                                    0x080067ed   Thumb Code   234  faddsub_clz.o(x$fpl$fsub)
    _printf_fp_dec                           0x080068d7   Thumb Code     4  printf1.o(x$fpl$printf1)
    _printf_fp_hex                           0x080068db   Thumb Code     4  printf2.o(x$fpl$printf2)
    __fpl_return_NaN                         0x080068df   Thumb Code   100  retnan.o(x$fpl$retnan)
    __ARM_scalbnf                            0x08006943   Thumb Code    76  scalbnf.o(x$fpl$scalbnf)
    __fpl_cmpreturn                          0x0800698f   Thumb Code    48  trapv.o(x$fpl$trapveneer)
    __I$use$fp                               0x080069be   Number         0  usenofp.o(x$fpl$usenofp)
    AHBPrescTable                            0x08006a7a   Data          16  system_stm32f1xx.o(.constdata)
    APBPrescTable                            0x08006a8a   Data           8  system_stm32f1xx.o(.constdata)
    Region$$Table$$Base                      0x08006be0   Number         0  anon$$obj.o(Region$$Table)
    Region$$Table$$Limit                     0x08006c00   Number         0  anon$$obj.o(Region$$Table)
    __ctype                                  0x08006c29   Data           0  lc_ctype_c.o(locale$$data)
    air_condition_temp                       0x20000000   Data           1  main.o(.data)
    speed_limit                              0x20000001   Data           1  main.o(.data)
    can_send_flag                            0x20000002   Data           1  main.o(.data)
    warning_notify_flag                      0x20000003   Data           1  main.o(.data)
    frame_count                              0x20000004   Data           1  main.o(.data)
    warning_code                             0x20000005   Data           1  main.o(.data)
    joystick_x                               0x20000008   Data           4  main.o(.data)
    joystick_y                               0x2000000c   Data           4  main.o(.data)
    distance_metter                          0x20000010   Data           4  main.o(.data)
    arrived_time_s                           0x20000014   Data           4  main.o(.data)
    defaultTaskHandle                        0x20000018   Data           4  main.o(.data)
    CAN_HandleHandle                         0x2000001c   Data           4  main.o(.data)
    Input_HandleHandle                       0x20000020   Data           4  main.o(.data)
    Compute_HandleHandle                     0x20000024   Data           4  main.o(.data)
    Control_HandleHandle                     0x20000028   Data           4  main.o(.data)
    Notify_HandleHandle                      0x2000002c   Data           4  main.o(.data)
    pu32Mailbox                              0x20000030   Data           4  main.o(.data)
    data_ptr                                 0x20000034   Data           4  main.o(.data)
    data_size                                0x20000038   Data           4  main.o(.data)
    adc_buffer                               0x2000003c   Data           8  main.o(.data)
    uwTickFreq                               0x20000044   Data           1  stm32f1xx_hal.o(.data)
    uwTickPrio                               0x20000048   Data           4  stm32f1xx_hal.o(.data)
    uwTick                                   0x2000004c   Data           4  stm32f1xx_hal.o(.data)
    SystemCoreClock                          0x20000050   Data           4  system_stm32f1xx.o(.data)
    pxCurrentTCB                             0x20000054   Data           4  tasks.o(.data)
    rx_data                                  0x200000bc   Data           1  gps.o(.data)
    rx_index                                 0x200000bd   Data           1  gps.o(.data)
    SendFrame                                0x200000be   Data          10  dfplayer.o(.data)
    vehicle_data                             0x200000c8   Data          21  main.o(.bss)
    hadc1                                    0x200000e0   Data          48  main.o(.bss)
    hcan                                     0x20000110   Data          40  main.o(.bss)
    hi2c1                                    0x20000138   Data          84  main.o(.bss)
    htim2                                    0x2000018c   Data          72  main.o(.bss)
    htim3                                    0x200001d4   Data          72  main.o(.bss)
    huart1                                   0x2000021c   Data          72  main.o(.bss)
    huart2                                   0x20000264   Data          72  main.o(.bss)
    TxMsg                                    0x200002ac   Data          24  main.o(.bss)
    hlcd                                     0x200002c4   Data          12  main.o(.bss)
    mp3                                      0x200002d0   Data          16  main.o(.bss)
    GPS                                      0x200002e0   Data          88  main.o(.bss)
    hdma_adc1                                0x2000058c   Data          68  main.o(.bss)
    htim4                                    0x20000824   Data          72  stm32f1xx_hal_timebase_tim.o(.bss)
    __libspace_start                         0x2000195c   Data          96  libspace.o(.bss)
    __temporary_stack_top$libspace           0x200019bc   Data           0  libspace.o(.bss)



==============================================================================

Memory Map of the image

  Image Entry point : 0x080000ed

  Load Region LR_IROM1 (Base: 0x08000000, Size: 0x00006df4, Max: 0x00010000, ABSOLUTE)

    Execution Region ER_IROM1 (Base: 0x08000000, Size: 0x00006d2c, Max: 0x00010000, ABSOLUTE)

    Base Addr    Size         Type   Attr      Idx    E Section Name        Object

    0x08000000   0x000000ec   Data   RO            3    RESET               startup_stm32f103xb.o
    0x080000ec   0x00000008   Code   RO         5566  * !!!main             c_w.l(__main.o)
    0x080000f4   0x00000034   Code   RO         5988    !!!scatter          c_w.l(__scatter.o)
    0x08000128   0x0000001a   Code   RO         5990    !!handler_copy      c_w.l(__scatter_copy.o)
    0x08000142   0x00000002   PAD
    0x08000144   0x0000001c   Code   RO         5992    !!handler_zi        c_w.l(__scatter_zi.o)
    0x08000160   0x00000000   Code   RO         5543    .ARM.Collect$$_printf_percent$$00000000  c_w.l(_printf_percent.o)
    0x08000160   0x00000006   Code   RO         5656    .ARM.Collect$$_printf_percent$$00000001  c_w.l(_printf_n.o)
    0x08000166   0x00000006   Code   RO         5657    .ARM.Collect$$_printf_percent$$00000002  c_w.l(_printf_p.o)
    0x0800016c   0x00000006   Code   RO         5662    .ARM.Collect$$_printf_percent$$00000003  c_w.l(_printf_f.o)
    0x08000172   0x00000006   Code   RO         5663    .ARM.Collect$$_printf_percent$$00000004  c_w.l(_printf_e.o)
    0x08000178   0x00000006   Code   RO         5664    .ARM.Collect$$_printf_percent$$00000005  c_w.l(_printf_g.o)
    0x0800017e   0x00000006   Code   RO         5665    .ARM.Collect$$_printf_percent$$00000006  c_w.l(_printf_a.o)
    0x08000184   0x0000000a   Code   RO         5670    .ARM.Collect$$_printf_percent$$00000007  c_w.l(_printf_ll.o)
    0x0800018e   0x00000006   Code   RO         5659    .ARM.Collect$$_printf_percent$$00000008  c_w.l(_printf_i.o)
    0x08000194   0x00000006   Code   RO         5660    .ARM.Collect$$_printf_percent$$00000009  c_w.l(_printf_d.o)
    0x0800019a   0x00000006   Code   RO         5661    .ARM.Collect$$_printf_percent$$0000000A  c_w.l(_printf_u.o)
    0x080001a0   0x00000006   Code   RO         5658    .ARM.Collect$$_printf_percent$$0000000B  c_w.l(_printf_o.o)
    0x080001a6   0x00000006   Code   RO         5542    .ARM.Collect$$_printf_percent$$0000000C  c_w.l(_printf_x.o)
    0x080001ac   0x00000006   Code   RO         5667    .ARM.Collect$$_printf_percent$$0000000D  c_w.l(_printf_lli.o)
    0x080001b2   0x00000006   Code   RO         5668    .ARM.Collect$$_printf_percent$$0000000E  c_w.l(_printf_lld.o)
    0x080001b8   0x00000006   Code   RO         5669    .ARM.Collect$$_printf_percent$$0000000F  c_w.l(_printf_llu.o)
    0x080001be   0x00000006   Code   RO         5674    .ARM.Collect$$_printf_percent$$00000010  c_w.l(_printf_llo.o)
    0x080001c4   0x00000006   Code   RO         5675    .ARM.Collect$$_printf_percent$$00000011  c_w.l(_printf_llx.o)
    0x080001ca   0x0000000a   Code   RO         5671    .ARM.Collect$$_printf_percent$$00000012  c_w.l(_printf_l.o)
    0x080001d4   0x00000006   Code   RO         5654    .ARM.Collect$$_printf_percent$$00000013  c_w.l(_printf_c.o)
    0x080001da   0x00000006   Code   RO         5655    .ARM.Collect$$_printf_percent$$00000014  c_w.l(_printf_s.o)
    0x080001e0   0x00000006   Code   RO         5672    .ARM.Collect$$_printf_percent$$00000015  c_w.l(_printf_lc.o)
    0x080001e6   0x00000006   Code   RO         5673    .ARM.Collect$$_printf_percent$$00000016  c_w.l(_printf_ls.o)
    0x080001ec   0x00000004   Code   RO         5666    .ARM.Collect$$_printf_percent$$00000017  c_w.l(_printf_percent_end.o)
    0x080001f0   0x00000002   Code   RO         5826    .ARM.Collect$$libinit$$00000000  c_w.l(libinit.o)
    0x080001f2   0x00000000   Code   RO         5828    .ARM.Collect$$libinit$$00000002  c_w.l(libinit2.o)
    0x080001f2   0x00000000   Code   RO         5831    .ARM.Collect$$libinit$$00000008  c_w.l(libinit2.o)
    0x080001f2   0x00000000   Code   RO         5833    .ARM.Collect$$libinit$$0000000A  c_w.l(libinit2.o)
    0x080001f2   0x00000000   Code   RO         5835    .ARM.Collect$$libinit$$0000000C  c_w.l(libinit2.o)
    0x080001f2   0x00000006   Code   RO         5836    .ARM.Collect$$libinit$$0000000D  c_w.l(libinit2.o)
    0x080001f8   0x00000000   Code   RO         5838    .ARM.Collect$$libinit$$0000000F  c_w.l(libinit2.o)
    0x080001f8   0x0000000c   Code   RO         5839    .ARM.Collect$$libinit$$00000010  c_w.l(libinit2.o)
    0x08000204   0x00000000   Code   RO         5840    .ARM.Collect$$libinit$$00000011  c_w.l(libinit2.o)
    0x08000204   0x00000000   Code   RO         5842    .ARM.Collect$$libinit$$00000013  c_w.l(libinit2.o)
    0x08000204   0x0000000a   Code   RO         5843    .ARM.Collect$$libinit$$00000014  c_w.l(libinit2.o)
    0x0800020e   0x00000000   Code   RO         5844    .ARM.Collect$$libinit$$00000015  c_w.l(libinit2.o)
    0x0800020e   0x00000000   Code   RO         5846    .ARM.Collect$$libinit$$00000017  c_w.l(libinit2.o)
    0x0800020e   0x00000000   Code   RO         5848    .ARM.Collect$$libinit$$00000019  c_w.l(libinit2.o)
    0x0800020e   0x00000000   Code   RO         5850    .ARM.Collect$$libinit$$0000001B  c_w.l(libinit2.o)
    0x0800020e   0x00000000   Code   RO         5852    .ARM.Collect$$libinit$$0000001D  c_w.l(libinit2.o)
    0x0800020e   0x00000000   Code   RO         5854    .ARM.Collect$$libinit$$0000001F  c_w.l(libinit2.o)
    0x0800020e   0x00000000   Code   RO         5856    .ARM.Collect$$libinit$$00000021  c_w.l(libinit2.o)
    0x0800020e   0x00000000   Code   RO         5858    .ARM.Collect$$libinit$$00000023  c_w.l(libinit2.o)
    0x0800020e   0x00000000   Code   RO         5862    .ARM.Collect$$libinit$$0000002A  c_w.l(libinit2.o)
    0x0800020e   0x00000000   Code   RO         5864    .ARM.Collect$$libinit$$0000002C  c_w.l(libinit2.o)
    0x0800020e   0x00000000   Code   RO         5866    .ARM.Collect$$libinit$$0000002E  c_w.l(libinit2.o)
    0x0800020e   0x00000000   Code   RO         5868    .ARM.Collect$$libinit$$00000030  c_w.l(libinit2.o)
    0x0800020e   0x00000002   Code   RO         5869    .ARM.Collect$$libinit$$00000031  c_w.l(libinit2.o)
    0x08000210   0x00000002   Code   RO         5937    .ARM.Collect$$libshutdown$$00000000  c_w.l(libshutdown.o)
    0x08000212   0x00000000   Code   RO         5949    .ARM.Collect$$libshutdown$$00000003  c_w.l(libshutdown2.o)
    0x08000212   0x00000000   Code   RO         5952    .ARM.Collect$$libshutdown$$00000006  c_w.l(libshutdown2.o)
    0x08000212   0x00000000   Code   RO         5955    .ARM.Collect$$libshutdown$$00000009  c_w.l(libshutdown2.o)
    0x08000212   0x00000000   Code   RO         5957    .ARM.Collect$$libshutdown$$0000000B  c_w.l(libshutdown2.o)
    0x08000212   0x00000000   Code   RO         5960    .ARM.Collect$$libshutdown$$0000000E  c_w.l(libshutdown2.o)
    0x08000212   0x00000002   Code   RO         5961    .ARM.Collect$$libshutdown$$0000000F  c_w.l(libshutdown2.o)
    0x08000214   0x00000000   Code   RO         5626    .ARM.Collect$$rtentry$$00000000  c_w.l(rtentry.o)
    0x08000214   0x00000000   Code   RO         5712    .ARM.Collect$$rtentry$$00000002  c_w.l(rtentry2.o)
    0x08000214   0x00000006   Code   RO         5724    .ARM.Collect$$rtentry$$00000004  c_w.l(rtentry4.o)
    0x0800021a   0x00000000   Code   RO         5714    .ARM.Collect$$rtentry$$00000009  c_w.l(rtentry2.o)
    0x0800021a   0x00000004   Code   RO         5715    .ARM.Collect$$rtentry$$0000000A  c_w.l(rtentry2.o)
    0x0800021e   0x00000000   Code   RO         5717    .ARM.Collect$$rtentry$$0000000C  c_w.l(rtentry2.o)
    0x0800021e   0x00000008   Code   RO         5718    .ARM.Collect$$rtentry$$0000000D  c_w.l(rtentry2.o)
    0x08000226   0x00000002   Code   RO         5880    .ARM.Collect$$rtexit$$00000000  c_w.l(rtexit.o)
    0x08000228   0x00000000   Code   RO         5908    .ARM.Collect$$rtexit$$00000002  c_w.l(rtexit2.o)
    0x08000228   0x00000004   Code   RO         5909    .ARM.Collect$$rtexit$$00000003  c_w.l(rtexit2.o)
    0x0800022c   0x00000006   Code   RO         5910    .ARM.Collect$$rtexit$$00000004  c_w.l(rtexit2.o)
    0x08000232   0x00000002   PAD
    0x08000234   0x00000096   Code   RO         5132    .emb_text           port.o
    0x080002ca   0x00000002   PAD
    0x080002cc   0x00000040   Code   RO            4    .text               startup_stm32f103xb.o
    0x0800030c   0x00000024   Code   RO         5491    .text               c_w.l(vsprintf.o)
    0x08000330   0x00000052   Code   RO         5499    .text               c_w.l(_printf_pad.o)
    0x08000382   0x00000002   PAD
    0x08000384   0x0000009c   Code   RO         5519    .text               c_w.l(_printf_hex_int_ll_ptr.o)
    0x08000420   0x0000018c   Code   RO         5539    .text               c_w.l(__printf_flags_ss_wp.o)
    0x080005ac   0x0000003e   Code   RO         5550    .text               c_w.l(strlen.o)
    0x080005ea   0x0000008a   Code   RO         5554    .text               c_w.l(rt_memcpy_v6.o)
    0x08000674   0x00000064   Code   RO         5556    .text               c_w.l(rt_memcpy_w.o)
    0x080006d8   0x0000004e   Code   RO         5562    .text               c_w.l(rt_memclr_w.o)
    0x08000726   0x00000006   Code   RO         5564    .text               c_w.l(heapauxi.o)
    0x0800072c   0x00000024   Code   RO         5629    .text               c_w.l(_printf_truncate.o)
    0x08000750   0x00000052   Code   RO         5631    .text               c_w.l(_printf_str.o)
    0x080007a2   0x000000b8   Code   RO         5633    .text               c_w.l(_printf_intcommon.o)
    0x0800085a   0x00000002   PAD
    0x0800085c   0x00000078   Code   RO         5635    .text               c_w.l(_printf_dec.o)
    0x080008d4   0x0000002a   Code   RO         5637    .text               c_w.l(_printf_charcount.o)
    0x080008fe   0x00000002   PAD
    0x08000900   0x00000030   Code   RO         5639    .text               c_w.l(_printf_char_common.o)
    0x08000930   0x0000000a   Code   RO         5641    .text               c_w.l(_sputc.o)
    0x0800093a   0x00000002   PAD
    0x0800093c   0x000000bc   Code   RO         5643    .text               c_w.l(_printf_wctomb.o)
    0x080009f8   0x00000078   Code   RO         5646    .text               c_w.l(_printf_longlong_dec.o)
    0x08000a70   0x00000078   Code   RO         5652    .text               c_w.l(_printf_oct_int_ll.o)
    0x08000ae8   0x00000008   Code   RO         5729    .text               c_w.l(rt_locale_intlibspace.o)
    0x08000af0   0x0000008a   Code   RO         5736    .text               c_w.l(lludiv10.o)
    0x08000b7a   0x00000420   Code   RO         5740    .text               c_w.l(_printf_fp_dec.o)
    0x08000f9a   0x00000002   PAD
    0x08000f9c   0x00000300   Code   RO         5742    .text               c_w.l(_printf_fp_hex.o)
    0x0800129c   0x0000002c   Code   RO         5747    .text               c_w.l(_printf_char.o)
    0x080012c8   0x0000002c   Code   RO         5749    .text               c_w.l(_printf_wchar.o)
    0x080012f4   0x000000e4   Code   RO         5753    .text               c_w.l(bigflt0.o)
    0x080013d8   0x00000040   Code   RO         5778    .text               c_w.l(_wcrtomb.o)
    0x08001418   0x00000008   Code   RO         5804    .text               c_w.l(libspace.o)
    0x08001420   0x0000004a   Code   RO         5807    .text               c_w.l(sys_stackheap_outer.o)
    0x0800146a   0x00000002   PAD
    0x0800146c   0x00000010   Code   RO         5809    .text               c_w.l(rt_ctype_table.o)
    0x0800147c   0x00000080   Code   RO         5811    .text               c_w.l(_printf_fp_infnan.o)
    0x080014fc   0x0000000c   Code   RO         5817    .text               c_w.l(exit.o)
    0x08001508   0x00000080   Code   RO         5819    .text               c_w.l(strcmpv7m.o)
    0x08001588   0x0000000c   Code   RO         5927    .text               c_w.l(sys_exit.o)
    0x08001594   0x00000002   Code   RO         5938    .text               c_w.l(use_no_semi.o)
    0x08001596   0x00000000   Code   RO         5940    .text               c_w.l(indicate_semi.o)
    0x08001596   0x0000003e   Code   RO         5756    CL$$btod_d2e        c_w.l(btod.o)
    0x080015d4   0x00000046   Code   RO         5758    CL$$btod_d2e_denorm_low  c_w.l(btod.o)
    0x0800161a   0x00000060   Code   RO         5757    CL$$btod_d2e_norm_op1  c_w.l(btod.o)
    0x0800167a   0x00000338   Code   RO         5766    CL$$btod_div_common  c_w.l(btod.o)
    0x080019b2   0x000000c6   Code   RO         5763    CL$$btod_e2e        c_w.l(btod.o)
    0x08001a78   0x00000028   Code   RO         5760    CL$$btod_ediv       c_w.l(btod.o)
    0x08001aa0   0x00000028   Code   RO         5759    CL$$btod_emul       c_w.l(btod.o)
    0x08001ac8   0x00000244   Code   RO         5765    CL$$btod_mult_common  c_w.l(btod.o)
    0x08001d0c   0x00000056   Code   RO          596    i.ADC_ConversionStop_Disable  stm32f1xx_hal_adc.o
    0x08001d62   0x0000004e   Code   RO          597    i.ADC_DMAConvCplt   stm32f1xx_hal_adc.o
    0x08001db0   0x0000001a   Code   RO          598    i.ADC_DMAError      stm32f1xx_hal_adc.o
    0x08001dca   0x0000000a   Code   RO          599    i.ADC_DMAHalfConvCplt  stm32f1xx_hal_adc.o
    0x08001dd4   0x0000007c   Code   RO          600    i.ADC_Enable        stm32f1xx_hal_adc.o
    0x08001e50   0x00000002   Code   RO          354    i.BusFault_Handler  stm32f1xx_it.o
    0x08001e52   0x00000002   PAD
    0x08001e54   0x000000b0   Code   RO           13    i.CAN_Handler       main.o
    0x08001f04   0x00000030   Code   RO           14    i.Compute_Handler   main.o
    0x08001f34   0x00000238   Code   RO           15    i.Control_Handler   main.o
    0x0800216c   0x0000001c   Code   RO         5401    i.DFPLAYER_Init     dfplayer.o
    0x08002188   0x0000000a   Code   RO         5406    i.DFPLAYER_PlayTrack  dfplayer.o
    0x08002192   0x00000044   Code   RO         5409    i.DFPLAYER_SendCmd  dfplayer.o
    0x080021d6   0x0000000a   Code   RO         5410    i.DFPLAYER_SetVolume  dfplayer.o
    0x080021e0   0x0000000a   Code   RO         5411    i.DFPLAYER_Stop     dfplayer.o
    0x080021ea   0x00000002   PAD
    0x080021ec   0x0000000c   Code   RO          355    i.DMA1_Channel1_IRQHandler  stm32f1xx_it.o
    0x080021f8   0x0000002a   Code   RO         1252    i.DMA_SetConfig     stm32f1xx_hal_dma.o
    0x08002222   0x00000002   Code   RO          356    i.DebugMon_Handler  stm32f1xx_it.o
    0x08002224   0x00000004   Code   RO           16    i.Error_Handler     main.o
    0x08002228   0x0000000c   Code   RO         5212    i.GPS_Init          gps.o
    0x08002234   0x000000fc   Code   RO          602    i.HAL_ADC_ConfigChannel  stm32f1xx_hal_adc.o
    0x08002330   0x00000002   Code   RO          603    i.HAL_ADC_ConvCpltCallback  stm32f1xx_hal_adc.o
    0x08002332   0x00000002   Code   RO          604    i.HAL_ADC_ConvHalfCpltCallback  stm32f1xx_hal_adc.o
    0x08002334   0x00000002   Code   RO          606    i.HAL_ADC_ErrorCallback  stm32f1xx_hal_adc.o
    0x08002336   0x00000002   PAD
    0x08002338   0x0000011c   Code   RO          611    i.HAL_ADC_Init      stm32f1xx_hal_adc.o
    0x08002454   0x00000090   Code   RO          431    i.HAL_ADC_MspInit   stm32f1xx_hal_msp.o
    0x080024e4   0x0000010c   Code   RO          618    i.HAL_ADC_Start_DMA  stm32f1xx_hal_adc.o
    0x080025f0   0x000000bc   Code   RO         1851    i.HAL_CAN_AddTxMessage  stm32f1xx_hal_can.o
    0x080026ac   0x000000ee   Code   RO         1852    i.HAL_CAN_ConfigFilter  stm32f1xx_hal_can.o
    0x0800279a   0x00000002   PAD
    0x0800279c   0x00000022   Code   RO         1857    i.HAL_CAN_GetRxFifoFillLevel  stm32f1xx_hal_can.o
    0x080027be   0x000000f4   Code   RO         1858    i.HAL_CAN_GetRxMessage  stm32f1xx_hal_can.o
    0x080028b2   0x0000011a   Code   RO         1863    i.HAL_CAN_Init      stm32f1xx_hal_can.o
    0x080029cc   0x0000006c   Code   RO          433    i.HAL_CAN_MspInit   stm32f1xx_hal_msp.o
    0x08002a38   0x00000058   Code   RO         1875    i.HAL_CAN_Start     stm32f1xx_hal_can.o
    0x08002a90   0x00000154   Code   RO         1258    i.HAL_DMA_IRQHandler  stm32f1xx_hal_dma.o
    0x08002be4   0x00000060   Code   RO         1259    i.HAL_DMA_Init      stm32f1xx_hal_dma.o
    0x08002c44   0x00000070   Code   RO         1263    i.HAL_DMA_Start_IT  stm32f1xx_hal_dma.o
    0x08002cb4   0x00000024   Code   RO          879    i.HAL_Delay         stm32f1xx_hal.o
    0x08002cd8   0x000001d8   Code   RO         1189    i.HAL_GPIO_Init     stm32f1xx_hal_gpio.o
    0x08002eb0   0x0000000a   Code   RO         1191    i.HAL_GPIO_ReadPin  stm32f1xx_hal_gpio.o
    0x08002eba   0x0000000a   Code   RO         1193    i.HAL_GPIO_WritePin  stm32f1xx_hal_gpio.o
    0x08002ec4   0x0000000c   Code   RO          883    i.HAL_GetTick       stm32f1xx_hal.o
    0x08002ed0   0x0000017c   Code   RO         2094    i.HAL_I2C_Init      stm32f1xx_hal_i2c.o
    0x0800304c   0x00000134   Code   RO         2107    i.HAL_I2C_Master_Transmit  stm32f1xx_hal_i2c.o
    0x08003180   0x0000005c   Code   RO          435    i.HAL_I2C_MspInit   stm32f1xx_hal_msp.o
    0x080031dc   0x00000010   Code   RO          889    i.HAL_IncTick       stm32f1xx_hal.o
    0x080031ec   0x00000024   Code   RO          890    i.HAL_Init          stm32f1xx_hal.o
    0x08003210   0x00000098   Code   RO          521    i.HAL_InitTick      stm32f1xx_hal_timebase_tim.o
    0x080032a8   0x00000048   Code   RO          436    i.HAL_MspInit       stm32f1xx_hal_msp.o
    0x080032f0   0x0000001c   Code   RO         1349    i.HAL_NVIC_EnableIRQ  stm32f1xx_hal_cortex.o
    0x0800330c   0x00000040   Code   RO         1355    i.HAL_NVIC_SetPriority  stm32f1xx_hal_cortex.o
    0x0800334c   0x00000024   Code   RO         1356    i.HAL_NVIC_SetPriorityGrouping  stm32f1xx_hal_cortex.o
    0x08003370   0x000000f0   Code   RO         1151    i.HAL_RCCEx_PeriphCLKConfig  stm32f1xx_hal_rcc_ex.o
    0x08003460   0x0000012c   Code   RO         1047    i.HAL_RCC_ClockConfig  stm32f1xx_hal_rcc.o
    0x0800358c   0x00000040   Code   RO         1051    i.HAL_RCC_GetClockConfig  stm32f1xx_hal_rcc.o
    0x080035cc   0x00000020   Code   RO         1054    i.HAL_RCC_GetPCLK1Freq  stm32f1xx_hal_rcc.o
    0x080035ec   0x00000020   Code   RO         1055    i.HAL_RCC_GetPCLK2Freq  stm32f1xx_hal_rcc.o
    0x0800360c   0x0000004c   Code   RO         1056    i.HAL_RCC_GetSysClockFreq  stm32f1xx_hal_rcc.o
    0x08003658   0x00000328   Code   RO         1059    i.HAL_RCC_OscConfig  stm32f1xx_hal_rcc.o
    0x08003980   0x00000002   Code   RO         3226    i.HAL_TIMEx_BreakCallback  stm32f1xx_hal_tim_ex.o
    0x08003982   0x00000002   Code   RO         3227    i.HAL_TIMEx_CommutCallback  stm32f1xx_hal_tim_ex.o
    0x08003984   0x00000068   Code   RO         3245    i.HAL_TIMEx_MasterConfigSynchronization  stm32f1xx_hal_tim_ex.o
    0x080039ec   0x00000048   Code   RO         2522    i.HAL_TIM_Base_Init  stm32f1xx_hal_tim.o
    0x08003a34   0x00000050   Code   RO          438    i.HAL_TIM_Base_MspInit  stm32f1xx_hal_msp.o
    0x08003a84   0x00000058   Code   RO         2527    i.HAL_TIM_Base_Start_IT  stm32f1xx_hal_tim.o
    0x08003adc   0x000000da   Code   RO         2531    i.HAL_TIM_ConfigClockSource  stm32f1xx_hal_tim.o
    0x08003bb6   0x00000002   Code   RO         2556    i.HAL_TIM_IC_CaptureCallback  stm32f1xx_hal_tim.o
    0x08003bb8   0x00000130   Code   RO         2570    i.HAL_TIM_IRQHandler  stm32f1xx_hal_tim.o
    0x08003ce8   0x00000048   Code   RO          439    i.HAL_TIM_MspPostInit  stm32f1xx_hal_msp.o
    0x08003d30   0x00000002   Code   RO         2573    i.HAL_TIM_OC_DelayElapsedCallback  stm32f1xx_hal_tim.o
    0x08003d32   0x000000cc   Code   RO         2594    i.HAL_TIM_PWM_ConfigChannel  stm32f1xx_hal_tim.o
    0x08003dfe   0x00000048   Code   RO         2597    i.HAL_TIM_PWM_Init  stm32f1xx_hal_tim.o
    0x08003e46   0x00000002   Code   RO         2599    i.HAL_TIM_PWM_MspInit  stm32f1xx_hal_tim.o
    0x08003e48   0x00000002   Code   RO         2600    i.HAL_TIM_PWM_PulseFinishedCallback  stm32f1xx_hal_tim.o
    0x08003e4a   0x00000002   PAD
    0x08003e4c   0x0000009c   Code   RO         2602    i.HAL_TIM_PWM_Start  stm32f1xx_hal_tim.o
    0x08003ee8   0x00000014   Code   RO           17    i.HAL_TIM_PeriodElapsedCallback  main.o
    0x08003efc   0x00000002   Code   RO         2613    i.HAL_TIM_TriggerCallback  stm32f1xx_hal_tim.o
    0x08003efe   0x00000064   Code   RO         3523    i.HAL_UART_Init     stm32f1xx_hal_uart.o
    0x08003f62   0x00000002   PAD
    0x08003f64   0x000000ac   Code   RO          441    i.HAL_UART_MspInit  stm32f1xx_hal_msp.o
    0x08004010   0x0000001c   Code   RO         3528    i.HAL_UART_Receive_IT  stm32f1xx_hal_uart.o
    0x0800402c   0x000000a0   Code   RO         3531    i.HAL_UART_Transmit  stm32f1xx_hal_uart.o
    0x080040cc   0x00000002   Code   RO          357    i.HardFault_Handler  stm32f1xx_it.o
    0x080040ce   0x0000002e   Code   RO         2137    i.I2C_IsAcknowledgeFailed  stm32f1xx_hal_i2c.o
    0x080040fc   0x0000009c   Code   RO         2141    i.I2C_MasterRequestWrite  stm32f1xx_hal_i2c.o
    0x08004198   0x00000056   Code   RO         2152    i.I2C_WaitOnBTFFlagUntilTimeout  stm32f1xx_hal_i2c.o
    0x080041ee   0x00000002   PAD
    0x080041f0   0x00000090   Code   RO         2153    i.I2C_WaitOnFlagUntilTimeout  stm32f1xx_hal_i2c.o
    0x08004280   0x000000bc   Code   RO         2154    i.I2C_WaitOnMasterAddressFlagUntilTimeout  stm32f1xx_hal_i2c.o
    0x0800433c   0x00000056   Code   RO         2156    i.I2C_WaitOnTXEFlagUntilTimeout  stm32f1xx_hal_i2c.o
    0x08004392   0x00000002   PAD
    0x08004394   0x00000028   Code   RO           19    i.InitVehicleData   main.o
    0x080043bc   0x000001f0   Code   RO           20    i.Input_Handler     main.o
    0x080045ac   0x00000090   Code   RO           21    i.MX_ADC1_Init      main.o
    0x0800463c   0x00000040   Code   RO           22    i.MX_CAN_Init       main.o
    0x0800467c   0x000000d0   Code   RO           23    i.MX_GPIO_Init      main.o
    0x0800474c   0x00000098   Code   RO           24    i.MX_TIM2_Init      main.o
    0x080047e4   0x00000068   Code   RO           25    i.MX_TIM3_Init      main.o
    0x0800484c   0x00000002   Code   RO          358    i.MemManage_Handler  stm32f1xx_it.o
    0x0800484e   0x00000002   Code   RO          359    i.NMI_Handler       stm32f1xx_it.o
    0x08004850   0x000000a4   Code   RO           26    i.Notify_Handler    main.o
    0x080048f4   0x000000c0   Code   RO           27    i.SendVehicleStatus  main.o
    0x080049b4   0x00000034   Code   RO           28    i.Servo360_Control  main.o
    0x080049e8   0x00000008   Code   RO           29    i.StartDefaultTask  main.o
    0x080049f0   0x0000002c   Code   RO         5133    i.SysTick_Handler   port.o
    0x08004a1c   0x00000076   Code   RO           30    i.SystemClock_Config  main.o
    0x08004a92   0x00000002   Code   RO         3857    i.SystemInit        system_stm32f1xx.o
    0x08004a94   0x0000000c   Code   RO          360    i.TIM3_IRQHandler   stm32f1xx_it.o
    0x08004aa0   0x0000000c   Code   RO          361    i.TIM4_IRQHandler   stm32f1xx_it.o
    0x08004aac   0x00000078   Code   RO         2615    i.TIM_Base_SetConfig  stm32f1xx_hal_tim.o
    0x08004b24   0x0000001a   Code   RO         2616    i.TIM_CCxChannelCmd  stm32f1xx_hal_tim.o
    0x08004b3e   0x00000014   Code   RO         2626    i.TIM_ETR_SetConfig  stm32f1xx_hal_tim.o
    0x08004b52   0x00000010   Code   RO         2627    i.TIM_ITRx_SetConfig  stm32f1xx_hal_tim.o
    0x08004b62   0x00000002   PAD
    0x08004b64   0x00000050   Code   RO         2628    i.TIM_OC1_SetConfig  stm32f1xx_hal_tim.o
    0x08004bb4   0x00000058   Code   RO         2629    i.TIM_OC2_SetConfig  stm32f1xx_hal_tim.o
    0x08004c0c   0x00000058   Code   RO         2630    i.TIM_OC3_SetConfig  stm32f1xx_hal_tim.o
    0x08004c64   0x00000044   Code   RO         2631    i.TIM_OC4_SetConfig  stm32f1xx_hal_tim.o
    0x08004ca8   0x00000022   Code   RO         2633    i.TIM_TI1_ConfigInputStage  stm32f1xx_hal_tim.o
    0x08004cca   0x00000024   Code   RO         2635    i.TIM_TI2_ConfigInputStage  stm32f1xx_hal_tim.o
    0x08004cee   0x0000004e   Code   RO         3546    i.UART_EndRxTransfer  stm32f1xx_hal_uart.o
    0x08004d3c   0x0000008c   Code   RO         3549    i.UART_SetConfig    stm32f1xx_hal_uart.o
    0x08004dc8   0x00000036   Code   RO         3551    i.UART_Start_Receive_IT  stm32f1xx_hal_uart.o
    0x08004dfe   0x00000072   Code   RO         3552    i.UART_WaitOnFlagUntilTimeout  stm32f1xx_hal_uart.o
    0x08004e70   0x00000002   Code   RO          362    i.UsageFault_Handler  stm32f1xx_it.o
    0x08004e72   0x00000028   Code   RO         5874    i.__ARM_fpclassify  m_ws.l(fpclassify.o)
    0x08004e9a   0x00000026   Code   RO         5707    i.__ARM_fpclassifyf  m_ws.l(fpclassifyf.o)
    0x08004ec0   0x00000020   Code   RO         1362    i.__NVIC_SetPriority  stm32f1xx_hal_cortex.o
    0x08004ee0   0x0000000a   Code   RO         5709    i.__mathlib_flt_underflow  m_ws.l(funder.o)
    0x08004eea   0x0000000e   Code   RO         5532    i._is_digit         c_w.l(__printf_wp.o)
    0x08004ef8   0x00000254   Code   RO         5617    i.atan2f            m_ws.l(atan2f.o)
    0x0800514c   0x0000001c   Code   RO         5267    i.lcd_backlight_off  liquidcrystal_i2c.o
    0x08005168   0x0000001c   Code   RO         5268    i.lcd_backlight_on  liquidcrystal_i2c.o
    0x08005184   0x00000066   Code   RO         5273    i.lcd_init          liquidcrystal_i2c.o
    0x080051ea   0x0000003a   Code   RO         5274    i.lcd_printf        liquidcrystal_i2c.o
    0x08005224   0x00000040   Code   RO         5276    i.lcd_send_cmd      liquidcrystal_i2c.o
    0x08005264   0x00000048   Code   RO         5277    i.lcd_send_data     liquidcrystal_i2c.o
    0x080052ac   0x00000020   Code   RO         5278    i.lcd_set_cursor    liquidcrystal_i2c.o
    0x080052cc   0x00000010   Code   RO         5279    i.lcd_set_cursor_blink_off  liquidcrystal_i2c.o
    0x080052dc   0x00000160   Code   RO           31    i.main              main.o
    0x0800543c   0x0000000c   Code   RO         4698    i.makeFreeRtosPriority  cmsis_os.o
    0x08005448   0x00000010   Code   RO         4700    i.osDelay           cmsis_os.o
    0x08005458   0x0000000a   Code   RO         4703    i.osKernelStart     cmsis_os.o
    0x08005462   0x0000005c   Code   RO         4737    i.osThreadCreate    cmsis_os.o
    0x080054be   0x00000002   PAD
    0x080054c0   0x00000074   Code   RO         4369    i.prvAddCurrentTaskToDelayedList  tasks.o
    0x08005534   0x00000088   Code   RO         4370    i.prvAddNewTaskToReadyList  tasks.o
    0x080055bc   0x00000040   Code   RO         4371    i.prvCheckTasksWaitingTermination  tasks.o
    0x080055fc   0x00000040   Code   RO         4372    i.prvDeleteTCB      tasks.o
    0x0800563c   0x00000050   Code   RO         5065    i.prvHeapInit       heap_4.o
    0x0800568c   0x00000028   Code   RO         4373    i.prvIdleTask       tasks.o
    0x080056b4   0x0000007e   Code   RO         4374    i.prvInitialiseNewTask  tasks.o
    0x08005732   0x00000002   PAD
    0x08005734   0x00000060   Code   RO         4375    i.prvInitialiseTaskLists  tasks.o
    0x08005794   0x0000005c   Code   RO         5066    i.prvInsertBlockIntoFreeList  heap_4.o
    0x080057f0   0x00000024   Code   RO         4376    i.prvResetNextTaskUnblockTime  tasks.o
    0x08005814   0x0000002c   Code   RO         5134    i.prvTaskExitError  port.o
    0x08005840   0x000000e8   Code   RO         5067    i.pvPortMalloc      heap_4.o
    0x08005928   0x00000024   Code   RO         5135    i.pxPortInitialiseStack  port.o
    0x0800594c   0x00000026   Code   RO         3995    i.uxListRemove      list.o
    0x08005972   0x00000002   PAD
    0x08005974   0x00000014   Code   RO          320    i.vApplicationGetIdleTaskMemory  freertos.o
    0x08005988   0x00000016   Code   RO         3996    i.vListInitialise   list.o
    0x0800599e   0x00000006   Code   RO         3997    i.vListInitialiseItem  list.o
    0x080059a4   0x00000036   Code   RO         3998    i.vListInsert       list.o
    0x080059da   0x00000018   Code   RO         3999    i.vListInsertEnd    list.o
    0x080059f2   0x00000002   PAD
    0x080059f4   0x00000040   Code   RO         5137    i.vPortEnterCritical  port.o
    0x08005a34   0x0000002c   Code   RO         5138    i.vPortExitCritical  port.o
    0x08005a60   0x00000064   Code   RO         5068    i.vPortFree         heap_4.o
    0x08005ac4   0x00000024   Code   RO         5139    i.vPortSetupTimerInterrupt  port.o
    0x08005ae8   0x00000050   Code   RO         4385    i.vTaskDelay        tasks.o
    0x08005b38   0x00000088   Code   RO         4398    i.vTaskStartScheduler  tasks.o
    0x08005bc0   0x00000010   Code   RO         4400    i.vTaskSuspendAll   tasks.o
    0x08005bd0   0x00000060   Code   RO         4401    i.vTaskSwitchContext  tasks.o
    0x08005c30   0x000000b4   Code   RO         5141    i.xPortStartScheduler  port.o
    0x08005ce4   0x0000006a   Code   RO         4404    i.xTaskCreate       tasks.o
    0x08005d4e   0x00000060   Code   RO         4405    i.xTaskCreateStatic  tasks.o
    0x08005dae   0x00000002   PAD
    0x08005db0   0x000000d4   Code   RO         4412    i.xTaskIncrementTick  tasks.o
    0x08005e84   0x000000cc   Code   RO         4418    i.xTaskResumeAll    tasks.o
    0x08005f50   0x0000002c   Code   RO         5781    locale$$code        c_w.l(lc_numeric_c.o)
    0x08005f7c   0x0000002c   Code   RO         5885    locale$$code        c_w.l(lc_ctype_c.o)
    0x08005fa8   0x00000062   Code   RO         5568    x$fpl$d2f           fz_ws.l(d2f.o)
    0x0800600a   0x00000002   PAD
    0x0800600c   0x000002b0   Code   RO         5577    x$fpl$ddiv          fz_ws.l(ddiv.o)
    0x080062bc   0x0000009c   Code   RO         5686    x$fpl$dnaninf       fz_ws.l(dnaninf.o)
    0x08006358   0x0000000c   Code   RO         5688    x$fpl$dretinf       fz_ws.l(dretinf.o)
    0x08006364   0x00000056   Code   RO         5590    x$fpl$f2d           fz_ws.l(f2d.o)
    0x080063ba   0x00000002   PAD
    0x080063bc   0x000000c4   Code   RO         5592    x$fpl$fadd          fz_ws.l(faddsub_clz.o)
    0x08006480   0x0000000c   Code   RO         5872    x$fpl$fcheck1       fz_ws.l(fcheck1.o)
    0x0800648c   0x00000184   Code   RO         5599    x$fpl$fdiv          fz_ws.l(fdiv.o)
    0x08006610   0x00000030   Code   RO         5607    x$fpl$fflt          fz_ws.l(fflt_clz.o)
    0x08006640   0x00000102   Code   RO         5612    x$fpl$fmul          fz_ws.l(fmul.o)
    0x08006742   0x0000008c   Code   RO         5694    x$fpl$fnaninf       fz_ws.l(fnaninf.o)
    0x080067ce   0x0000000a   Code   RO         5696    x$fpl$fretinf       fz_ws.l(fretinf.o)
    0x080067d8   0x00000014   Code   RO         5593    x$fpl$frsb          fz_ws.l(faddsub_clz.o)
    0x080067ec   0x000000ea   Code   RO         5594    x$fpl$fsub          fz_ws.l(faddsub_clz.o)
    0x080068d6   0x00000004   Code   RO         5698    x$fpl$printf1       fz_ws.l(printf1.o)
    0x080068da   0x00000004   Code   RO         5700    x$fpl$printf2       fz_ws.l(printf2.o)
    0x080068de   0x00000064   Code   RO         5891    x$fpl$retnan        fz_ws.l(retnan.o)
    0x08006942   0x0000004c   Code   RO         5790    x$fpl$scalbnf       fz_ws.l(scalbnf.o)
    0x0800698e   0x00000030   Code   RO         5920    x$fpl$trapveneer    fz_ws.l(trapv.o)
    0x080069be   0x00000000   Code   RO         5706    x$fpl$usenofp       fz_ws.l(usenofp.o)
    0x080069be   0x00000002   PAD
    0x080069c0   0x000000a8   Data   RO           36    .constdata          main.o
    0x08006a68   0x00000012   Data   RO         1060    .constdata          stm32f1xx_hal_rcc.o
    0x08006a7a   0x00000010   Data   RO         3858    .constdata          system_stm32f1xx.o
    0x08006a8a   0x00000008   Data   RO         3859    .constdata          system_stm32f1xx.o
    0x08006a92   0x00000028   Data   RO         5520    .constdata          c_w.l(_printf_hex_int_ll_ptr.o)
    0x08006aba   0x00000011   Data   RO         5540    .constdata          c_w.l(__printf_flags_ss_wp.o)
    0x08006acb   0x00000001   PAD
    0x08006acc   0x00000008   Data   RO         5644    .constdata          c_w.l(_printf_wctomb.o)
    0x08006ad4   0x00000026   Data   RO         5743    .constdata          c_w.l(_printf_fp_hex.o)
    0x08006afa   0x00000002   PAD
    0x08006afc   0x00000094   Data   RO         5754    .constdata          c_w.l(bigflt0.o)
    0x08006b90   0x00000050   Data   RO           37    .conststring        main.o
    0x08006be0   0x00000020   Data   RO         5986    Region$$Table       anon$$obj.o
    0x08006c00   0x0000001c   Data   RO         5780    locale$$data        c_w.l(lc_numeric_c.o)
    0x08006c1c   0x00000110   Data   RO         5884    locale$$data        c_w.l(lc_ctype_c.o)


    Execution Region RW_IRAM1 (Base: 0x20000000, Size: 0x00001fc0, Max: 0x00005000, ABSOLUTE)

    Base Addr    Size         Type   Attr      Idx    E Section Name        Object

    0x20000000   0x00000044   Data   RW           38    .data               main.o
    0x20000044   0x0000000c   Data   RW          897    .data               stm32f1xx_hal.o
    0x20000050   0x00000004   Data   RW         3860    .data               system_stm32f1xx.o
    0x20000054   0x0000003c   Data   RW         4421    .data               tasks.o
    0x20000090   0x00000020   Data   RW         5074    .data               heap_4.o
    0x200000b0   0x0000000c   Data   RW         5142    .data               port.o
    0x200000bc   0x00000002   Data   RW         5218    .data               gps.o
    0x200000be   0x0000000a   Data   RW         5412    .data               dfplayer.o
    0x200000c8   0x000004c4   Zero   RW           33    .bss                main.o
    0x2000058c   0x00000044   Zero   RW           34    .bss                main.o
    0x200005d0   0x00000254   Zero   RW          321    .bss                freertos.o
    0x20000824   0x00000048   Zero   RW          524    .bss                stm32f1xx_hal_timebase_tim.o
    0x2000086c   0x000000f0   Zero   RW         4420    .bss                tasks.o
    0x2000095c   0x00001000   Zero   RW         5073    .bss                heap_4.o
    0x2000195c   0x00000060   Zero   RW         5805    .bss                c_w.l(libspace.o)
    0x200019bc   0x00000004   PAD
    0x200019c0   0x00000200   Zero   RW            2    HEAP                startup_stm32f103xb.o
    0x20001bc0   0x00000400   Zero   RW            1    STACK               startup_stm32f103xb.o


==============================================================================

Image component sizes


      Code (inc. data)   RO Data    RW Data    ZI Data      Debug   Object Name

       130          0          0          0          0      22487   cmsis_os.o
       126          6          0         10          0       3546   dfplayer.o
         0          0          0          0          0      16672   event_groups.o
        20          4          0          0        596       1004   freertos.o
        12          4          0          2          0       1600   gps.o
       504         32          0         32       4096       7087   heap_4.o
       400          6          0          0          0       5527   liquidcrystal_i2c.o
       144          0          0          0          0       3106   list.o
      2910        252        248         68       1288     505131   main.o
       598         60          0         12          0       9760   port.o
        64         26        236          0       1536        752   startup_stm32f103xb.o
       100         18          0         12          0       4830   stm32f1xx_hal.o
      1134         56          0          0          0       7122   stm32f1xx_hal_adc.o
      1074          0          0          0          0       4825   stm32f1xx_hal_can.o
       160         24          0          0          0      27566   stm32f1xx_hal_cortex.o
       590         32          0          0          0       2947   stm32f1xx_hal_dma.o
       492         32          0          0          0       2927   stm32f1xx_hal_gpio.o
      1394         32          0          0          0       7565   stm32f1xx_hal_i2c.o
       740         90          0          0          0       4560   stm32f1xx_hal_msp.o
      1312         94         18          0          0       5061   stm32f1xx_hal_rcc.o
       240         14          0          0          0       1224   stm32f1xx_hal_rcc_ex.o
      1700         56          0          0          0      13746   stm32f1xx_hal_tim.o
       108         14          0          0          0       2129   stm32f1xx_hal_tim_ex.o
       152         20          0          0         72       1271   stm32f1xx_hal_timebase_tim.o
       674          4          0          0          0       4930   stm32f1xx_hal_uart.o
        48         18          0          0          0       3416   stm32f1xx_it.o
         0          0          0          0          0        352   stream_buffer.o
         2          0         24          4          0        951   system_stm32f1xx.o
      1624        142          0         60        240      18977   tasks.o

    ----------------------------------------------------------------------
     16482       1036        558        200       7828     691071   Object Totals
         0          0         32          0          0          0   (incl. Generated)
        30          0          0          0          0          0   (incl. Padding)

    ----------------------------------------------------------------------

      Code (inc. data)   RO Data    RW Data    ZI Data      Debug   Library Member Name

         8          0          0          0          0         68   __main.o
       396          6         17          0          0         92   __printf_flags_ss_wp.o
        14          0          0          0          0         68   __printf_wp.o
        52          8          0          0          0          0   __scatter.o
        26          0          0          0          0          0   __scatter_copy.o
        28          0          0          0          0          0   __scatter_zi.o
         6          0          0          0          0          0   _printf_a.o
         6          0          0          0          0          0   _printf_c.o
        44          0          0          0          0        108   _printf_char.o
        48          6          0          0          0         96   _printf_char_common.o
        42          0          0          0          0         68   _printf_charcount.o
         6          0          0          0          0          0   _printf_d.o
       120         18          0          0          0         92   _printf_dec.o
         6          0          0          0          0          0   _printf_e.o
         6          0          0          0          0          0   _printf_f.o
      1056          0          0          0          0        216   _printf_fp_dec.o
       768          8         38          0          0        100   _printf_fp_hex.o
       128         16          0          0          0         84   _printf_fp_infnan.o
         6          0          0          0          0          0   _printf_g.o
       156          6         40          0          0        160   _printf_hex_int_ll_ptr.o
         6          0          0          0          0          0   _printf_i.o
       184          0          0          0          0         88   _printf_intcommon.o
        10          0          0          0          0          0   _printf_l.o
         6          0          0          0          0          0   _printf_lc.o
        10          0          0          0          0          0   _printf_ll.o
         6          0          0          0          0          0   _printf_lld.o
         6          0          0          0          0          0   _printf_lli.o
         6          0          0          0          0          0   _printf_llo.o
         6          0          0          0          0          0   _printf_llu.o
         6          0          0          0          0          0   _printf_llx.o
       120         16          0          0          0         92   _printf_longlong_dec.o
         6          0          0          0          0          0   _printf_ls.o
         6          0          0          0          0          0   _printf_n.o
         6          0          0          0          0          0   _printf_o.o
       120          8          0          0          0        124   _printf_oct_int_ll.o
         6          0          0          0          0          0   _printf_p.o
        82          0          0          0          0        108   _printf_pad.o
         0          0          0          0          0          0   _printf_percent.o
         4          0          0          0          0          0   _printf_percent_end.o
         6          0          0          0          0          0   _printf_s.o
        82          0          0          0          0         80   _printf_str.o
        36          0          0          0          0         84   _printf_truncate.o
         6          0          0          0          0          0   _printf_u.o
        44          0          0          0          0        108   _printf_wchar.o
       188          6          8          0          0         92   _printf_wctomb.o
         6          0          0          0          0          0   _printf_x.o
        10          0          0          0          0         68   _sputc.o
        64          0          0          0          0         92   _wcrtomb.o
       228          6        148          0          0         96   bigflt0.o
      1910        128          0          0          0        672   btod.o
        12          0          0          0          0         72   exit.o
         6          0          0          0          0        152   heapauxi.o
         0          0          0          0          0          0   indicate_semi.o
        44         10        272          0          0         76   lc_ctype_c.o
        44         10         28          0          0         76   lc_numeric_c.o
         2          0          0          0          0          0   libinit.o
        30          0          0          0          0          0   libinit2.o
         2          0          0          0          0          0   libshutdown.o
         2          0          0          0          0          0   libshutdown2.o
         8          4          0          0         96         68   libspace.o
       138          0          0          0          0         80   lludiv10.o
        16          4          0          0          0         76   rt_ctype_table.o
         8          4          0          0          0         68   rt_locale_intlibspace.o
        78          0          0          0          0         80   rt_memclr_w.o
       138          0          0          0          0         68   rt_memcpy_v6.o
       100          0          0          0          0         80   rt_memcpy_w.o
         0          0          0          0          0          0   rtentry.o
        12          0          0          0          0          0   rtentry2.o
         6          0          0          0          0          0   rtentry4.o
         2          0          0          0          0          0   rtexit.o
        10          0          0          0          0          0   rtexit2.o
       128          0          0          0          0         68   strcmpv7m.o
        62          0          0          0          0         76   strlen.o
        12          4          0          0          0         68   sys_exit.o
        74          0          0          0          0         80   sys_stackheap_outer.o
         2          0          0          0          0         68   use_no_semi.o
        36          4          0          0          0         76   vsprintf.o
        98          4          0          0          0         92   d2f.o
       688        140          0          0          0        208   ddiv.o
       156          4          0          0          0         92   dnaninf.o
        12          0          0          0          0         68   dretinf.o
        86          4          0          0          0         84   f2d.o
       450          8          0          0          0        236   faddsub_clz.o
        12          4          0          0          0         68   fcheck1.o
       388         76          0          0          0         96   fdiv.o
        48          0          0          0          0         68   fflt_clz.o
       258          4          0          0          0         84   fmul.o
       140          4          0          0          0         84   fnaninf.o
        10          0          0          0          0         68   fretinf.o
         4          0          0          0          0         68   printf1.o
         4          0          0          0          0         68   printf2.o
       100          0          0          0          0         68   retnan.o
        76          0          0          0          0         68   scalbnf.o
        48          0          0          0          0         68   trapv.o
         0          0          0          0          0          0   usenofp.o
       596         76          0          0          0        116   atan2f.o
        40          0          0          0          0         68   fpclassify.o
        38          0          0          0          0         68   fpclassifyf.o
        10          0          0          0          0         68   funder.o

    ----------------------------------------------------------------------
     10354        596        554          0        100       6096   Library Totals
        22          0          3          0          4          0   (incl. Padding)

    ----------------------------------------------------------------------

      Code (inc. data)   RO Data    RW Data    ZI Data      Debug   Library Name

      7070        272        551          0         96       4188   c_w.l
      2578        248          0          0          0       1588   fz_ws.l
       684         76          0          0          0        320   m_ws.l

    ----------------------------------------------------------------------
     10354        596        554          0        100       6096   Library Totals

    ----------------------------------------------------------------------

==============================================================================


      Code (inc. data)   RO Data    RW Data    ZI Data      Debug   

     26836       1632       1112        200       7928     685103   Grand Totals
     26836       1632       1112        200       7928     685103   ELF Image Totals
     26836       1632       1112        200          0          0   ROM Totals

==============================================================================

    Total RO  Size (Code + RO Data)                27948 (  27.29kB)
    Total RW  Size (RW Data + ZI Data)              8128 (   7.94kB)
    Total ROM Size (Code + RO Data + RW Data)      28148 (  27.49kB)

==============================================================================

