<html>
<body>
<pre>
<h1>µVision Build Log</h1>
<h2>Project:</h2>
D:\STM32 project\STM32_CarStatus\MDK-ARM\STM32_CarStatus.uvproj
Project File Date:  07/26/2025

<h2>Output:</h2>
Build target 'STM32_CarStatus'
linking...
Program Size: Code=17976 RO-data=560 RW-data=168 ZI-data=7896  
FromELF: creating hex file...
"STM32_CarStatus\STM32_CarStatus.axf" - 0 Errors, 0 Warning(s).
Load "STM32_CarStatus\\STM32_CarStatus.axf" 
Erase Done.
Programming Done.
Verify OK.
Build target 'STM32_CarStatus'
linking...
Program Size: Code=17976 RO-data=560 RW-data=168 ZI-data=7896  
FromELF: creating hex file...
"STM32_CarStatus\STM32_CarStatus.axf" - 0 Errors, 0 Warning(s).
Load "STM32_CarStatus\\STM32_CarStatus.axf" 
Erase Done.
Programming Done.
Verify OK.
Build target 'STM32_CarStatus'
compiling main.c...
linking...
Program Size: Code=17960 RO-data=560 RW-data=168 ZI-data=7896  
FromELF: creating hex file...
"STM32_CarStatus\STM32_CarStatus.axf" - 0 Errors, 0 Warning(s).
Build target 'STM32_CarStatus'
linking...
Program Size: Code=17960 RO-data=560 RW-data=168 ZI-data=7896  
FromELF: creating hex file...
"STM32_CarStatus\STM32_CarStatus.axf" - 0 Errors, 0 Warning(s).
Load "STM32_CarStatus\\STM32_CarStatus.axf" 
Erase Done.
Programming Done.
Verify OK.
Build target 'STM32_CarStatus'
linking...
Program Size: Code=17960 RO-data=560 RW-data=168 ZI-data=7896  
FromELF: creating hex file...
"STM32_CarStatus\STM32_CarStatus.axf" - 0 Errors, 0 Warning(s).
Build target 'STM32_CarStatus'
linking...
Program Size: Code=17960 RO-data=560 RW-data=168 ZI-data=7896  
FromELF: creating hex file...
"STM32_CarStatus\STM32_CarStatus.axf" - 0 Errors, 0 Warning(s).
Load "STM32_CarStatus\\STM32_CarStatus.axf" 
Erase Done.
Programming Done.
Verify OK.
Build target 'STM32_CarStatus'
compiling main.c...
linking...
Program Size: Code=17992 RO-data=560 RW-data=176 ZI-data=7896  
FromELF: creating hex file...
"STM32_CarStatus\STM32_CarStatus.axf" - 0 Errors, 0 Warning(s).
Load "STM32_CarStatus\\STM32_CarStatus.axf" 
Erase Done.
Programming Done.
Verify OK.
Load "STM32_CarStatus\\STM32_CarStatus.axf" 
Erase Done.
Programming Done.
Verify OK.
Load "STM32_CarStatus\\STM32_CarStatus.axf" 
Full Chip Erase Done.
Programming Done.
Verify OK.
Application running ...
Build target 'STM32_CarStatus'
compiling main.c...
linking...
Program Size: Code=17992 RO-data=560 RW-data=176 ZI-data=7896  
FromELF: creating hex file...
"STM32_CarStatus\STM32_CarStatus.axf" - 0 Errors, 0 Warning(s).
Load "STM32_CarStatus\\STM32_CarStatus.axf" 
Full Chip Erase Done.
Programming Done.
Verify OK.
Application running ...
Build target 'STM32_CarStatus'
compiling main.c...
linking...
Program Size: Code=17984 RO-data=560 RW-data=176 ZI-data=7896  
FromELF: creating hex file...
"STM32_CarStatus\STM32_CarStatus.axf" - 0 Errors, 0 Warning(s).
Load "STM32_CarStatus\\STM32_CarStatus.axf" 
Full Chip Erase Done.
Programming Done.
Verify OK.
Application running ...
Build target 'STM32_CarStatus'
compiling main.c...
linking...
Program Size: Code=17988 RO-data=560 RW-data=176 ZI-data=7896  
FromELF: creating hex file...
"STM32_CarStatus\STM32_CarStatus.axf" - 0 Errors, 0 Warning(s).
Load "STM32_CarStatus\\STM32_CarStatus.axf" 
Full Chip Erase Done.
Programming Done.
Verify OK.
Application running ...
Build target 'STM32_CarStatus'
compiling main.c...
linking...
Program Size: Code=17988 RO-data=560 RW-data=176 ZI-data=7896  
FromELF: creating hex file...
"STM32_CarStatus\STM32_CarStatus.axf" - 0 Errors, 0 Warning(s).
Load "STM32_CarStatus\\STM32_CarStatus.axf" 
Full Chip Erase Done.
Programming Done.
Verify OK.
Application running ...
Build target 'STM32_CarStatus'
compiling main.c...
linking...
Program Size: Code=17984 RO-data=560 RW-data=176 ZI-data=7896  
FromELF: creating hex file...
"STM32_CarStatus\STM32_CarStatus.axf" - 0 Errors, 0 Warning(s).
Load "STM32_CarStatus\\STM32_CarStatus.axf" 
Full Chip Erase Done.
Programming Done.
Verify OK.
Application running ...
Build target 'STM32_CarStatus'
compiling main.c...
linking...
Program Size: Code=17984 RO-data=560 RW-data=176 ZI-data=7896  
FromELF: creating hex file...
"STM32_CarStatus\STM32_CarStatus.axf" - 0 Errors, 0 Warning(s).
Load "STM32_CarStatus\\STM32_CarStatus.axf" 
Full Chip Erase Done.
Programming Done.
Verify OK.
Application running ...
Build target 'STM32_CarStatus'
compiling main.c...
linking...
Program Size: Code=17988 RO-data=560 RW-data=176 ZI-data=7896  
FromELF: creating hex file...
"STM32_CarStatus\STM32_CarStatus.axf" - 0 Errors, 0 Warning(s).
Load "STM32_CarStatus\\STM32_CarStatus.axf" 
Full Chip Erase Done.
Programming Done.
Verify OK.
Application running ...
Build target 'STM32_CarStatus'
compiling main.c...
linking...
Program Size: Code=18004 RO-data=560 RW-data=176 ZI-data=7896  
FromELF: creating hex file...
"STM32_CarStatus\STM32_CarStatus.axf" - 0 Errors, 0 Warning(s).
Load "STM32_CarStatus\\STM32_CarStatus.axf" 
Full Chip Erase Done.
Programming Done.
Verify OK.
Application running ...
Build target 'STM32_CarStatus'
compiling main.c...
linking...
Program Size: Code=18004 RO-data=560 RW-data=176 ZI-data=7896  
FromELF: creating hex file...
"STM32_CarStatus\STM32_CarStatus.axf" - 0 Errors, 0 Warning(s).
Load "STM32_CarStatus\\STM32_CarStatus.axf" 
Full Chip Erase Done.
Programming Done.
Verify OK.
Application running ...
Build target 'STM32_CarStatus'
compiling main.c...
linking...
Program Size: Code=18012 RO-data=560 RW-data=176 ZI-data=7896  
FromELF: creating hex file...
"STM32_CarStatus\STM32_CarStatus.axf" - 0 Errors, 0 Warning(s).
Load "STM32_CarStatus\\STM32_CarStatus.axf" 
Full Chip Erase Done.
Programming Done.
Verify OK.
Application running ...
Build target 'STM32_CarStatus'
compiling main.c...
linking...
Program Size: Code=18016 RO-data=560 RW-data=176 ZI-data=7896  
FromELF: creating hex file...
"STM32_CarStatus\STM32_CarStatus.axf" - 0 Errors, 0 Warning(s).
Load "STM32_CarStatus\\STM32_CarStatus.axf" 
Full Chip Erase Done.
Programming Done.
Verify OK.
Application running ...
Build target 'STM32_CarStatus'
compiling main.c...
linking...
Program Size: Code=18008 RO-data=560 RW-data=176 ZI-data=7896  
FromELF: creating hex file...
"STM32_CarStatus\STM32_CarStatus.axf" - 0 Errors, 0 Warning(s).
Load "STM32_CarStatus\\STM32_CarStatus.axf" 
Full Chip Erase Done.
Programming Done.
Verify OK.
Application running ...
Build target 'STM32_CarStatus'
compiling main.c...
linking...
Program Size: Code=18032 RO-data=560 RW-data=176 ZI-data=7896  
FromELF: creating hex file...
"STM32_CarStatus\STM32_CarStatus.axf" - 0 Errors, 0 Warning(s).
Load "STM32_CarStatus\\STM32_CarStatus.axf" 
Full Chip Erase Done.
Programming Done.
Verify OK.
Application running ...
Load "STM32_CarStatus\\STM32_CarStatus.axf" 
Full Chip Erase Done.
Programming Done.
Verify OK.
Application running ...
Build target 'STM32_CarStatus'
compiling main.c...
linking...
Program Size: Code=18028 RO-data=560 RW-data=176 ZI-data=7896  
FromELF: creating hex file...
"STM32_CarStatus\STM32_CarStatus.axf" - 0 Errors, 0 Warning(s).
Load "STM32_CarStatus\\STM32_CarStatus.axf" 
Full Chip Erase Done.
Programming Done.
Verify OK.
Application running ...
Build target 'STM32_CarStatus'
compiling main.c...
linking...
Program Size: Code=18028 RO-data=560 RW-data=176 ZI-data=7896  
FromELF: creating hex file...
"STM32_CarStatus\STM32_CarStatus.axf" - 0 Errors, 0 Warning(s).
Build target 'STM32_CarStatus'
compiling main.c...
../Core/Src/main.c(996): error:  #136: struct "<unnamed>" has no field "distance"
"STM32_CarStatus\STM32_CarStatus.axf" - 1 Errors, 0 Warning(s).
Target not created
Build target 'STM32_CarStatus'
compiling main.c...
linking...
Program Size: Code=18068 RO-data=560 RW-data=184 ZI-data=7896  
FromELF: creating hex file...
"STM32_CarStatus\STM32_CarStatus.axf" - 0 Errors, 0 Warning(s).
Load "STM32_CarStatus\\STM32_CarStatus.axf" 
Full Chip Erase Done.
Programming Done.
Verify OK.
Application running ...
Build target 'STM32_CarStatus'
compiling main.c...
linking...
Program Size: Code=18084 RO-data=560 RW-data=184 ZI-data=7896  
FromELF: creating hex file...
"STM32_CarStatus\STM32_CarStatus.axf" - 0 Errors, 0 Warning(s).
Load "STM32_CarStatus\\STM32_CarStatus.axf" 
Full Chip Erase Done.
Programming Done.
Verify OK.
Application running ...
Build target 'STM32_CarStatus'
compiling main.c...
linking...
Program Size: Code=18084 RO-data=560 RW-data=184 ZI-data=7896  
FromELF: creating hex file...
"STM32_CarStatus\STM32_CarStatus.axf" - 0 Errors, 0 Warning(s).
Build target 'STM32_CarStatus'
compiling main.c...
linking...
Program Size: Code=18088 RO-data=560 RW-data=184 ZI-data=7896  
FromELF: creating hex file...
"STM32_CarStatus\STM32_CarStatus.axf" - 0 Errors, 0 Warning(s).
Load "STM32_CarStatus\\STM32_CarStatus.axf" 
Full Chip Erase Done.
Programming Done.
Verify OK.
Application running ...
