ARM Linker, 5.03 [Build 76] [MDK-ARM Standard]

==============================================================================

Section Cross References

    startup_stm32f103xb.o(STACK) refers (Special) to heapauxi.o(.text) for __use_two_region_memory
    startup_stm32f103xb.o(HEAP) refers (Special) to heapauxi.o(.text) for __use_two_region_memory
    startup_stm32f103xb.o(RESET) refers (Special) to heapauxi.o(.text) for __use_two_region_memory
    startup_stm32f103xb.o(RESET) refers to startup_stm32f103xb.o(STACK) for __initial_sp
    startup_stm32f103xb.o(RESET) refers to startup_stm32f103xb.o(.text) for Reset_Handler
    startup_stm32f103xb.o(RESET) refers to stm32f1xx_it.o(i.NMI_Handler) for NMI_Handler
    startup_stm32f103xb.o(RESET) refers to stm32f1xx_it.o(i.HardFault_Handler) for HardFault_Handler
    startup_stm32f103xb.o(RESET) refers to stm32f1xx_it.o(i.MemManage_Handler) for MemManage_Handler
    startup_stm32f103xb.o(RESET) refers to stm32f1xx_it.o(i.BusFault_Handler) for BusFault_Handler
    startup_stm32f103xb.o(RESET) refers to stm32f1xx_it.o(i.UsageFault_Handler) for UsageFault_Handler
    startup_stm32f103xb.o(RESET) refers to port.o(.emb_text) for SVC_Handler
    startup_stm32f103xb.o(RESET) refers to stm32f1xx_it.o(i.DebugMon_Handler) for DebugMon_Handler
    startup_stm32f103xb.o(RESET) refers to port.o(i.SysTick_Handler) for SysTick_Handler
    startup_stm32f103xb.o(RESET) refers to stm32f1xx_it.o(i.DMA1_Channel1_IRQHandler) for DMA1_Channel1_IRQHandler
    startup_stm32f103xb.o(RESET) refers to stm32f1xx_it.o(i.TIM3_IRQHandler) for TIM3_IRQHandler
    startup_stm32f103xb.o(RESET) refers to stm32f1xx_it.o(i.TIM4_IRQHandler) for TIM4_IRQHandler
    startup_stm32f103xb.o(.text) refers (Special) to heapauxi.o(.text) for __use_two_region_memory
    startup_stm32f103xb.o(.text) refers to system_stm32f1xx.o(i.SystemInit) for SystemInit
    startup_stm32f103xb.o(.text) refers to __main.o(!!!main) for __main
    startup_stm32f103xb.o(.text) refers to startup_stm32f103xb.o(HEAP) for Heap_Mem
    startup_stm32f103xb.o(.text) refers to startup_stm32f103xb.o(STACK) for Stack_Mem
    main.o(i.CAN_Handler) refers to stm32f1xx_hal_can.o(i.HAL_CAN_ConfigFilter) for HAL_CAN_ConfigFilter
    main.o(i.CAN_Handler) refers to stm32f1xx_hal_can.o(i.HAL_CAN_Start) for HAL_CAN_Start
    main.o(i.CAN_Handler) refers to main.o(i.SendVehicleStatus) for SendVehicleStatus
    main.o(i.CAN_Handler) refers to stm32f1xx_hal_can.o(i.HAL_CAN_GetRxFifoFillLevel) for HAL_CAN_GetRxFifoFillLevel
    main.o(i.CAN_Handler) refers to stm32f1xx_hal_can.o(i.HAL_CAN_GetRxMessage) for HAL_CAN_GetRxMessage
    main.o(i.CAN_Handler) refers to cmsis_os.o(i.osDelay) for osDelay
    main.o(i.CAN_Handler) refers to main.o(.bss) for .bss
    main.o(i.CAN_Handler) refers to main.o(.data) for .data
    main.o(i.Compute_Handler) refers to cmsis_os.o(i.osDelay) for osDelay
    main.o(i.Compute_Handler) refers to main.o(.data) for .data
    main.o(i.Compute_Handler) refers to main.o(.bss) for .bss
    main.o(i.Control_Handler) refers to stm32f1xx_hal_tim.o(i.HAL_TIM_PWM_Start) for HAL_TIM_PWM_Start
    main.o(i.Control_Handler) refers to stm32f1xx_hal_gpio.o(i.HAL_GPIO_WritePin) for HAL_GPIO_WritePin
    main.o(i.Control_Handler) refers to main.o(i.Servo360_Control) for Servo360_Control
    main.o(i.Control_Handler) refers to cmsis_os.o(i.osDelay) for osDelay
    main.o(i.Control_Handler) refers to main.o(.bss) for .bss
    main.o(i.HAL_TIM_PeriodElapsedCallback) refers to stm32f1xx_hal.o(i.HAL_IncTick) for HAL_IncTick
    main.o(i.HAL_UART_RxCpltCallback) refers to gps.o(i.GPS_UART_CallBack) for GPS_UART_CallBack
    main.o(i.HAL_UART_RxCpltCallback) refers to fflt_clz.o(x$fpl$ffltu) for __aeabi_ui2f
    main.o(i.HAL_UART_RxCpltCallback) refers to fdiv.o(x$fpl$fdiv) for __aeabi_fdiv
    main.o(i.HAL_UART_RxCpltCallback) refers to f2d.o(x$fpl$f2d) for __aeabi_f2d
    main.o(i.HAL_UART_RxCpltCallback) refers to round.o(i.round) for round
    main.o(i.HAL_UART_RxCpltCallback) refers to dflt_clz.o(x$fpl$dfltu) for __aeabi_ui2d
    main.o(i.HAL_UART_RxCpltCallback) refers to daddsub_clz.o(x$fpl$dadd) for __aeabi_dadd
    main.o(i.HAL_UART_RxCpltCallback) refers to dfixu.o(x$fpl$dfixu) for __aeabi_d2uiz
    main.o(i.HAL_UART_RxCpltCallback) refers to main.o(.bss) for .bss
    main.o(i.HAL_UART_RxCpltCallback) refers to main.o(.data) for .data
    main.o(i.InitVehicleData) refers to main.o(.bss) for .bss
    main.o(i.Input_Handler) refers to stm32f1xx_hal_adc.o(i.HAL_ADC_Start_DMA) for HAL_ADC_Start_DMA
    main.o(i.Input_Handler) refers to gps.o(i.GPS_Init) for GPS_Init
    main.o(i.Input_Handler) refers to stm32f1xx_hal_gpio.o(i.HAL_GPIO_ReadPin) for HAL_GPIO_ReadPin
    main.o(i.Input_Handler) refers to fflt_clz.o(x$fpl$fflt) for __aeabi_i2f
    main.o(i.Input_Handler) refers to faddsub_clz.o(x$fpl$fsub) for __aeabi_fsub
    main.o(i.Input_Handler) refers to atan2f.o(i.atan2f) for atan2f
[...]
    i.Control_Handler                        0x0800063c   Section        0  main.o(i.Control_Handler)
    i.DMA1_Channel1_IRQHandler               0x080007e4   Section        0  stm32f1xx_it.o(i.DMA1_Channel1_IRQHandler)
    i.DMA_SetConfig                          0x080007f0   Section        0  stm32f1xx_hal_dma.o(i.DMA_SetConfig)
    DMA_SetConfig                            0x080007f1   Thumb Code    42  stm32f1xx_hal_dma.o(i.DMA_SetConfig)
    i.DebugMon_Handler                       0x0800081a   Section        0  stm32f1xx_it.o(i.DebugMon_Handler)
    i.Error_Handler                          0x0800081c   Section        0  main.o(i.Error_Handler)
    i.GPS_Init                               0x08000820   Section        0  gps.o(i.GPS_Init)
    i.HAL_ADC_ConfigChannel                  0x0800082c   Section        0  stm32f1xx_hal_adc.o(i.HAL_ADC_ConfigChannel)
    i.HAL_ADC_ConvCpltCallback               0x08000928   Section        0  stm32f1xx_hal_adc.o(i.HAL_ADC_ConvCpltCallback)
    i.HAL_ADC_ConvHalfCpltCallback           0x0800092a   Section        0  stm32f1xx_hal_adc.o(i.HAL_ADC_ConvHalfCpltCallback)
    i.HAL_ADC_ErrorCallback                  0x0800092c   Section        0  stm32f1xx_hal_adc.o(i.HAL_ADC_ErrorCallback)
    i.HAL_ADC_Init                           0x08000930   Section        0  stm32f1xx_hal_adc.o(i.HAL_ADC_Init)
    i.HAL_ADC_MspInit                        0x08000a4c   Section        0  stm32f1xx_hal_msp.o(i.HAL_ADC_MspInit)
    i.HAL_ADC_Start_DMA                      0x08000adc   Section        0  stm32f1xx_hal_adc.o(i.HAL_ADC_Start_DMA)
    i.HAL_CAN_AddTxMessage                   0x08000be8   Section        0  stm32f1xx_hal_can.o(i.HAL_CAN_AddTxMessage)
    i.HAL_CAN_ConfigFilter                   0x08000ca4   Section        0  stm32f1xx_hal_can.o(i.HAL_CAN_ConfigFilter)
    i.HAL_CAN_GetRxFifoFillLevel             0x08000d94   Section        0  stm32f1xx_hal_can.o(i.HAL_CAN_GetRxFifoFillLevel)
    i.HAL_CAN_GetRxMessage                   0x08000db6   Section        0  stm32f1xx_hal_can.o(i.HAL_CAN_GetRxMessage)
    i.HAL_CAN_Init                           0x08000eaa   Section        0  stm32f1xx_hal_can.o(i.HAL_CAN_Init)
    i.HAL_CAN_MspInit                        0x08000fc4   Section        0  stm32f1xx_hal_msp.o(i.HAL_CAN_MspInit)
    i.HAL_CAN_Start                          0x08001030   Section        0  stm32f1xx_hal_can.o(i.HAL_CAN_Start)
    i.HAL_DMA_IRQHandler                     0x08001088   Section        0  stm32f1xx_hal_dma.o(i.HAL_DMA_IRQHandler)
    i.HAL_DMA_Init                           0x080011dc   Section        0  stm32f1xx_hal_dma.o(i.HAL_DMA_Init)
    i.HAL_DMA_Start_IT                       0x0800123c   Section        0  stm32f1xx_hal_dma.o(i.HAL_DMA_Start_IT)
    i.HAL_Delay                              0x080012ac   Section        0  stm32f1xx_hal.o(i.HAL_Delay)
    i.HAL_GPIO_Init                          0x080012d0   Section        0  stm32f1xx_hal_gpio.o(i.HAL_GPIO_Init)
    i.HAL_GPIO_ReadPin                       0x080014a8   Section        0  stm32f1xx_hal_gpio.o(i.HAL_GPIO_ReadPin)
    i.HAL_GPIO_WritePin                      0x080014b2   Section        0  stm32f1xx_hal_gpio.o(i.HAL_GPIO_WritePin)
    i.HAL_GetTick                            0x080014bc   Section        0  stm32f1xx_hal.o(i.HAL_GetTick)
    i.HAL_I2C_Init                           0x080014c8   Section        0  stm32f1xx_hal_i2c.o(i.HAL_I2C_Init)
    i.HAL_I2C_MspInit                        0x08001644   Section        0  stm32f1xx_hal_msp.o(i.HAL_I2C_MspInit)
    i.HAL_IncTick                            0x080016a0   Section        0  stm32f1xx_hal.o(i.HAL_IncTick)
    i.HAL_Init                               0x080016b0   Section        0  stm32f1xx_hal.o(i.HAL_Init)
    i.HAL_InitTick                           0x080016d4   Section        0  stm32f1xx_hal_timebase_tim.o(i.HAL_InitTick)
    i.HAL_MspInit                            0x0800176c   Section        0  stm32f1xx_hal_msp.o(i.HAL_MspInit)
    i.HAL_NVIC_EnableIRQ                     0x080017b4   Section        0  stm32f1xx_hal_cortex.o(i.HAL_NVIC_EnableIRQ)
    i.HAL_NVIC_SetPriority                   0x080017d0   Section        0  stm32f1xx_hal_cortex.o(i.HAL_NVIC_SetPriority)
    i.HAL_NVIC_SetPriorityGrouping           0x08001810   Section        0  stm32f1xx_hal_cortex.o(i.HAL_NVIC_SetPriorityGrouping)
    i.HAL_RCCEx_PeriphCLKConfig              0x08001834   Section        0  stm32f1xx_hal_rcc_ex.o(i.HAL_RCCEx_PeriphCLKConfig)
    i.HAL_RCC_ClockConfig                    0x08001924   Section        0  stm32f1xx_hal_rcc.o(i.HAL_RCC_ClockConfig)
    i.HAL_RCC_GetClockConfig                 0x08001a50   Section        0  stm32f1xx_hal_rcc.o(i.HAL_RCC_GetClockConfig)
    i.HAL_RCC_GetPCLK1Freq                   0x08001a90   Section        0  stm32f1xx_hal_rcc.o(i.HAL_RCC_GetPCLK1Freq)
    i.HAL_RCC_GetPCLK2Freq                   0x08001ab0   Section        0  stm32f1xx_hal_rcc.o(i.HAL_RCC_GetPCLK2Freq)
    i.HAL_RCC_GetSysClockFreq                0x08001ad0   Section        0  stm32f1xx_hal_rcc.o(i.HAL_RCC_GetSysClockFreq)
    i.HAL_RCC_OscConfig                      0x08001b1c   Section        0  stm32f1xx_hal_rcc.o(i.HAL_RCC_OscConfig)
    i.HAL_TIMEx_BreakCallback                0x08001e44   Section        0  stm32f1xx_hal_tim_ex.o(i.HAL_TIMEx_BreakCallback)
    i.HAL_TIMEx_CommutCallback               0x08001e46   Section        0  stm32f1xx_hal_tim_ex.o(i.HAL_TIMEx_CommutCallback)
    i.HAL_TIMEx_MasterConfigSynchronization  0x08001e48   Section        0  stm32f1xx_hal_tim_ex.o(i.HAL_TIMEx_MasterConfigSynchronization)
    i.HAL_TIM_Base_Init                      0x08001eb0   Section        0  stm32f1xx_hal_tim.o(i.HAL_TIM_Base_Init)
    i.HAL_TIM_Base_MspInit                   0x08001ef8   Section        0  stm32f1xx_hal_msp.o(i.HAL_TIM_Base_MspInit)
    i.HAL_TIM_Base_Start_IT                  0x08001f48   Section        0  stm32f1xx_hal_tim.o(i.HAL_TIM_Base_Start_IT)
    i.HAL_TIM_ConfigClockSource              0x08001fa0   Section        0  stm32f1xx_hal_tim.o(i.HAL_TIM_ConfigClockSource)
    i.HAL_TIM_IC_CaptureCallback             0x0800207a   Section        0  stm32f1xx_hal_tim.o(i.HAL_TIM_IC_CaptureCallback)
    i.HAL_TIM_IRQHandler                     0x0800207c   Section        0  stm32f1xx_hal_tim.o(i.HAL_TIM_IRQHandler)
    i.HAL_TIM_MspPostInit                    0x080021ac   Section        0  stm32f1xx_hal_msp.o(i.HAL_TIM_MspPostInit)
    i.HAL_TIM_OC_DelayElapsedCallback        0x080021f4   Section        0  stm32f1xx_hal_tim.o(i.HAL_TIM_OC_DelayElapsedCallback)
    i.HAL_TIM_PWM_ConfigChannel              0x080021f6   Section        0  stm32f1xx_hal_tim.o(i.HAL_TIM_PWM_ConfigChannel)
    i.HAL_TIM_PWM_Init                       0x080022c2   Section        0  stm32f1xx_hal_tim.o(i.HAL_TIM_PWM_Init)
    i.HAL_TIM_PWM_MspInit                    0x0800230a   Section        0  stm32f1xx_hal_tim.o(i.HAL_TIM_PWM_MspInit)
    i.HAL_TIM_PWM_PulseFinishedCallback      0x0800230c   Section        0  stm32f1xx_hal_tim.o(i.HAL_TIM_PWM_PulseFinishedCallback)
    i.HAL_TIM_PWM_Start                      0x08002310   Section        0  stm32f1xx_hal_tim.o(i.HAL_TIM_PWM_Start)
    i.HAL_TIM_PeriodElapsedCallback          0x080023ac   Section        0  main.o(i.HAL_TIM_PeriodElapsedCallback)
    i.HAL_TIM_TriggerCallback                0x080023c0   Section        0  stm32f1xx_hal_tim.o(i.HAL_TIM_TriggerCallback)
    i.HAL_UART_Init                          0x080023c2   Section        0  stm32f1xx_hal_uart.o(i.HAL_UART_Init)
    i.HAL_UART_MspInit                       0x08002428   Section        0  stm32f1xx_hal_msp.o(i.HAL_UART_MspInit)
    i.HAL_UART_Receive_IT                    0x080024d4   Section        0  stm32f1xx_hal_uart.o(i.HAL_UART_Receive_IT)
    i.HardFault_Handler                      0x080024f0   Section        0  stm32f1xx_it.o(i.HardFault_Handler)
    i.InitVehicleData                        0x080024f4   Section        0  main.o(i.InitVehicleData)
    i.Input_Handler                          0x0800251c   Section        0  main.o(i.Input_Handler)
    i.MX_ADC1_Init                           0x080026fc   Section        0  main.o(i.MX_ADC1_Init)
    MX_ADC1_Init                             0x080026fd   Thumb Code   136  main.o(i.MX_ADC1_Init)
    i.MX_CAN_Init                            0x0800278c   Section        0  main.o(i.MX_CAN_Init)
    MX_CAN_Init                              0x0800278d   Thumb Code    56  main.o(i.MX_CAN_Init)
    i.MX_GPIO_Init                           0x080027cc   Section        0  main.o(i.MX_GPIO_Init)
    MX_GPIO_Init                             0x080027cd   Thumb Code   192  main.o(i.MX_GPIO_Init)
    i.MX_TIM2_Init                           0x0800289c   Section        0  main.o(i.MX_TIM2_Init)
    MX_TIM2_Init                             0x0800289d   Thumb Code   148  main.o(i.MX_TIM2_Init)
    i.MX_TIM3_Init                           0x08002934   Section        0  main.o(i.MX_TIM3_Init)
    MX_TIM3_Init                             0x08002935   Thumb Code    96  main.o(i.MX_TIM3_Init)
    i.MemManage_Handler                      0x0800299c   Section        0  stm32f1xx_it.o(i.MemManage_Handler)
    i.NMI_Handler                            0x0800299e   Section        0  stm32f1xx_it.o(i.NMI_Handler)
    i.Notify_Handler                         0x080029a0   Section        0  main.o(i.Notify_Handler)
    i.SendVehicleStatus                      0x080029a8   Section        0  main.o(i.SendVehicleStatus)
    i.Servo360_Control                       0x08002a68   Section        0  main.o(i.Servo360_Control)
    i.StartDefaultTask                       0x08002a9c   Section        0  main.o(i.StartDefaultTask)
    i.SysTick_Handler                        0x08002aa4   Section        0  port.o(i.SysTick_Handler)
    i.SystemClock_Config                     0x08002ad0   Section        0  main.o(i.SystemClock_Config)
    i.SystemInit                             0x08002b46   Section        0  system_stm32f1xx.o(i.SystemInit)
    i.TIM3_IRQHandler                        0x08002b48   Section        0  stm32f1xx_it.o(i.TIM3_IRQHandler)
    i.TIM4_IRQHandler                        0x08002b54   Section        0  stm32f1xx_it.o(i.TIM4_IRQHandler)
    i.TIM_Base_SetConfig                     0x08002b60   Section        0  stm32f1xx_hal_tim.o(i.TIM_Base_SetConfig)
    i.TIM_CCxChannelCmd                      0x08002bd8   Section        0  stm32f1xx_hal_tim.o(i.TIM_CCxChannelCmd)
    i.TIM_ETR_SetConfig                      0x08002bf2   Section        0  stm32f1xx_hal_tim.o(i.TIM_ETR_SetConfig)
    i.TIM_ITRx_SetConfig                     0x08002c06   Section        0  stm32f1xx_hal_tim.o(i.TIM_ITRx_SetConfig)
    TIM_ITRx_SetConfig                       0x08002c07   Thumb Code    16  stm32f1xx_hal_tim.o(i.TIM_ITRx_SetConfig)
    i.TIM_OC1_SetConfig                      0x08002c18   Section        0  stm32f1xx_hal_tim.o(i.TIM_OC1_SetConfig)
    TIM_OC1_SetConfig                        0x08002c19   Thumb Code    74  stm32f1xx_hal_tim.o(i.TIM_OC1_SetConfig)
    i.TIM_OC2_SetConfig                      0x08002c68   Section        0  stm32f1xx_hal_tim.o(i.TIM_OC2_SetConfig)
    i.TIM_OC3_SetConfig                      0x08002cc0   Section        0  stm32f1xx_hal_tim.o(i.TIM_OC3_SetConfig)
    TIM_OC3_SetConfig                        0x08002cc1   Thumb Code    82  stm32f1xx_hal_tim.o(i.TIM_OC3_SetConfig)
    i.TIM_OC4_SetConfig                      0x08002d18   Section        0  stm32f1xx_hal_tim.o(i.TIM_OC4_SetConfig)
    TIM_OC4_SetConfig                        0x08002d19   Thumb Code    64  stm32f1xx_hal_tim.o(i.TIM_OC4_SetConfig)
    i.TIM_TI1_ConfigInputStage               0x08002d5c   Section        0  stm32f1xx_hal_tim.o(i.TIM_TI1_ConfigInputStage)
    TIM_TI1_ConfigInputStage                 0x08002d5d   Thumb Code    34  stm32f1xx_hal_tim.o(i.TIM_TI1_ConfigInputStage)
    i.TIM_TI2_ConfigInputStage               0x08002d7e   Section        0  stm32f1xx_hal_tim.o(i.TIM_TI2_ConfigInputStage)
    TIM_TI2_ConfigInputStage                 0x08002d7f   Thumb Code    36  stm32f1xx_hal_tim.o(i.TIM_TI2_ConfigInputStage)
    i.UART_SetConfig                         0x08002da4   Section        0  stm32f1xx_hal_uart.o(i.UART_SetConfig)
    UART_SetConfig                           0x08002da5   Thumb Code   136  stm32f1xx_hal_uart.o(i.UART_SetConfig)
    i.UART_Start_Receive_IT                  0x08002e30   Section        0  stm32f1xx_hal_uart.o(i.UART_Start_Receive_IT)
    i.UsageFault_Handler                     0x08002e66   Section        0  stm32f1xx_it.o(i.UsageFault_Handler)
    i.__ARM_fpclassifyf                      0x08002e68   Section        0  fpclassifyf.o(i.__ARM_fpclassifyf)
    i.__NVIC_SetPriority                     0x08002e90   Section        0  stm32f1xx_hal_cortex.o(i.__NVIC_SetPriority)
    __NVIC_SetPriority                       0x08002e91   Thumb Code    22  stm32f1xx_hal_cortex.o(i.__NVIC_SetPriority)
    i.__mathlib_flt_underflow                0x08002eb0   Section        0  funder.o(i.__mathlib_flt_underflow)
    i.atan2f                                 0x08002ebc   Section        0  atan2f.o(i.atan2f)
    i.main                                   0x08003110   Section        0  main.o(i.main)
    i.makeFreeRtosPriority                   0x08003270   Section        0  cmsis_os.o(i.makeFreeRtosPriority)
    makeFreeRtosPriority                     0x08003271   Thumb Code    12  cmsis_os.o(i.makeFreeRtosPriority)
    i.osDelay                                0x0800327c   Section        0  cmsis_os.o(i.osDelay)
    i.osKernelStart                          0x0800328c   Section        0  cmsis_os.o(i.osKernelStart)
    i.osThreadCreate                         0x08003296   Section        0  cmsis_os.o(i.osThreadCreate)
    i.prvAddCurrentTaskToDelayedList         0x080032f4   Section        0  tasks.o(i.prvAddCurrentTaskToDelayedList)
    prvAddCurrentTaskToDelayedList           0x080032f5   Thumb Code   108  tasks.o(i.prvAddCurrentTaskToDelayedList)
    i.prvAddNewTaskToReadyList               0x08003368   Section        0  tasks.o(i.prvAddNewTaskToReadyList)
    prvAddNewTaskToReadyList                 0x08003369   Thumb Code   124  tasks.o(i.prvAddNewTaskToReadyList)
    i.prvCheckTasksWaitingTermination        0x080033f0   Section        0  tasks.o(i.prvCheckTasksWaitingTermination)
    prvCheckTasksWaitingTermination          0x080033f1   Thumb Code    56  tasks.o(i.prvCheckTasksWaitingTermination)
    i.prvDeleteTCB                           0x08003430   Section        0  tasks.o(i.prvDeleteTCB)
    prvDeleteTCB                             0x08003431   Thumb Code    64  tasks.o(i.prvDeleteTCB)
    i.prvHeapInit                            0x08003470   Section        0  heap_4.o(i.prvHeapInit)
    prvHeapInit                              0x08003471   Thumb Code    70  heap_4.o(i.prvHeapInit)
    i.prvIdleTask                            0x080034c0   Section        0  tasks.o(i.prvIdleTask)
    prvIdleTask                              0x080034c1   Thumb Code    30  tasks.o(i.prvIdleTask)
    i.prvInitialiseNewTask                   0x080034e8   Section        0  tasks.o(i.prvInitialiseNewTask)
    prvInitialiseNewTask                     0x080034e9   Thumb Code   126  tasks.o(i.prvInitialiseNewTask)
    i.prvInitialiseTaskLists                 0x08003568   Section        0  tasks.o(i.prvInitialiseTaskLists)
    prvInitialiseTaskLists                   0x08003569   Thumb Code    66  tasks.o(i.prvInitialiseTaskLists)
    i.prvInsertBlockIntoFreeList             0x080035c8   Section        0  heap_4.o(i.prvInsertBlockIntoFreeList)
    prvInsertBlockIntoFreeList               0x080035c9   Thumb Code    84  heap_4.o(i.prvInsertBlockIntoFreeList)
    i.prvResetNextTaskUnblockTime            0x08003624   Section        0  tasks.o(i.prvResetNextTaskUnblockTime)
    prvResetNextTaskUnblockTime              0x08003625   Thumb Code    30  tasks.o(i.prvResetNextTaskUnblockTime)
    i.prvTaskExitError                       0x08003648   Section        0  port.o(i.prvTaskExitError)
    prvTaskExitError                         0x08003649   Thumb Code    40  port.o(i.prvTaskExitError)
    i.pvPortMalloc                           0x08003674   Section        0  heap_4.o(i.pvPortMalloc)
    i.pxPortInitialiseStack                  0x0800375c   Section        0  port.o(i.pxPortInitialiseStack)
    i.uxListRemove                           0x08003780   Section        0  list.o(i.uxListRemove)
    i.vApplicationGetIdleTaskMemory          0x080037a8   Section        0  freertos.o(i.vApplicationGetIdleTaskMemory)
    i.vListInitialise                        0x080037bc   Section        0  list.o(i.vListInitialise)
    i.vListInitialiseItem                    0x080037d2   Section        0  list.o(i.vListInitialiseItem)
    i.vListInsert                            0x080037d8   Section        0  list.o(i.vListInsert)
    i.vListInsertEnd                         0x0800380e   Section        0  list.o(i.vListInsertEnd)
    i.vPortEnterCritical                     0x08003828   Section        0  port.o(i.vPortEnterCritical)
    i.vPortExitCritical                      0x08003868   Section        0  port.o(i.vPortExitCritical)
    i.vPortFree                              0x08003894   Section        0  heap_4.o(i.vPortFree)
    i.vPortSetupTimerInterrupt               0x080038f8   Section        0  port.o(i.vPortSetupTimerInterrupt)
    i.vTaskDelay                             0x0800391c   Section        0  tasks.o(i.vTaskDelay)
    i.vTaskStartScheduler                    0x0800396c   Section        0  tasks.o(i.vTaskStartScheduler)
    i.vTaskSuspendAll                        0x080039f4   Section        0  tasks.o(i.vTaskSuspendAll)
    i.vTaskSwitchContext                     0x08003a04   Section        0  tasks.o(i.vTaskSwitchContext)
    i.xPortStartScheduler                    0x08003a64   Section        0  port.o(i.xPortStartScheduler)
    i.xTaskCreate                            0x08003b18   Section        0  tasks.o(i.xTaskCreate)
    i.xTaskCreateStatic                      0x08003b82   Section        0  tasks.o(i.xTaskCreateStatic)
    i.xTaskIncrementTick                     0x08003be4   Section        0  tasks.o(i.xTaskIncrementTick)
    i.xTaskResumeAll                         0x08003cb8   Section        0  tasks.o(i.xTaskResumeAll)
    x$fpl$d2f                                0x08003d84   Section       98  d2f.o(x$fpl$d2f)
    x$fpl$ddiv                               0x08003de8   Section      688  ddiv.o(x$fpl$ddiv)
    ddiv_entry                               0x08003def   Thumb Code     0  ddiv.o(x$fpl$ddiv)
    x$fpl$dnaninf                            0x08004098   Section      156  dnaninf.o(x$fpl$dnaninf)
    x$fpl$dretinf                            0x08004134   Section       12  dretinf.o(x$fpl$dretinf)
    x$fpl$f2d                                0x08004140   Section       86  f2d.o(x$fpl$f2d)
    x$fpl$fadd                               0x08004198   Section      196  faddsub_clz.o(x$fpl$fadd)
    _fadd1                                   0x080041a7   Thumb Code     0  faddsub_clz.o(x$fpl$fadd)
    x$fpl$fcheck1                            0x0800425c   Section       12  fcheck1.o(x$fpl$fcheck1)
    x$fpl$fdiv                               0x08004268   Section      388  fdiv.o(x$fpl$fdiv)
    _fdiv1                                   0x08004269   Thumb Code     0  fdiv.o(x$fpl$fdiv)
    x$fpl$fflt                               0x080043ec   Section       48  fflt_clz.o(x$fpl$fflt)
    x$fpl$fmul                               0x0800441c   Section      258  fmul.o(x$fpl$fmul)
    x$fpl$fnaninf                            0x0800451e   Section      140  fnaninf.o(x$fpl$fnaninf)
    x$fpl$fretinf                            0x080045aa   Section       10  fretinf.o(x$fpl$fretinf)
    x$fpl$frsb                               0x080045b4   Section       20  faddsub_clz.o(x$fpl$frsb)
    x$fpl$fsub                               0x080045c8   Section      234  faddsub_clz.o(x$fpl$fsub)
    _fsub1                                   0x080045d7   Thumb Code     0  faddsub_clz.o(x$fpl$fsub)
    x$fpl$retnan                             0x080046b2   Section      100  retnan.o(x$fpl$retnan)
    x$fpl$scalbnf                            0x08004716   Section       76  scalbnf.o(x$fpl$scalbnf)
    x$fpl$trapveneer                         0x08004762   Section       48  trapv.o(x$fpl$trapveneer)
    x$fpl$usenofp                            0x08004792   Section        0  usenofp.o(x$fpl$usenofp)
    .constdata                               0x08004794   Section      168  main.o(.constdata)
    .constdata                               0x0800483c   Section       18  stm32f1xx_hal_rcc.o(.constdata)
    aPredivFactorTable                       0x0800483c   Data           2  stm32f1xx_hal_rcc.o(.constdata)
    aPLLMULFactorTable                       0x0800483e   Data          16  stm32f1xx_hal_rcc.o(.constdata)
    .constdata                               0x0800484e   Section       16  system_stm32f1xx.o(.constdata)
    .constdata                               0x0800485e   Section        8  system_stm32f1xx.o(.constdata)
    .conststring                             0x08004866   Section       80  main.o(.conststring)
    .data                                    0x20000000   Section       60  main.o(.data)
    .data                                    0x2000003c   Section       12  stm32f1xx_hal.o(.data)
    .data                                    0x20000048   Section        4  system_stm32f1xx.o(.data)
    .data                                    0x2000004c   Section       60  tasks.o(.data)
    uxDeletedTasksWaitingCleanUp             0x20000050   Data           4  tasks.o(.data)
    uxCurrentNumberOfTasks                   0x20000054   Data           4  tasks.o(.data)
    xTickCount                               0x20000058   Data           4  tasks.o(.data)
    uxTopReadyPriority                       0x2000005c   Data           4  tasks.o(.data)
    xSchedulerRunning                        0x20000060   Data           4  tasks.o(.data)
    xPendedTicks                             0x20000064   Data           4  tasks.o(.data)
    xYieldPending                            0x20000068   Data           4  tasks.o(.data)
    xNumOfOverflows                          0x2000006c   Data           4  tasks.o(.data)
    uxTaskNumber                             0x20000070   Data           4  tasks.o(.data)
    xNextTaskUnblockTime                     0x20000074   Data           4  tasks.o(.data)
    xIdleTaskHandle                          0x20000078   Data           4  tasks.o(.data)
    uxSchedulerSuspended                     0x2000007c   Data           4  tasks.o(.data)
    pxDelayedTaskList                        0x20000080   Data           4  tasks.o(.data)
    pxOverflowDelayedTaskList                0x20000084   Data           4  tasks.o(.data)
    .data                                    0x20000088   Section       32  heap_4.o(.data)
    pxEnd                                    0x20000088   Data           4  heap_4.o(.data)
    xFreeBytesRemaining                      0x2000008c   Data           4  heap_4.o(.data)
    xMinimumEverFreeBytesRemaining           0x20000090   Data           4  heap_4.o(.data)
    xNumberOfSuccessfulAllocations           0x20000094   Data           4  heap_4.o(.data)
    xNumberOfSuccessfulFrees                 0x20000098   Data           4  heap_4.o(.data)
    xBlockAllocatedBit                       0x2000009c   Data           4  heap_4.o(.data)
    xStart                                   0x200000a0   Data           8  heap_4.o(.data)
    .data                                    0x200000a8   Section       12  port.o(.data)
    ucMaxSysCallPriority                     0x200000a8   Data           1  port.o(.data)
    uxCriticalNesting                        0x200000ac   Data           4  port.o(.data)
    ulMaxPRIGROUPValue                       0x200000b0   Data           4  port.o(.data)
    .data                                    0x200000b4   Section        2  gps.o(.data)
    .bss                                     0x200000b8   Section     1192  main.o(.bss)
    xTimerTaskTCB                            0x2000030c   Data          84  main.o(.bss)
    xTimerStack                              0x20000360   Data         512  main.o(.bss)
    .bss                                     0x20000560   Section       68  main.o(.bss)
    .bss                                     0x200005a4   Section      596  freertos.o(.bss)
    xIdleTaskTCBBuffer                       0x200005a4   Data          84  freertos.o(.bss)
    xIdleStack                               0x200005f8   Data         512  freertos.o(.bss)
    .bss                                     0x200007f8   Section       72  stm32f1xx_hal_timebase_tim.o(.bss)
    .bss                                     0x20000840   Section      240  tasks.o(.bss)
    pxReadyTasksLists                        0x20000840   Data         140  tasks.o(.bss)
    xDelayedTaskList1                        0x200008cc   Data          20  tasks.o(.bss)
    xDelayedTaskList2                        0x200008e0   Data          20  tasks.o(.bss)
    xPendingReadyList                        0x200008f4   Data          20  tasks.o(.bss)
    xTasksWaitingTermination                 0x20000908   Data          20  tasks.o(.bss)
    xSuspendedTaskList                       0x2000091c   Data          20  tasks.o(.bss)
    .bss                                     0x20000930   Section     4096  heap_4.o(.bss)
    ucHeap                                   0x20000930   Data        4096  heap_4.o(.bss)
    .bss                                     0x20001930   Section       96  libspace.o(.bss)
    HEAP                                     0x20001990   Section      512  startup_stm32f103xb.o(HEAP)
    Heap_Mem                                 0x20001990   Data         512  startup_stm32f103xb.o(HEAP)
    STACK                                    0x20001b90   Section     1024  startup_stm32f103xb.o(STACK)
    Stack_Mem                                0x20001b90   Data        1024  startup_stm32f103xb.o(STACK)
    __initial_sp                             0x20001f90   Data           0  startup_stm32f103xb.o(STACK)

    Global Symbols

    Symbol Name                              Value     Ov Type        Size  Object(Section)

    BuildAttributes$$THM_ISAv4$P$D$K$B$S$PE$A:L22UL41UL21$X:L11$S22US41US21$IEEE1$IW$USESV6$~STKCKD$USESV7$~SHL$OTIME$ROPI$IEEEX$EBA8$UX$STANDARDLIB$REQ8$PRES8$EABIv2 0x00000000   Number         0  anon$$obj.o ABSOLUTE
    __ARM_use_no_argv                        0x00000000   Number         0  main.o ABSOLUTE
    _printf_flags                            0x00000000   Number         0  printf_stubs.o ABSOLUTE
    _printf_return_value                     0x00000000   Number         0  printf_stubs.o ABSOLUTE
    _printf_sizespec                         0x00000000   Number         0  printf_stubs.o ABSOLUTE
    _printf_widthprec                        0x00000000   Number         0  printf_stubs.o ABSOLUTE
    __ARM_exceptions_init                     - Undefined Weak Reference
    __alloca_initialize                       - Undefined Weak Reference
    __cpp_initialize__aeabi_                  - Undefined Weak Reference
    __cxa_finalize                            - Undefined Weak Reference
    __sigvec_lookup                           - Undefined Weak Reference
    _atexit_init                              - Undefined Weak Reference
    _call_atexit_fns                          - Undefined Weak Reference
    _clock_init                               - Undefined Weak Reference
    _fp_trap_init                             - Undefined Weak Reference
    _fp_trap_shutdown                         - Undefined Weak Reference
    _get_lc_collate                           - Undefined Weak Reference
    _get_lc_monetary                          - Undefined Weak Reference
    _get_lc_time                              - Undefined Weak Reference
    _getenv_init                              - Undefined Weak Reference
    _handle_redirection                       - Undefined Weak Reference
    _init_alloc                               - Undefined Weak Reference
    _init_user_alloc                          - Undefined Weak Reference
    _initio                                   - Undefined Weak Reference
    _printf_mbtowc                            - Undefined Weak Reference
    _printf_wc                                - Undefined Weak Reference
    _rand_init                                - Undefined Weak Reference
    _scanf_longlong                           - Undefined Weak Reference
    _scanf_mbtowc                             - Undefined Weak Reference
    _scanf_wctomb                             - Undefined Weak Reference
    _scanf_wstring                            - Undefined Weak Reference
    _signal_finish                            - Undefined Weak Reference
    _signal_init                              - Undefined Weak Reference
    _terminate_alloc                          - Undefined Weak Reference
    _terminate_user_alloc                     - Undefined Weak Reference
    _terminateio                              - Undefined Weak Reference
    __Vectors_Size                           0x000000ec   Number         0  startup_stm32f103xb.o ABSOLUTE
    __Vectors                                0x08000000   Data           4  startup_stm32f103xb.o(RESET)
    __Vectors_End                            0x080000ec   Data           0  startup_stm32f103xb.o(RESET)
    __main                                   0x080000ed   Thumb Code     8  __main.o(!!!main)
    __scatterload                            0x080000f5   Thumb Code     0  __scatter.o(!!!scatter)
    __scatterload_rt2                        0x080000f5   Thumb Code    44  __scatter.o(!!!scatter)
    __scatterload_rt2_thumb_only             0x080000f5   Thumb Code     0  __scatter.o(!!!scatter)
    __scatterload_null                       0x08000103   Thumb Code     0  __scatter.o(!!!scatter)
    __scatterload_copy                       0x08000129   Thumb Code    26  __scatter_copy.o(!!handler_copy)
    __scatterload_zeroinit                   0x08000145   Thumb Code    28  __scatter_zi.o(!!handler_zi)
    __rt_lib_init                            0x08000161   Thumb Code     0  libinit.o(.ARM.Collect$$libinit$$00000000)
    __rt_lib_init_alloca_1                   0x08000163   Thumb Code     0  libinit2.o(.ARM.Collect$$libinit$$0000002C)
    __rt_lib_init_argv_1                     0x08000163   Thumb Code     0  libinit2.o(.ARM.Collect$$libinit$$0000002A)
    __rt_lib_init_atexit_1                   0x08000163   Thumb Code     0  libinit2.o(.ARM.Collect$$libinit$$00000019)
    __rt_lib_init_clock_1                    0x08000163   Thumb Code     0  libinit2.o(.ARM.Collect$$libinit$$0000001F)
    __rt_lib_init_cpp_1                      0x08000163   Thumb Code     0  libinit2.o(.ARM.Collect$$libinit$$00000030)
    __rt_lib_init_exceptions_1               0x08000163   Thumb Code     0  libinit2.o(.ARM.Collect$$libinit$$0000002E)
    __rt_lib_init_fp_1                       0x08000163   Thumb Code     0  libinit2.o(.ARM.Collect$$libinit$$00000002)
    __rt_lib_init_fp_trap_1                  0x08000163   Thumb Code     0  libinit2.o(.ARM.Collect$$libinit$$0000001D)
    __rt_lib_init_getenv_1                   0x08000163   Thumb Code     0  libinit2.o(.ARM.Collect$$libinit$$00000021)
    __rt_lib_init_heap_1                     0x08000163   Thumb Code     0  libinit2.o(.ARM.Collect$$libinit$$00000008)
    __rt_lib_init_lc_collate_1               0x08000163   Thumb Code     0  libinit2.o(.ARM.Collect$$libinit$$0000000F)
    __rt_lib_init_lc_ctype_1                 0x08000163   Thumb Code     0  libinit2.o(.ARM.Collect$$libinit$$00000011)
    __rt_lib_init_lc_monetary_1              0x08000163   Thumb Code     0  libinit2.o(.ARM.Collect$$libinit$$00000013)
    __rt_lib_init_lc_numeric_1               0x08000163   Thumb Code     0  libinit2.o(.ARM.Collect$$libinit$$00000015)
    __rt_lib_init_lc_time_1                  0x08000163   Thumb Code     0  libinit2.o(.ARM.Collect$$libinit$$00000017)
    __rt_lib_init_rand_1                     0x08000163   Thumb Code     0  libinit2.o(.ARM.Collect$$libinit$$0000000C)
    __rt_lib_init_return                     0x08000163   Thumb Code     0  libinit2.o(.ARM.Collect$$libinit$$00000031)
    __rt_lib_init_signal_1                   0x08000163   Thumb Code     0  libinit2.o(.ARM.Collect$$libinit$$0000001B)
    __rt_lib_init_stdio_1                    0x08000163   Thumb Code     0  libinit2.o(.ARM.Collect$$libinit$$00000023)
    __rt_lib_init_user_alloc_1               0x08000163   Thumb Code     0  libinit2.o(.ARM.Collect$$libinit$$0000000A)
    __rt_lib_shutdown                        0x08000165   Thumb Code     0  libshutdown.o(.ARM.Collect$$libshutdown$$00000000)
    __rt_lib_shutdown_fp_trap_1              0x08000167   Thumb Code     0  libshutdown2.o(.ARM.Collect$$libshutdown$$00000006)
    __rt_lib_shutdown_heap_1                 0x08000167   Thumb Code     0  libshutdown2.o(.ARM.Collect$$libshutdown$$0000000E)
    __rt_lib_shutdown_return                 0x08000167   Thumb Code     0  libshutdown2.o(.ARM.Collect$$libshutdown$$0000000F)
    __rt_lib_shutdown_signal_1               0x08000167   Thumb Code     0  libshutdown2.o(.ARM.Collect$$libshutdown$$00000009)
    __rt_lib_shutdown_stdio_1                0x08000167   Thumb Code     0  libshutdown2.o(.ARM.Collect$$libshutdown$$00000003)
    __rt_lib_shutdown_user_alloc_1           0x08000167   Thumb Code     0  libshutdown2.o(.ARM.Collect$$libshutdown$$0000000B)
    __rt_entry                               0x08000169   Thumb Code     0  rtentry.o(.ARM.Collect$$rtentry$$00000000)
    __rt_entry_presh_1                       0x08000169   Thumb Code     0  rtentry2.o(.ARM.Collect$$rtentry$$00000002)
    __rt_entry_sh                            0x08000169   Thumb Code     0  rtentry4.o(.ARM.Collect$$rtentry$$00000004)
    __rt_entry_li                            0x0800016f   Thumb Code     0  rtentry2.o(.ARM.Collect$$rtentry$$0000000A)
    __rt_entry_postsh_1                      0x0800016f   Thumb Code     0  rtentry2.o(.ARM.Collect$$rtentry$$00000009)
    __rt_entry_main                          0x08000173   Thumb Code     0  rtentry2.o(.ARM.Collect$$rtentry$$0000000D)
    __rt_entry_postli_1                      0x08000173   Thumb Code     0  rtentry2.o(.ARM.Collect$$rtentry$$0000000C)
    __rt_exit                                0x0800017b   Thumb Code     0  rtexit.o(.ARM.Collect$$rtexit$$00000000)
    __rt_exit_ls                             0x0800017d   Thumb Code     0  rtexit2.o(.ARM.Collect$$rtexit$$00000003)
    __rt_exit_prels_1                        0x0800017d   Thumb Code     0  rtexit2.o(.ARM.Collect$$rtexit$$00000002)
    __rt_exit_exit                           0x08000181   Thumb Code     0  rtexit2.o(.ARM.Collect$$rtexit$$00000004)
    SVC_Handler                              0x08000189   Thumb Code    32  port.o(.emb_text)
    __asm___6_port_c_39a90d8d__prvStartFirstTask 0x080001ad   Thumb Code    28  port.o(.emb_text)
    PendSV_Handler                           0x080001cd   Thumb Code    72  port.o(.emb_text)
    vPortGetIPSR                             0x08000219   Thumb Code     6  port.o(.emb_text)
    Reset_Handler                            0x08000221   Thumb Code     8  startup_stm32f103xb.o(.text)
    ADC1_2_IRQHandler                        0x0800023b   Thumb Code     0  startup_stm32f103xb.o(.text)
    CAN1_RX1_IRQHandler                      0x0800023b   Thumb Code     0  startup_stm32f103xb.o(.text)
    CAN1_SCE_IRQHandler                      0x0800023b   Thumb Code     0  startup_stm32f103xb.o(.text)
    DMA1_Channel2_IRQHandler                 0x0800023b   Thumb Code     0  startup_stm32f103xb.o(.text)
    DMA1_Channel3_IRQHandler                 0x0800023b   Thumb Code     0  startup_stm32f103xb.o(.text)
    DMA1_Channel4_IRQHandler                 0x0800023b   Thumb Code     0  startup_stm32f103xb.o(.text)
    DMA1_Channel5_IRQHandler                 0x0800023b   Thumb Code     0  startup_stm32f103xb.o(.text)
    DMA1_Channel6_IRQHandler                 0x0800023b   Thumb Code     0  startup_stm32f103xb.o(.text)
    DMA1_Channel7_IRQHandler                 0x0800023b   Thumb Code     0  startup_stm32f103xb.o(.text)
    EXTI0_IRQHandler                         0x0800023b   Thumb Code     0  startup_stm32f103xb.o(.text)
    EXTI15_10_IRQHandler                     0x0800023b   Thumb Code     0  startup_stm32f103xb.o(.text)
    EXTI1_IRQHandler                         0x0800023b   Thumb Code     0  startup_stm32f103xb.o(.text)
    EXTI2_IRQHandler                         0x0800023b   Thumb Code     0  startup_stm32f103xb.o(.text)
    EXTI3_IRQHandler                         0x0800023b   Thumb Code     0  startup_stm32f103xb.o(.text)
    EXTI4_IRQHandler                         0x0800023b   Thumb Code     0  startup_stm32f103xb.o(.text)
    EXTI9_5_IRQHandler                       0x0800023b   Thumb Code     0  startup_stm32f103xb.o(.text)
    FLASH_IRQHandler                         0x0800023b   Thumb Code     0  startup_stm32f103xb.o(.text)
    I2C1_ER_IRQHandler                       0x0800023b   Thumb Code     0  startup_stm32f103xb.o(.text)
    I2C1_EV_IRQHandler                       0x0800023b   Thumb Code     0  startup_stm32f103xb.o(.text)
    I2C2_ER_IRQHandler                       0x0800023b   Thumb Code     0  startup_stm32f103xb.o(.text)
    I2C2_EV_IRQHandler                       0x0800023b   Thumb Code     0  startup_stm32f103xb.o(.text)
    PVD_IRQHandler                           0x0800023b   Thumb Code     0  startup_stm32f103xb.o(.text)
    RCC_IRQHandler                           0x0800023b   Thumb Code     0  startup_stm32f103xb.o(.text)
    RTC_Alarm_IRQHandler                     0x0800023b   Thumb Code     0  startup_stm32f103xb.o(.text)
    RTC_IRQHandler                           0x0800023b   Thumb Code     0  startup_stm32f103xb.o(.text)
    SPI1_IRQHandler                          0x0800023b   Thumb Code     0  startup_stm32f103xb.o(.text)
    SPI2_IRQHandler                          0x0800023b   Thumb Code     0  startup_stm32f103xb.o(.text)
    TAMPER_IRQHandler                        0x0800023b   Thumb Code     0  startup_stm32f103xb.o(.text)
    TIM1_BRK_IRQHandler                      0x0800023b   Thumb Code     0  startup_stm32f103xb.o(.text)
    TIM1_CC_IRQHandler                       0x0800023b   Thumb Code     0  startup_stm32f103xb.o(.text)
    TIM1_TRG_COM_IRQHandler                  0x0800023b   Thumb Code     0  startup_stm32f103xb.o(.text)
    TIM1_UP_IRQHandler                       0x0800023b   Thumb Code     0  startup_stm32f103xb.o(.text)
    TIM2_IRQHandler                          0x0800023b   Thumb Code     0  startup_stm32f103xb.o(.text)
    USART1_IRQHandler                        0x0800023b   Thumb Code     0  startup_stm32f103xb.o(.text)
    USART2_IRQHandler                        0x0800023b   Thumb Code     0  startup_stm32f103xb.o(.text)
    USART3_IRQHandler                        0x0800023b   Thumb Code     0  startup_stm32f103xb.o(.text)
    USBWakeUp_IRQHandler                     0x0800023b   Thumb Code     0  startup_stm32f103xb.o(.text)
    USB_HP_CAN1_TX_IRQHandler                0x0800023b   Thumb Code     0  startup_stm32f103xb.o(.text)
    USB_LP_CAN1_RX0_IRQHandler               0x0800023b   Thumb Code     0  startup_stm32f103xb.o(.text)
    WWDG_IRQHandler                          0x0800023b   Thumb Code     0  startup_stm32f103xb.o(.text)
    __user_initial_stackheap                 0x0800023d   Thumb Code     0  startup_stm32f103xb.o(.text)
    __aeabi_memcpy                           0x08000261   Thumb Code     0  rt_memcpy_v6.o(.text)
    __rt_memcpy                              0x08000261   Thumb Code   138  rt_memcpy_v6.o(.text)
    _memcpy_lastbytes                        0x080002c7   Thumb Code     0  rt_memcpy_v6.o(.text)
    __aeabi_memcpy4                          0x080002eb   Thumb Code     0  rt_memcpy_w.o(.text)
    __aeabi_memcpy8                          0x080002eb   Thumb Code     0  rt_memcpy_w.o(.text)
    __rt_memcpy_w                            0x080002eb   Thumb Code   100  rt_memcpy_w.o(.text)
    _memcpy_lastbytes_aligned                0x08000333   Thumb Code     0  rt_memcpy_w.o(.text)
    __aeabi_memclr4                          0x0800034f   Thumb Code     0  rt_memclr_w.o(.text)
    __aeabi_memclr8                          0x0800034f   Thumb Code     0  rt_memclr_w.o(.text)
    __rt_memclr_w                            0x0800034f   Thumb Code    78  rt_memclr_w.o(.text)
    _memset_w                                0x08000353   Thumb Code     0  rt_memclr_w.o(.text)
    __use_two_region_memory                  0x0800039d   Thumb Code     2  heapauxi.o(.text)
    __rt_heap_escrow$2region                 0x0800039f   Thumb Code     2  heapauxi.o(.text)
    __rt_heap_expand$2region                 0x080003a1   Thumb Code     2  heapauxi.o(.text)
    __user_libspace                          0x080003a5   Thumb Code     8  libspace.o(.text)
    __user_perproc_libspace                  0x080003a5   Thumb Code     0  libspace.o(.text)
    __user_perthread_libspace                0x080003a5   Thumb Code     0  libspace.o(.text)
    __user_setup_stackheap                   0x080003ad   Thumb Code    74  sys_stackheap_outer.o(.text)
    exit                                     0x080003f7   Thumb Code    12  exit.o(.text)
    _sys_exit                                0x08000405   Thumb Code     8  sys_exit.o(.text)
    __I$use$semihosting                      0x08000411   Thumb Code     0  use_no_semi.o(.text)
    __use_no_semihosting_swi                 0x08000411   Thumb Code     2  use_no_semi.o(.text)
    __semihosting_library_function           0x08000413   Thumb Code     0  indicate_semi.o(.text)
    ADC_ConversionStop_Disable               0x08000415   Thumb Code    86  stm32f1xx_hal_adc.o(i.ADC_ConversionStop_Disable)
    ADC_DMAConvCplt                          0x0800046b   Thumb Code    78  stm32f1xx_hal_adc.o(i.ADC_DMAConvCplt)
    ADC_DMAError                             0x080004b9   Thumb Code    26  stm32f1xx_hal_adc.o(i.ADC_DMAError)
    ADC_DMAHalfConvCplt                      0x080004d3   Thumb Code    10  stm32f1xx_hal_adc.o(i.ADC_DMAHalfConvCplt)
    ADC_Enable                               0x080004dd   Thumb Code   114  stm32f1xx_hal_adc.o(i.ADC_Enable)
    BusFault_Handler                         0x08000559   Thumb Code     2  stm32f1xx_it.o(i.BusFault_Handler)
    CAN_Handler                              0x0800055d   Thumb Code   164  main.o(i.CAN_Handler)
    Compute_Handler                          0x0800060d   Thumb Code    40  main.o(i.Compute_Handler)
    Control_Handler                          0x0800063d   Thumb Code   412  main.o(i.Control_Handler)
    DMA1_Channel1_IRQHandler                 0x080007e5   Thumb Code     6  stm32f1xx_it.o(i.DMA1_Channel1_IRQHandler)
    DebugMon_Handler                         0x0800081b   Thumb Code     2  stm32f1xx_it.o(i.DebugMon_Handler)
    Error_Handler                            0x0800081d   Thumb Code     4  main.o(i.Error_Handler)
    GPS_Init                                 0x08000821   Thumb Code     8  gps.o(i.GPS_Init)
    HAL_ADC_ConfigChannel                    0x0800082d   Thumb Code   240  stm32f1xx_hal_adc.o(i.HAL_ADC_ConfigChannel)
    HAL_ADC_ConvCpltCallback                 0x08000929   Thumb Code     2  stm32f1xx_hal_adc.o(i.HAL_ADC_ConvCpltCallback)
    HAL_ADC_ConvHalfCpltCallback             0x0800092b   Thumb Code     2  stm32f1xx_hal_adc.o(i.HAL_ADC_ConvHalfCpltCallback)
    HAL_ADC_ErrorCallback                    0x0800092d   Thumb Code     2  stm32f1xx_hal_adc.o(i.HAL_ADC_ErrorCallback)
    HAL_ADC_Init                             0x08000931   Thumb Code   272  stm32f1xx_hal_adc.o(i.HAL_ADC_Init)
    HAL_ADC_MspInit                          0x08000a4d   Thumb Code   122  stm32f1xx_hal_msp.o(i.HAL_ADC_MspInit)
    HAL_ADC_Start_DMA                        0x08000add   Thumb Code   246  stm32f1xx_hal_adc.o(i.HAL_ADC_Start_DMA)
    HAL_CAN_AddTxMessage                     0x08000be9   Thumb Code   188  stm32f1xx_hal_can.o(i.HAL_CAN_AddTxMessage)
    HAL_CAN_ConfigFilter                     0x08000ca5   Thumb Code   238  stm32f1xx_hal_can.o(i.HAL_CAN_ConfigFilter)
    HAL_CAN_GetRxFifoFillLevel               0x08000d95   Thumb Code    34  stm32f1xx_hal_can.o(i.HAL_CAN_GetRxFifoFillLevel)
    HAL_CAN_GetRxMessage                     0x08000db7   Thumb Code   244  stm32f1xx_hal_can.o(i.HAL_CAN_GetRxMessage)
    HAL_CAN_Init                             0x08000eab   Thumb Code   282  stm32f1xx_hal_can.o(i.HAL_CAN_Init)
    HAL_CAN_MspInit                          0x08000fc5   Thumb Code    96  stm32f1xx_hal_msp.o(i.HAL_CAN_MspInit)
    HAL_CAN_Start                            0x08001031   Thumb Code    88  stm32f1xx_hal_can.o(i.HAL_CAN_Start)
    HAL_DMA_IRQHandler                       0x08001089   Thumb Code   316  stm32f1xx_hal_dma.o(i.HAL_DMA_IRQHandler)
    HAL_DMA_Init                             0x080011dd   Thumb Code    88  stm32f1xx_hal_dma.o(i.HAL_DMA_Init)
    HAL_DMA_Start_IT                         0x0800123d   Thumb Code   112  stm32f1xx_hal_dma.o(i.HAL_DMA_Start_IT)
    HAL_Delay                                0x080012ad   Thumb Code    32  stm32f1xx_hal.o(i.HAL_Delay)
    HAL_GPIO_Init                            0x080012d1   Thumb Code   440  stm32f1xx_hal_gpio.o(i.HAL_GPIO_Init)
    HAL_GPIO_ReadPin                         0x080014a9   Thumb Code    10  stm32f1xx_hal_gpio.o(i.HAL_GPIO_ReadPin)
    HAL_GPIO_WritePin                        0x080014b3   Thumb Code    10  stm32f1xx_hal_gpio.o(i.HAL_GPIO_WritePin)
    HAL_GetTick                              0x080014bd   Thumb Code     6  stm32f1xx_hal.o(i.HAL_GetTick)
    HAL_I2C_Init                             0x080014c9   Thumb Code   364  stm32f1xx_hal_i2c.o(i.HAL_I2C_Init)
    HAL_I2C_MspInit                          0x08001645   Thumb Code    80  stm32f1xx_hal_msp.o(i.HAL_I2C_MspInit)
    HAL_IncTick                              0x080016a1   Thumb Code    12  stm32f1xx_hal.o(i.HAL_IncTick)
    HAL_Init                                 0x080016b1   Thumb Code    32  stm32f1xx_hal.o(i.HAL_Init)
    HAL_InitTick                             0x080016d5   Thumb Code   132  stm32f1xx_hal_timebase_tim.o(i.HAL_InitTick)
    HAL_MspInit                              0x0800176d   Thumb Code    62  stm32f1xx_hal_msp.o(i.HAL_MspInit)
    HAL_NVIC_EnableIRQ                       0x080017b5   Thumb Code    28  stm32f1xx_hal_cortex.o(i.HAL_NVIC_EnableIRQ)
    HAL_NVIC_SetPriority                     0x080017d1   Thumb Code    60  stm32f1xx_hal_cortex.o(i.HAL_NVIC_SetPriority)
    HAL_NVIC_SetPriorityGrouping             0x08001811   Thumb Code    26  stm32f1xx_hal_cortex.o(i.HAL_NVIC_SetPriorityGrouping)
    HAL_RCCEx_PeriphCLKConfig                0x08001835   Thumb Code   226  stm32f1xx_hal_rcc_ex.o(i.HAL_RCCEx_PeriphCLKConfig)
    HAL_RCC_ClockConfig                      0x08001925   Thumb Code   280  stm32f1xx_hal_rcc.o(i.HAL_RCC_ClockConfig)
    HAL_RCC_GetClockConfig                   0x08001a51   Thumb Code    54  stm32f1xx_hal_rcc.o(i.HAL_RCC_GetClockConfig)
    HAL_RCC_GetPCLK1Freq                     0x08001a91   Thumb Code    20  stm32f1xx_hal_rcc.o(i.HAL_RCC_GetPCLK1Freq)
    HAL_RCC_GetPCLK2Freq                     0x08001ab1   Thumb Code    20  stm32f1xx_hal_rcc.o(i.HAL_RCC_GetPCLK2Freq)
    HAL_RCC_GetSysClockFreq                  0x08001ad1   Thumb Code    58  stm32f1xx_hal_rcc.o(i.HAL_RCC_GetSysClockFreq)
    HAL_RCC_OscConfig                        0x08001b1d   Thumb Code   786  stm32f1xx_hal_rcc.o(i.HAL_RCC_OscConfig)
    HAL_TIMEx_BreakCallback                  0x08001e45   Thumb Code     2  stm32f1xx_hal_tim_ex.o(i.HAL_TIMEx_BreakCallback)
    HAL_TIMEx_CommutCallback                 0x08001e47   Thumb Code     2  stm32f1xx_hal_tim_ex.o(i.HAL_TIMEx_CommutCallback)
    HAL_TIMEx_MasterConfigSynchronization    0x08001e49   Thumb Code    90  stm32f1xx_hal_tim_ex.o(i.HAL_TIMEx_MasterConfigSynchronization)
    HAL_TIM_Base_Init                        0x08001eb1   Thumb Code    72  stm32f1xx_hal_tim.o(i.HAL_TIM_Base_Init)
    HAL_TIM_Base_MspInit                     0x08001ef9   Thumb Code    72  stm32f1xx_hal_msp.o(i.HAL_TIM_Base_MspInit)
    HAL_TIM_Base_Start_IT                    0x08001f49   Thumb Code    76  stm32f1xx_hal_tim.o(i.HAL_TIM_Base_Start_IT)
    HAL_TIM_ConfigClockSource                0x08001fa1   Thumb Code   218  stm32f1xx_hal_tim.o(i.HAL_TIM_ConfigClockSource)
    HAL_TIM_IC_CaptureCallback               0x0800207b   Thumb Code     2  stm32f1xx_hal_tim.o(i.HAL_TIM_IC_CaptureCallback)
    HAL_TIM_IRQHandler                       0x0800207d   Thumb Code   304  stm32f1xx_hal_tim.o(i.HAL_TIM_IRQHandler)
    HAL_TIM_MspPostInit                      0x080021ad   Thumb Code    62  stm32f1xx_hal_msp.o(i.HAL_TIM_MspPostInit)
    HAL_TIM_OC_DelayElapsedCallback          0x080021f5   Thumb Code     2  stm32f1xx_hal_tim.o(i.HAL_TIM_OC_DelayElapsedCallback)
    HAL_TIM_PWM_ConfigChannel                0x080021f7   Thumb Code   204  stm32f1xx_hal_tim.o(i.HAL_TIM_PWM_ConfigChannel)
    HAL_TIM_PWM_Init                         0x080022c3   Thumb Code    72  stm32f1xx_hal_tim.o(i.HAL_TIM_PWM_Init)
    HAL_TIM_PWM_MspInit                      0x0800230b   Thumb Code     2  stm32f1xx_hal_tim.o(i.HAL_TIM_PWM_MspInit)
    HAL_TIM_PWM_PulseFinishedCallback        0x0800230d   Thumb Code     2  stm32f1xx_hal_tim.o(i.HAL_TIM_PWM_PulseFinishedCallback)
    HAL_TIM_PWM_Start                        0x08002311   Thumb Code   144  stm32f1xx_hal_tim.o(i.HAL_TIM_PWM_Start)
    HAL_TIM_PeriodElapsedCallback            0x080023ad   Thumb Code    14  main.o(i.HAL_TIM_PeriodElapsedCallback)
    HAL_TIM_TriggerCallback                  0x080023c1   Thumb Code     2  stm32f1xx_hal_tim.o(i.HAL_TIM_TriggerCallback)
    HAL_UART_Init                            0x080023c3   Thumb Code   100  stm32f1xx_hal_uart.o(i.HAL_UART_Init)
    HAL_UART_MspInit                         0x08002429   Thumb Code   156  stm32f1xx_hal_msp.o(i.HAL_UART_MspInit)
    HAL_UART_Receive_IT                      0x080024d5   Thumb Code    28  stm32f1xx_hal_uart.o(i.HAL_UART_Receive_IT)
    HardFault_Handler                        0x080024f1   Thumb Code     2  stm32f1xx_it.o(i.HardFault_Handler)
    InitVehicleData                          0x080024f5   Thumb Code    36  main.o(i.InitVehicleData)
    Input_Handler                            0x0800251d   Thumb Code   432  main.o(i.Input_Handler)
    MemManage_Handler                        0x0800299d   Thumb Code     2  stm32f1xx_it.o(i.MemManage_Handler)
    NMI_Handler                              0x0800299f   Thumb Code     2  stm32f1xx_it.o(i.NMI_Handler)
    Notify_Handler                           0x080029a1   Thumb Code     8  main.o(i.Notify_Handler)
    SendVehicleStatus                        0x080029a9   Thumb Code   178  main.o(i.SendVehicleStatus)
    Servo360_Control                         0x08002a69   Thumb Code    46  main.o(i.Servo360_Control)
    StartDefaultTask                         0x08002a9d   Thumb Code     8  main.o(i.StartDefaultTask)
    SysTick_Handler                          0x08002aa5   Thumb Code    38  port.o(i.SysTick_Handler)
    SystemClock_Config                       0x08002ad1   Thumb Code   118  main.o(i.SystemClock_Config)
    SystemInit                               0x08002b47   Thumb Code     2  system_stm32f1xx.o(i.SystemInit)
    TIM3_IRQHandler                          0x08002b49   Thumb Code     6  stm32f1xx_it.o(i.TIM3_IRQHandler)
    TIM4_IRQHandler                          0x08002b55   Thumb Code     6  stm32f1xx_it.o(i.TIM4_IRQHandler)
    TIM_Base_SetConfig                       0x08002b61   Thumb Code   108  stm32f1xx_hal_tim.o(i.TIM_Base_SetConfig)
    TIM_CCxChannelCmd                        0x08002bd9   Thumb Code    26  stm32f1xx_hal_tim.o(i.TIM_CCxChannelCmd)
    TIM_ETR_SetConfig                        0x08002bf3   Thumb Code    20  stm32f1xx_hal_tim.o(i.TIM_ETR_SetConfig)
    TIM_OC2_SetConfig                        0x08002c69   Thumb Code    84  stm32f1xx_hal_tim.o(i.TIM_OC2_SetConfig)
    UART_Start_Receive_IT                    0x08002e31   Thumb Code    54  stm32f1xx_hal_uart.o(i.UART_Start_Receive_IT)
    UsageFault_Handler                       0x08002e67   Thumb Code     2  stm32f1xx_it.o(i.UsageFault_Handler)
    __ARM_fpclassifyf                        0x08002e69   Thumb Code    38  fpclassifyf.o(i.__ARM_fpclassifyf)
    __mathlib_flt_underflow                  0x08002eb1   Thumb Code    10  funder.o(i.__mathlib_flt_underflow)
    atan2f                                   0x08002ebd   Thumb Code   520  atan2f.o(i.atan2f)
    main                                     0x08003111   Thumb Code   314  main.o(i.main)
    osDelay                                  0x0800327d   Thumb Code    16  cmsis_os.o(i.osDelay)
    osKernelStart                            0x0800328d   Thumb Code    10  cmsis_os.o(i.osKernelStart)
    osThreadCreate                           0x08003297   Thumb Code    92  cmsis_os.o(i.osThreadCreate)
    pvPortMalloc                             0x08003675   Thumb Code   224  heap_4.o(i.pvPortMalloc)
    pxPortInitialiseStack                    0x0800375d   Thumb Code    30  port.o(i.pxPortInitialiseStack)
    uxListRemove                             0x08003781   Thumb Code    38  list.o(i.uxListRemove)
    vApplicationGetIdleTaskMemory            0x080037a9   Thumb Code    16  freertos.o(i.vApplicationGetIdleTaskMemory)
    vListInitialise                          0x080037bd   Thumb Code    22  list.o(i.vListInitialise)
    vListInitialiseItem                      0x080037d3   Thumb Code     6  list.o(i.vListInitialiseItem)
    vListInsert                              0x080037d9   Thumb Code    54  list.o(i.vListInsert)
    vListInsertEnd                           0x0800380f   Thumb Code    24  list.o(i.vListInsertEnd)
    vPortEnterCritical                       0x08003829   Thumb Code    54  port.o(i.vPortEnterCritical)
    vPortExitCritical                        0x08003869   Thumb Code    38  port.o(i.vPortExitCritical)
    vPortFree                                0x08003895   Thumb Code    94  heap_4.o(i.vPortFree)
    vPortSetupTimerInterrupt                 0x080038f9   Thumb Code    32  port.o(i.vPortSetupTimerInterrupt)
    vTaskDelay                               0x0800391d   Thumb Code    70  tasks.o(i.vTaskDelay)
    vTaskStartScheduler                      0x0800396d   Thumb Code   118  tasks.o(i.vTaskStartScheduler)
    vTaskSuspendAll                          0x080039f5   Thumb Code    10  tasks.o(i.vTaskSuspendAll)
    vTaskSwitchContext                       0x08003a05   Thumb Code    86  tasks.o(i.vTaskSwitchContext)
    xPortStartScheduler                      0x08003a65   Thumb Code   168  port.o(i.xPortStartScheduler)
    xTaskCreate                              0x08003b19   Thumb Code   106  tasks.o(i.xTaskCreate)
    xTaskCreateStatic                        0x08003b83   Thumb Code    96  tasks.o(i.xTaskCreateStatic)
    xTaskIncrementTick                       0x08003be5   Thumb Code   202  tasks.o(i.xTaskIncrementTick)
    xTaskResumeAll                           0x08003cb9   Thumb Code   190  tasks.o(i.xTaskResumeAll)
    __aeabi_d2f                              0x08003d85   Thumb Code     0  d2f.o(x$fpl$d2f)
    _d2f                                     0x08003d85   Thumb Code    98  d2f.o(x$fpl$d2f)
    __aeabi_ddiv                             0x08003de9   Thumb Code     0  ddiv.o(x$fpl$ddiv)
    _ddiv                                    0x08003de9   Thumb Code   552  ddiv.o(x$fpl$ddiv)
    __fpl_dnaninf                            0x08004099   Thumb Code   156  dnaninf.o(x$fpl$dnaninf)
    __fpl_dretinf                            0x08004135   Thumb Code    12  dretinf.o(x$fpl$dretinf)
    __aeabi_f2d                              0x08004141   Thumb Code     0  f2d.o(x$fpl$f2d)
    _f2d                                     0x08004141   Thumb Code    86  f2d.o(x$fpl$f2d)
    __aeabi_fadd                             0x08004199   Thumb Code     0  faddsub_clz.o(x$fpl$fadd)
    _fadd                                    0x08004199   Thumb Code   196  faddsub_clz.o(x$fpl$fadd)
    __fpl_fcheck_NaN1                        0x0800425d   Thumb Code     6  fcheck1.o(x$fpl$fcheck1)
    __aeabi_fdiv                             0x08004269   Thumb Code     0  fdiv.o(x$fpl$fdiv)
    _fdiv                                    0x08004269   Thumb Code   384  fdiv.o(x$fpl$fdiv)
    __aeabi_i2f                              0x080043ed   Thumb Code     0  fflt_clz.o(x$fpl$fflt)
    _fflt                                    0x080043ed   Thumb Code    48  fflt_clz.o(x$fpl$fflt)
    __aeabi_fmul                             0x0800441d   Thumb Code     0  fmul.o(x$fpl$fmul)
    _fmul                                    0x0800441d   Thumb Code   258  fmul.o(x$fpl$fmul)
    __fpl_fnaninf                            0x0800451f   Thumb Code   140  fnaninf.o(x$fpl$fnaninf)
    __fpl_fretinf                            0x080045ab   Thumb Code    10  fretinf.o(x$fpl$fretinf)
    __aeabi_frsub                            0x080045b5   Thumb Code     0  faddsub_clz.o(x$fpl$frsb)
    _frsb                                    0x080045b5   Thumb Code    20  faddsub_clz.o(x$fpl$frsb)
    __aeabi_fsub                             0x080045c9   Thumb Code     0  faddsub_clz.o(x$fpl$fsub)
    _fsub                                    0x080045c9   Thumb Code   234  faddsub_clz.o(x$fpl$fsub)
    __fpl_return_NaN                         0x080046b3   Thumb Code   100  retnan.o(x$fpl$retnan)
    __ARM_scalbnf                            0x08004717   Thumb Code    76  scalbnf.o(x$fpl$scalbnf)
    __fpl_cmpreturn                          0x08004763   Thumb Code    48  trapv.o(x$fpl$trapveneer)
    __I$use$fp                               0x08004792   Number         0  usenofp.o(x$fpl$usenofp)
    AHBPrescTable                            0x0800484e   Data          16  system_stm32f1xx.o(.constdata)
    APBPrescTable                            0x0800485e   Data           8  system_stm32f1xx.o(.constdata)
    Region$$Table$$Base                      0x080048b8   Number         0  anon$$obj.o(Region$$Table)
    Region$$Table$$Limit                     0x080048d8   Number         0  anon$$obj.o(Region$$Table)
    air_condition_temp                       0x20000000   Data           1  main.o(.data)
    speed_limit                              0x20000001   Data           1  main.o(.data)
    can_send_flag                            0x20000002   Data           1  main.o(.data)
    warning_notify_flag                      0x20000003   Data           1  main.o(.data)
    frame_count                              0x20000004   Data           1  main.o(.data)
    warning_code                             0x20000005   Data           1  main.o(.data)
    joystick_x                               0x20000008   Data           4  main.o(.data)
    joystick_y                               0x2000000c   Data           4  main.o(.data)
    distance_metter                          0x20000010   Data           4  main.o(.data)
    arrived_time_s                           0x20000014   Data           4  main.o(.data)
    defaultTaskHandle                        0x20000018   Data           4  main.o(.data)
    CAN_HandleHandle                         0x2000001c   Data           4  main.o(.data)
    Input_HandleHandle                       0x20000020   Data           4  main.o(.data)
    Compute_HandleHandle                     0x20000024   Data           4  main.o(.data)
    Control_HandleHandle                     0x20000028   Data           4  main.o(.data)
    Notify_HandleHandle                      0x2000002c   Data           4  main.o(.data)
    pu32Mailbox                              0x20000030   Data           4  main.o(.data)
    data_ptr                                 0x20000034   Data           4  main.o(.data)
    data_size                                0x20000038   Data           4  main.o(.data)
    uwTickFreq                               0x2000003c   Data           1  stm32f1xx_hal.o(.data)
    uwTickPrio                               0x20000040   Data           4  stm32f1xx_hal.o(.data)
    uwTick                                   0x20000044   Data           4  stm32f1xx_hal.o(.data)
    SystemCoreClock                          0x20000048   Data           4  system_stm32f1xx.o(.data)
    pxCurrentTCB                             0x2000004c   Data           4  tasks.o(.data)
    rx_data                                  0x200000b4   Data           1  gps.o(.data)
    rx_index                                 0x200000b5   Data           1  gps.o(.data)
    vehicle_data                             0x200000b8   Data          21  main.o(.bss)
    hadc1                                    0x200000d0   Data          48  main.o(.bss)
    hcan                                     0x20000100   Data          40  main.o(.bss)
    hi2c1                                    0x20000128   Data          84  main.o(.bss)
    htim2                                    0x2000017c   Data          72  main.o(.bss)
    htim3                                    0x200001c4   Data          72  main.o(.bss)
    huart1                                   0x2000020c   Data          72  main.o(.bss)
    huart2                                   0x20000254   Data          72  main.o(.bss)
    TxMsg                                    0x2000029c   Data          24  main.o(.bss)
    GPS                                      0x200002b4   Data          88  main.o(.bss)
    hdma_adc1                                0x20000560   Data          68  main.o(.bss)
    htim4                                    0x200007f8   Data          72  stm32f1xx_hal_timebase_tim.o(.bss)
    __libspace_start                         0x20001930   Data          96  libspace.o(.bss)
    __temporary_stack_top$libspace           0x20001990   Data           0  libspace.o(.bss)



==============================================================================

Memory Map of the image

  Image Entry point : 0x080000ed

  Load Region LR_IROM1 (Base: 0x08000000, Size: 0x00004990, Max: 0x00010000, ABSOLUTE)

    Execution Region ER_IROM1 (Base: 0x08000000, Size: 0x000048d8, Max: 0x00010000, ABSOLUTE)

    Base Addr    Size         Type   Attr      Idx    E Section Name        Object

    0x08000000   0x000000ec   Data   RO            3    RESET               startup_stm32f103xb.o
    0x080000ec   0x00000008   Code   RO         5474  * !!!main             c_w.l(__main.o)
    0x080000f4   0x00000034   Code   RO         5896    !!!scatter          c_w.l(__scatter.o)
    0x08000128   0x0000001a   Code   RO         5898    !!handler_copy      c_w.l(__scatter_copy.o)
    0x08000142   0x00000002   PAD
    0x08000144   0x0000001c   Code   RO         5900    !!handler_zi        c_w.l(__scatter_zi.o)
    0x08000160   0x00000002   Code   RO         5734    .ARM.Collect$$libinit$$00000000  c_w.l(libinit.o)
    0x08000162   0x00000000   Code   RO         5736    .ARM.Collect$$libinit$$00000002  c_w.l(libinit2.o)
    0x08000162   0x00000000   Code   RO         5739    .ARM.Collect$$libinit$$00000008  c_w.l(libinit2.o)
    0x08000162   0x00000000   Code   RO         5741    .ARM.Collect$$libinit$$0000000A  c_w.l(libinit2.o)
    0x08000162   0x00000000   Code   RO         5743    .ARM.Collect$$libinit$$0000000C  c_w.l(libinit2.o)
    0x08000162   0x00000000   Code   RO         5746    .ARM.Collect$$libinit$$0000000F  c_w.l(libinit2.o)
    0x08000162   0x00000000   Code   RO         5748    .ARM.Collect$$libinit$$00000011  c_w.l(libinit2.o)
    0x08000162   0x00000000   Code   RO         5750    .ARM.Collect$$libinit$$00000013  c_w.l(libinit2.o)
    0x08000162   0x00000000   Code   RO         5752    .ARM.Collect$$libinit$$00000015  c_w.l(libinit2.o)
    0x08000162   0x00000000   Code   RO         5754    .ARM.Collect$$libinit$$00000017  c_w.l(libinit2.o)
    0x08000162   0x00000000   Code   RO         5756    .ARM.Collect$$libinit$$00000019  c_w.l(libinit2.o)
    0x08000162   0x00000000   Code   RO         5758    .ARM.Collect$$libinit$$0000001B  c_w.l(libinit2.o)
    0x08000162   0x00000000   Code   RO         5760    .ARM.Collect$$libinit$$0000001D  c_w.l(libinit2.o)
    0x08000162   0x00000000   Code   RO         5762    .ARM.Collect$$libinit$$0000001F  c_w.l(libinit2.o)
    0x08000162   0x00000000   Code   RO         5764    .ARM.Collect$$libinit$$00000021  c_w.l(libinit2.o)
    0x08000162   0x00000000   Code   RO         5766    .ARM.Collect$$libinit$$00000023  c_w.l(libinit2.o)
    0x08000162   0x00000000   Code   RO         5770    .ARM.Collect$$libinit$$0000002A  c_w.l(libinit2.o)
    0x08000162   0x00000000   Code   RO         5772    .ARM.Collect$$libinit$$0000002C  c_w.l(libinit2.o)
    0x08000162   0x00000000   Code   RO         5774    .ARM.Collect$$libinit$$0000002E  c_w.l(libinit2.o)
    0x08000162   0x00000000   Code   RO         5776    .ARM.Collect$$libinit$$00000030  c_w.l(libinit2.o)
    0x08000162   0x00000002   Code   RO         5777    .ARM.Collect$$libinit$$00000031  c_w.l(libinit2.o)
    0x08000164   0x00000002   Code   RO         5845    .ARM.Collect$$libshutdown$$00000000  c_w.l(libshutdown.o)
    0x08000166   0x00000000   Code   RO         5857    .ARM.Collect$$libshutdown$$00000003  c_w.l(libshutdown2.o)
    0x08000166   0x00000000   Code   RO         5860    .ARM.Collect$$libshutdown$$00000006  c_w.l(libshutdown2.o)
    0x08000166   0x00000000   Code   RO         5863    .ARM.Collect$$libshutdown$$00000009  c_w.l(libshutdown2.o)
    0x08000166   0x00000000   Code   RO         5865    .ARM.Collect$$libshutdown$$0000000B  c_w.l(libshutdown2.o)
    0x08000166   0x00000000   Code   RO         5868    .ARM.Collect$$libshutdown$$0000000E  c_w.l(libshutdown2.o)
    0x08000166   0x00000002   Code   RO         5869    .ARM.Collect$$libshutdown$$0000000F  c_w.l(libshutdown2.o)
    0x08000168   0x00000000   Code   RO         5534    .ARM.Collect$$rtentry$$00000000  c_w.l(rtentry.o)
    0x08000168   0x00000000   Code   RO         5620    .ARM.Collect$$rtentry$$00000002  c_w.l(rtentry2.o)
    0x08000168   0x00000006   Code   RO         5632    .ARM.Collect$$rtentry$$00000004  c_w.l(rtentry4.o)
    0x0800016e   0x00000000   Code   RO         5622    .ARM.Collect$$rtentry$$00000009  c_w.l(rtentry2.o)
    0x0800016e   0x00000004   Code   RO         5623    .ARM.Collect$$rtentry$$0000000A  c_w.l(rtentry2.o)
    0x08000172   0x00000000   Code   RO         5625    .ARM.Collect$$rtentry$$0000000C  c_w.l(rtentry2.o)
    0x08000172   0x00000008   Code   RO         5626    .ARM.Collect$$rtentry$$0000000D  c_w.l(rtentry2.o)
    0x0800017a   0x00000002   Code   RO         5788    .ARM.Collect$$rtexit$$00000000  c_w.l(rtexit.o)
    0x0800017c   0x00000000   Code   RO         5816    .ARM.Collect$$rtexit$$00000002  c_w.l(rtexit2.o)
    0x0800017c   0x00000004   Code   RO         5817    .ARM.Collect$$rtexit$$00000003  c_w.l(rtexit2.o)
    0x08000180   0x00000006   Code   RO         5818    .ARM.Collect$$rtexit$$00000004  c_w.l(rtexit2.o)
    0x08000186   0x00000002   PAD
    0x08000188   0x00000096   Code   RO         5129    .emb_text           port.o
    0x0800021e   0x00000002   PAD
    0x08000220   0x00000040   Code   RO            4    .text               startup_stm32f103xb.o
    0x08000260   0x0000008a   Code   RO         5462    .text               c_w.l(rt_memcpy_v6.o)
    0x080002ea   0x00000064   Code   RO         5464    .text               c_w.l(rt_memcpy_w.o)
    0x0800034e   0x0000004e   Code   RO         5470    .text               c_w.l(rt_memclr_w.o)
    0x0800039c   0x00000006   Code   RO         5472    .text               c_w.l(heapauxi.o)
    0x080003a2   0x00000002   PAD
    0x080003a4   0x00000008   Code   RO         5712    .text               c_w.l(libspace.o)
    0x080003ac   0x0000004a   Code   RO         5715    .text               c_w.l(sys_stackheap_outer.o)
    0x080003f6   0x0000000c   Code   RO         5725    .text               c_w.l(exit.o)
    0x08000402   0x00000002   PAD
    0x08000404   0x0000000c   Code   RO         5835    .text               c_w.l(sys_exit.o)
    0x08000410   0x00000002   Code   RO         5846    .text               c_w.l(use_no_semi.o)
    0x08000412   0x00000000   Code   RO         5848    .text               c_w.l(indicate_semi.o)
    0x08000412   0x00000002   PAD
    0x08000414   0x00000056   Code   RO          593    i.ADC_ConversionStop_Disable  stm32f1xx_hal_adc.o
    0x0800046a   0x0000004e   Code   RO          594    i.ADC_DMAConvCplt   stm32f1xx_hal_adc.o
    0x080004b8   0x0000001a   Code   RO          595    i.ADC_DMAError      stm32f1xx_hal_adc.o
    0x080004d2   0x0000000a   Code   RO          596    i.ADC_DMAHalfConvCplt  stm32f1xx_hal_adc.o
    0x080004dc   0x0000007c   Code   RO          597    i.ADC_Enable        stm32f1xx_hal_adc.o
    0x08000558   0x00000002   Code   RO          351    i.BusFault_Handler  stm32f1xx_it.o
    0x0800055a   0x00000002   PAD
    0x0800055c   0x000000b0   Code   RO           13    i.CAN_Handler       main.o
    0x0800060c   0x00000030   Code   RO           14    i.Compute_Handler   main.o
    0x0800063c   0x000001a8   Code   RO           15    i.Control_Handler   main.o
    0x080007e4   0x0000000c   Code   RO          352    i.DMA1_Channel1_IRQHandler  stm32f1xx_it.o
    0x080007f0   0x0000002a   Code   RO         1249    i.DMA_SetConfig     stm32f1xx_hal_dma.o
    0x0800081a   0x00000002   Code   RO          353    i.DebugMon_Handler  stm32f1xx_it.o
    0x0800081c   0x00000004   Code   RO           16    i.Error_Handler     main.o
    0x08000820   0x0000000c   Code   RO         5209    i.GPS_Init          gps.o
    0x0800082c   0x000000fc   Code   RO          599    i.HAL_ADC_ConfigChannel  stm32f1xx_hal_adc.o
    0x08000928   0x00000002   Code   RO          600    i.HAL_ADC_ConvCpltCallback  stm32f1xx_hal_adc.o
    0x0800092a   0x00000002   Code   RO          601    i.HAL_ADC_ConvHalfCpltCallback  stm32f1xx_hal_adc.o
    0x0800092c   0x00000002   Code   RO          603    i.HAL_ADC_ErrorCallback  stm32f1xx_hal_adc.o
    0x0800092e   0x00000002   PAD
    0x08000930   0x0000011c   Code   RO          608    i.HAL_ADC_Init      stm32f1xx_hal_adc.o
    0x08000a4c   0x00000090   Code   RO          428    i.HAL_ADC_MspInit   stm32f1xx_hal_msp.o
    0x08000adc   0x0000010c   Code   RO          615    i.HAL_ADC_Start_DMA  stm32f1xx_hal_adc.o
    0x08000be8   0x000000bc   Code   RO         1848    i.HAL_CAN_AddTxMessage  stm32f1xx_hal_can.o
    0x08000ca4   0x000000ee   Code   RO         1849    i.HAL_CAN_ConfigFilter  stm32f1xx_hal_can.o
    0x08000d92   0x00000002   PAD
    0x08000d94   0x00000022   Code   RO         1854    i.HAL_CAN_GetRxFifoFillLevel  stm32f1xx_hal_can.o
    0x08000db6   0x000000f4   Code   RO         1855    i.HAL_CAN_GetRxMessage  stm32f1xx_hal_can.o
    0x08000eaa   0x0000011a   Code   RO         1860    i.HAL_CAN_Init      stm32f1xx_hal_can.o
    0x08000fc4   0x0000006c   Code   RO          430    i.HAL_CAN_MspInit   stm32f1xx_hal_msp.o
    0x08001030   0x00000058   Code   RO         1872    i.HAL_CAN_Start     stm32f1xx_hal_can.o
    0x08001088   0x00000154   Code   RO         1255    i.HAL_DMA_IRQHandler  stm32f1xx_hal_dma.o
    0x080011dc   0x00000060   Code   RO         1256    i.HAL_DMA_Init      stm32f1xx_hal_dma.o
    0x0800123c   0x00000070   Code   RO         1260    i.HAL_DMA_Start_IT  stm32f1xx_hal_dma.o
    0x080012ac   0x00000024   Code   RO          876    i.HAL_Delay         stm32f1xx_hal.o
    0x080012d0   0x000001d8   Code   RO         1186    i.HAL_GPIO_Init     stm32f1xx_hal_gpio.o
    0x080014a8   0x0000000a   Code   RO         1188    i.HAL_GPIO_ReadPin  stm32f1xx_hal_gpio.o
    0x080014b2   0x0000000a   Code   RO         1190    i.HAL_GPIO_WritePin  stm32f1xx_hal_gpio.o
    0x080014bc   0x0000000c   Code   RO          880    i.HAL_GetTick       stm32f1xx_hal.o
    0x080014c8   0x0000017c   Code   RO         2091    i.HAL_I2C_Init      stm32f1xx_hal_i2c.o
    0x08001644   0x0000005c   Code   RO          432    i.HAL_I2C_MspInit   stm32f1xx_hal_msp.o
    0x080016a0   0x00000010   Code   RO          886    i.HAL_IncTick       stm32f1xx_hal.o
    0x080016b0   0x00000024   Code   RO          887    i.HAL_Init          stm32f1xx_hal.o
    0x080016d4   0x00000098   Code   RO          518    i.HAL_InitTick      stm32f1xx_hal_timebase_tim.o
    0x0800176c   0x00000048   Code   RO          433    i.HAL_MspInit       stm32f1xx_hal_msp.o
    0x080017b4   0x0000001c   Code   RO         1346    i.HAL_NVIC_EnableIRQ  stm32f1xx_hal_cortex.o
    0x080017d0   0x00000040   Code   RO         1352    i.HAL_NVIC_SetPriority  stm32f1xx_hal_cortex.o
    0x08001810   0x00000024   Code   RO         1353    i.HAL_NVIC_SetPriorityGrouping  stm32f1xx_hal_cortex.o
    0x08001834   0x000000f0   Code   RO         1148    i.HAL_RCCEx_PeriphCLKConfig  stm32f1xx_hal_rcc_ex.o
    0x08001924   0x0000012c   Code   RO         1044    i.HAL_RCC_ClockConfig  stm32f1xx_hal_rcc.o
    0x08001a50   0x00000040   Code   RO         1048    i.HAL_RCC_GetClockConfig  stm32f1xx_hal_rcc.o
    0x08001a90   0x00000020   Code   RO         1051    i.HAL_RCC_GetPCLK1Freq  stm32f1xx_hal_rcc.o
    0x08001ab0   0x00000020   Code   RO         1052    i.HAL_RCC_GetPCLK2Freq  stm32f1xx_hal_rcc.o
    0x08001ad0   0x0000004c   Code   RO         1053    i.HAL_RCC_GetSysClockFreq  stm32f1xx_hal_rcc.o
    0x08001b1c   0x00000328   Code   RO         1056    i.HAL_RCC_OscConfig  stm32f1xx_hal_rcc.o
    0x08001e44   0x00000002   Code   RO         3223    i.HAL_TIMEx_BreakCallback  stm32f1xx_hal_tim_ex.o
    0x08001e46   0x00000002   Code   RO         3224    i.HAL_TIMEx_CommutCallback  stm32f1xx_hal_tim_ex.o
    0x08001e48   0x00000068   Code   RO         3242    i.HAL_TIMEx_MasterConfigSynchronization  stm32f1xx_hal_tim_ex.o
    0x08001eb0   0x00000048   Code   RO         2519    i.HAL_TIM_Base_Init  stm32f1xx_hal_tim.o
    0x08001ef8   0x00000050   Code   RO          435    i.HAL_TIM_Base_MspInit  stm32f1xx_hal_msp.o
    0x08001f48   0x00000058   Code   RO         2524    i.HAL_TIM_Base_Start_IT  stm32f1xx_hal_tim.o
    0x08001fa0   0x000000da   Code   RO         2528    i.HAL_TIM_ConfigClockSource  stm32f1xx_hal_tim.o
    0x0800207a   0x00000002   Code   RO         2553    i.HAL_TIM_IC_CaptureCallback  stm32f1xx_hal_tim.o
    0x0800207c   0x00000130   Code   RO         2567    i.HAL_TIM_IRQHandler  stm32f1xx_hal_tim.o
    0x080021ac   0x00000048   Code   RO          436    i.HAL_TIM_MspPostInit  stm32f1xx_hal_msp.o
    0x080021f4   0x00000002   Code   RO         2570    i.HAL_TIM_OC_DelayElapsedCallback  stm32f1xx_hal_tim.o
    0x080021f6   0x000000cc   Code   RO         2591    i.HAL_TIM_PWM_ConfigChannel  stm32f1xx_hal_tim.o
    0x080022c2   0x00000048   Code   RO         2594    i.HAL_TIM_PWM_Init  stm32f1xx_hal_tim.o
    0x0800230a   0x00000002   Code   RO         2596    i.HAL_TIM_PWM_MspInit  stm32f1xx_hal_tim.o
    0x0800230c   0x00000002   Code   RO         2597    i.HAL_TIM_PWM_PulseFinishedCallback  stm32f1xx_hal_tim.o
    0x0800230e   0x00000002   PAD
    0x08002310   0x0000009c   Code   RO         2599    i.HAL_TIM_PWM_Start  stm32f1xx_hal_tim.o
    0x080023ac   0x00000014   Code   RO           17    i.HAL_TIM_PeriodElapsedCallback  main.o
    0x080023c0   0x00000002   Code   RO         2610    i.HAL_TIM_TriggerCallback  stm32f1xx_hal_tim.o
    0x080023c2   0x00000064   Code   RO         3520    i.HAL_UART_Init     stm32f1xx_hal_uart.o
    0x08002426   0x00000002   PAD
    0x08002428   0x000000ac   Code   RO          438    i.HAL_UART_MspInit  stm32f1xx_hal_msp.o
    0x080024d4   0x0000001c   Code   RO         3525    i.HAL_UART_Receive_IT  stm32f1xx_hal_uart.o
    0x080024f0   0x00000002   Code   RO          354    i.HardFault_Handler  stm32f1xx_it.o
    0x080024f2   0x00000002   PAD
    0x080024f4   0x00000028   Code   RO           19    i.InitVehicleData   main.o
    0x0800251c   0x000001e0   Code   RO           20    i.Input_Handler     main.o
    0x080026fc   0x00000090   Code   RO           21    i.MX_ADC1_Init      main.o
    0x0800278c   0x00000040   Code   RO           22    i.MX_CAN_Init       main.o
    0x080027cc   0x000000d0   Code   RO           23    i.MX_GPIO_Init      main.o
    0x0800289c   0x00000098   Code   RO           24    i.MX_TIM2_Init      main.o
    0x08002934   0x00000068   Code   RO           25    i.MX_TIM3_Init      main.o
    0x0800299c   0x00000002   Code   RO          355    i.MemManage_Handler  stm32f1xx_it.o
    0x0800299e   0x00000002   Code   RO          356    i.NMI_Handler       stm32f1xx_it.o
    0x080029a0   0x00000008   Code   RO           26    i.Notify_Handler    main.o
    0x080029a8   0x000000c0   Code   RO           27    i.SendVehicleStatus  main.o
    0x08002a68   0x00000034   Code   RO           28    i.Servo360_Control  main.o
    0x08002a9c   0x00000008   Code   RO           29    i.StartDefaultTask  main.o
    0x08002aa4   0x0000002c   Code   RO         5130    i.SysTick_Handler   port.o
    0x08002ad0   0x00000076   Code   RO           30    i.SystemClock_Config  main.o
    0x08002b46   0x00000002   Code   RO         3854    i.SystemInit        system_stm32f1xx.o
    0x08002b48   0x0000000c   Code   RO          357    i.TIM3_IRQHandler   stm32f1xx_it.o
    0x08002b54   0x0000000c   Code   RO          358    i.TIM4_IRQHandler   stm32f1xx_it.o
    0x08002b60   0x00000078   Code   RO         2612    i.TIM_Base_SetConfig  stm32f1xx_hal_tim.o
    0x08002bd8   0x0000001a   Code   RO         2613    i.TIM_CCxChannelCmd  stm32f1xx_hal_tim.o
    0x08002bf2   0x00000014   Code   RO         2623    i.TIM_ETR_SetConfig  stm32f1xx_hal_tim.o
    0x08002c06   0x00000010   Code   RO         2624    i.TIM_ITRx_SetConfig  stm32f1xx_hal_tim.o
    0x08002c16   0x00000002   PAD
    0x08002c18   0x00000050   Code   RO         2625    i.TIM_OC1_SetConfig  stm32f1xx_hal_tim.o
    0x08002c68   0x00000058   Code   RO         2626    i.TIM_OC2_SetConfig  stm32f1xx_hal_tim.o
    0x08002cc0   0x00000058   Code   RO         2627    i.TIM_OC3_SetConfig  stm32f1xx_hal_tim.o
    0x08002d18   0x00000044   Code   RO         2628    i.TIM_OC4_SetConfig  stm32f1xx_hal_tim.o
    0x08002d5c   0x00000022   Code   RO         2630    i.TIM_TI1_ConfigInputStage  stm32f1xx_hal_tim.o
    0x08002d7e   0x00000024   Code   RO         2632    i.TIM_TI2_ConfigInputStage  stm32f1xx_hal_tim.o
    0x08002da2   0x00000002   PAD
    0x08002da4   0x0000008c   Code   RO         3546    i.UART_SetConfig    stm32f1xx_hal_uart.o
    0x08002e30   0x00000036   Code   RO         3548    i.UART_Start_Receive_IT  stm32f1xx_hal_uart.o
    0x08002e66   0x00000002   Code   RO          359    i.UsageFault_Handler  stm32f1xx_it.o
    0x08002e68   0x00000026   Code   RO         5615    i.__ARM_fpclassifyf  m_ws.l(fpclassifyf.o)
    0x08002e8e   0x00000002   PAD
    0x08002e90   0x00000020   Code   RO         1359    i.__NVIC_SetPriority  stm32f1xx_hal_cortex.o
    0x08002eb0   0x0000000a   Code   RO         5617    i.__mathlib_flt_underflow  m_ws.l(funder.o)
    0x08002eba   0x00000002   PAD
    0x08002ebc   0x00000254   Code   RO         5525    i.atan2f            m_ws.l(atan2f.o)
    0x08003110   0x00000160   Code   RO           31    i.main              main.o
    0x08003270   0x0000000c   Code   RO         4695    i.makeFreeRtosPriority  cmsis_os.o
    0x0800327c   0x00000010   Code   RO         4697    i.osDelay           cmsis_os.o
    0x0800328c   0x0000000a   Code   RO         4700    i.osKernelStart     cmsis_os.o
    0x08003296   0x0000005c   Code   RO         4734    i.osThreadCreate    cmsis_os.o
    0x080032f2   0x00000002   PAD
    0x080032f4   0x00000074   Code   RO         4366    i.prvAddCurrentTaskToDelayedList  tasks.o
    0x08003368   0x00000088   Code   RO         4367    i.prvAddNewTaskToReadyList  tasks.o
    0x080033f0   0x00000040   Code   RO         4368    i.prvCheckTasksWaitingTermination  tasks.o
    0x08003430   0x00000040   Code   RO         4369    i.prvDeleteTCB      tasks.o
    0x08003470   0x00000050   Code   RO         5062    i.prvHeapInit       heap_4.o
    0x080034c0   0x00000028   Code   RO         4370    i.prvIdleTask       tasks.o
    0x080034e8   0x0000007e   Code   RO         4371    i.prvInitialiseNewTask  tasks.o
    0x08003566   0x00000002   PAD
    0x08003568   0x00000060   Code   RO         4372    i.prvInitialiseTaskLists  tasks.o
    0x080035c8   0x0000005c   Code   RO         5063    i.prvInsertBlockIntoFreeList  heap_4.o
    0x08003624   0x00000024   Code   RO         4373    i.prvResetNextTaskUnblockTime  tasks.o
    0x08003648   0x0000002c   Code   RO         5131    i.prvTaskExitError  port.o
    0x08003674   0x000000e8   Code   RO         5064    i.pvPortMalloc      heap_4.o
    0x0800375c   0x00000024   Code   RO         5132    i.pxPortInitialiseStack  port.o
    0x08003780   0x00000026   Code   RO         3992    i.uxListRemove      list.o
    0x080037a6   0x00000002   PAD
    0x080037a8   0x00000014   Code   RO          317    i.vApplicationGetIdleTaskMemory  freertos.o
    0x080037bc   0x00000016   Code   RO         3993    i.vListInitialise   list.o
    0x080037d2   0x00000006   Code   RO         3994    i.vListInitialiseItem  list.o
    0x080037d8   0x00000036   Code   RO         3995    i.vListInsert       list.o
    0x0800380e   0x00000018   Code   RO         3996    i.vListInsertEnd    list.o
    0x08003826   0x00000002   PAD
    0x08003828   0x00000040   Code   RO         5134    i.vPortEnterCritical  port.o
    0x08003868   0x0000002c   Code   RO         5135    i.vPortExitCritical  port.o
    0x08003894   0x00000064   Code   RO         5065    i.vPortFree         heap_4.o
    0x080038f8   0x00000024   Code   RO         5136    i.vPortSetupTimerInterrupt  port.o
    0x0800391c   0x00000050   Code   RO         4382    i.vTaskDelay        tasks.o
    0x0800396c   0x00000088   Code   RO         4395    i.vTaskStartScheduler  tasks.o
    0x080039f4   0x00000010   Code   RO         4397    i.vTaskSuspendAll   tasks.o
    0x08003a04   0x00000060   Code   RO         4398    i.vTaskSwitchContext  tasks.o
    0x08003a64   0x000000b4   Code   RO         5138    i.xPortStartScheduler  port.o
    0x08003b18   0x0000006a   Code   RO         4401    i.xTaskCreate       tasks.o
    0x08003b82   0x00000060   Code   RO         4402    i.xTaskCreateStatic  tasks.o
    0x08003be2   0x00000002   PAD
    0x08003be4   0x000000d4   Code   RO         4409    i.xTaskIncrementTick  tasks.o
    0x08003cb8   0x000000cc   Code   RO         4415    i.xTaskResumeAll    tasks.o
    0x08003d84   0x00000062   Code   RO         5476    x$fpl$d2f           fz_ws.l(d2f.o)
    0x08003de6   0x00000002   PAD
    0x08003de8   0x000002b0   Code   RO         5485    x$fpl$ddiv          fz_ws.l(ddiv.o)
    0x08004098   0x0000009c   Code   RO         5594    x$fpl$dnaninf       fz_ws.l(dnaninf.o)
    0x08004134   0x0000000c   Code   RO         5596    x$fpl$dretinf       fz_ws.l(dretinf.o)
    0x08004140   0x00000056   Code   RO         5498    x$fpl$f2d           fz_ws.l(f2d.o)
    0x08004196   0x00000002   PAD
    0x08004198   0x000000c4   Code   RO         5500    x$fpl$fadd          fz_ws.l(faddsub_clz.o)
    0x0800425c   0x0000000c   Code   RO         5780    x$fpl$fcheck1       fz_ws.l(fcheck1.o)
    0x08004268   0x00000184   Code   RO         5507    x$fpl$fdiv          fz_ws.l(fdiv.o)
    0x080043ec   0x00000030   Code   RO         5515    x$fpl$fflt          fz_ws.l(fflt_clz.o)
    0x0800441c   0x00000102   Code   RO         5520    x$fpl$fmul          fz_ws.l(fmul.o)
    0x0800451e   0x0000008c   Code   RO         5602    x$fpl$fnaninf       fz_ws.l(fnaninf.o)
    0x080045aa   0x0000000a   Code   RO         5604    x$fpl$fretinf       fz_ws.l(fretinf.o)
    0x080045b4   0x00000014   Code   RO         5501    x$fpl$frsb          fz_ws.l(faddsub_clz.o)
    0x080045c8   0x000000ea   Code   RO         5502    x$fpl$fsub          fz_ws.l(faddsub_clz.o)
    0x080046b2   0x00000064   Code   RO         5799    x$fpl$retnan        fz_ws.l(retnan.o)
    0x08004716   0x0000004c   Code   RO         5698    x$fpl$scalbnf       fz_ws.l(scalbnf.o)
    0x08004762   0x00000030   Code   RO         5828    x$fpl$trapveneer    fz_ws.l(trapv.o)
    0x08004792   0x00000000   Code   RO         5614    x$fpl$usenofp       fz_ws.l(usenofp.o)
    0x08004792   0x00000002   PAD
    0x08004794   0x000000a8   Data   RO           36    .constdata          main.o
    0x0800483c   0x00000012   Data   RO         1057    .constdata          stm32f1xx_hal_rcc.o
    0x0800484e   0x00000010   Data   RO         3855    .constdata          system_stm32f1xx.o
    0x0800485e   0x00000008   Data   RO         3856    .constdata          system_stm32f1xx.o
    0x08004866   0x00000050   Data   RO           37    .conststring        main.o
    0x080048b6   0x00000002   PAD
    0x080048b8   0x00000020   Data   RO         5894    Region$$Table       anon$$obj.o


    Execution Region RW_IRAM1 (Base: 0x20000000, Size: 0x00001f90, Max: 0x00005000, ABSOLUTE)

    Base Addr    Size         Type   Attr      Idx    E Section Name        Object

    0x20000000   0x0000003c   Data   RW           38    .data               main.o
    0x2000003c   0x0000000c   Data   RW          894    .data               stm32f1xx_hal.o
    0x20000048   0x00000004   Data   RW         3857    .data               system_stm32f1xx.o
    0x2000004c   0x0000003c   Data   RW         4418    .data               tasks.o
    0x20000088   0x00000020   Data   RW         5071    .data               heap_4.o
    0x200000a8   0x0000000c   Data   RW         5139    .data               port.o
    0x200000b4   0x00000002   Data   RW         5215    .data               gps.o
    0x200000b6   0x00000002   PAD
    0x200000b8   0x000004a8   Zero   RW           33    .bss                main.o
    0x20000560   0x00000044   Zero   RW           34    .bss                main.o
    0x200005a4   0x00000254   Zero   RW          318    .bss                freertos.o
    0x200007f8   0x00000048   Zero   RW          521    .bss                stm32f1xx_hal_timebase_tim.o
    0x20000840   0x000000f0   Zero   RW         4417    .bss                tasks.o
    0x20000930   0x00001000   Zero   RW         5070    .bss                heap_4.o
    0x20001930   0x00000060   Zero   RW         5713    .bss                c_w.l(libspace.o)
    0x20001990   0x00000200   Zero   RW            2    HEAP                startup_stm32f103xb.o
    0x20001b90   0x00000400   Zero   RW            1    STACK               startup_stm32f103xb.o


==============================================================================

Image component sizes


      Code (inc. data)   RO Data    RW Data    ZI Data      Debug   Object Name

       130          0          0          0          0      22487   cmsis_os.o
         0          0          0          0          0      16672   event_groups.o
        20          4          0          0        596       1004   freertos.o
        12          4          0          2          0       1600   gps.o
       504         32          0         32       4096       7087   heap_4.o
       144          0          0          0          0       3106   list.o
      2594        192        248         60       1260     503299   main.o
       598         60          0         12          0       9760   port.o
        64         26        236          0       1536        752   startup_stm32f103xb.o
       100         18          0         12          0       4830   stm32f1xx_hal.o
      1134         56          0          0          0       7122   stm32f1xx_hal_adc.o
      1074          0          0          0          0       4825   stm32f1xx_hal_can.o
       160         24          0          0          0      27566   stm32f1xx_hal_cortex.o
       590         32          0          0          0       2947   stm32f1xx_hal_dma.o
       492         32          0          0          0       2927   stm32f1xx_hal_gpio.o
       380         16          0          0          0       2951   stm32f1xx_hal_i2c.o
       740         90          0          0          0       4560   stm32f1xx_hal_msp.o
      1312         94         18          0          0       5061   stm32f1xx_hal_rcc.o
       240         14          0          0          0       1224   stm32f1xx_hal_rcc_ex.o
      1700         56          0          0          0      13746   stm32f1xx_hal_tim.o
       108         14          0          0          0       2129   stm32f1xx_hal_tim_ex.o
       152         20          0          0         72       1271   stm32f1xx_hal_timebase_tim.o
       322          4          0          0          0       2838   stm32f1xx_hal_uart.o
        48         18          0          0          0       3416   stm32f1xx_it.o
         0          0          0          0          0        352   stream_buffer.o
         2          0         24          4          0        951   system_stm32f1xx.o
      1624        142          0         60        240      18977   tasks.o

    ----------------------------------------------------------------------
     14272        948        560        184       7800     673460   Object Totals
         0          0         32          0          0          0   (incl. Generated)
        28          0          2          2          0          0   (incl. Padding)

    ----------------------------------------------------------------------

      Code (inc. data)   RO Data    RW Data    ZI Data      Debug   Library Member Name

         8          0          0          0          0         68   __main.o
        52          8          0          0          0          0   __scatter.o
        26          0          0          0          0          0   __scatter_copy.o
        28          0          0          0          0          0   __scatter_zi.o
        12          0          0          0          0         72   exit.o
         6          0          0          0          0        152   heapauxi.o
         0          0          0          0          0          0   indicate_semi.o
         2          0          0          0          0          0   libinit.o
         2          0          0          0          0          0   libinit2.o
         2          0          0          0          0          0   libshutdown.o
         2          0          0          0          0          0   libshutdown2.o
         8          4          0          0         96         68   libspace.o
        78          0          0          0          0         80   rt_memclr_w.o
       138          0          0          0          0         68   rt_memcpy_v6.o
       100          0          0          0          0         80   rt_memcpy_w.o
         0          0          0          0          0          0   rtentry.o
        12          0          0          0          0          0   rtentry2.o
         6          0          0          0          0          0   rtentry4.o
         2          0          0          0          0          0   rtexit.o
        10          0          0          0          0          0   rtexit2.o
        12          4          0          0          0         68   sys_exit.o
        74          0          0          0          0         80   sys_stackheap_outer.o
         2          0          0          0          0         68   use_no_semi.o
        98          4          0          0          0         92   d2f.o
       688        140          0          0          0        208   ddiv.o
       156          4          0          0          0         92   dnaninf.o
        12          0          0          0          0         68   dretinf.o
        86          4          0          0          0         84   f2d.o
       450          8          0          0          0        236   faddsub_clz.o
        12          4          0          0          0         68   fcheck1.o
       388         76          0          0          0         96   fdiv.o
        48          0          0          0          0         68   fflt_clz.o
       258          4          0          0          0         84   fmul.o
       140          4          0          0          0         84   fnaninf.o
        10          0          0          0          0         68   fretinf.o
       100          0          0          0          0         68   retnan.o
        76          0          0          0          0         68   scalbnf.o
        48          0          0          0          0         68   trapv.o
         0          0          0          0          0          0   usenofp.o
       596         76          0          0          0        116   atan2f.o
        38          0          0          0          0         68   fpclassifyf.o
        10          0          0          0          0         68   funder.o

    ----------------------------------------------------------------------
      3816        340          0          0         96       2508   Library Totals
        20          0          0          0          0          0   (incl. Padding)

    ----------------------------------------------------------------------

      Code (inc. data)   RO Data    RW Data    ZI Data      Debug   Library Name

       582         16          0          0         96        804   c_w.l
      2570        248          0          0          0       1452   fz_ws.l
       644         76          0          0          0        252   m_ws.l

    ----------------------------------------------------------------------
      3816        340          0          0         96       2508   Library Totals

    ----------------------------------------------------------------------

==============================================================================


      Code (inc. data)   RO Data    RW Data    ZI Data      Debug   

     18088       1288        560        184       7896     667232   Grand Totals
     18088       1288        560        184       7896     667232   ELF Image Totals
     18088       1288        560        184          0          0   ROM Totals

==============================================================================

    Total RO  Size (Code + RO Data)                18648 (  18.21kB)
    Total RW  Size (RW Data + ZI Data)              8080 (   7.89kB)
    Total ROM Size (Code + RO Data + RW Data)      18832 (  18.39kB)

==============================================================================

