<html>
<body>
<pre>
<h1>µVision Build Log</h1>
<h2>Project:</h2>
D:\STM32 project\STM32_CarStatus\MDK-ARM\STM32_CarStatus.uvproj
Project File Date:  08/25/2025

<h2>Output:</h2>
Build target 'STM32_CarStatus'
linking...
Program Size: Code=28840 RO-data=1092 RW-data=188 ZI-data=7868  
FromELF: creating hex file...
"STM32_CarStatus\STM32_CarStatus.axf" - 0 Errors, 0 Warning(s).
Load "STM32_CarStatus\\STM32_CarStatus.axf" 
Full Chip Erase Done.
Programming Done.
Verify OK.
Application running ...
Build target 'STM32_CarStatus'
compiling main.c...
linking...
Program Size: Code=29044 RO-data=1092 RW-data=188 ZI-data=7868  
FromELF: creating hex file...
"STM32_CarStatus\STM32_CarStatus.axf" - 0 Errors, 0 Warning(s).
Load "STM32_CarStatus\\STM32_CarStatus.axf" 
Full Chip Erase Done.
Programming Done.
Verify OK.
Application running ...
Build target 'STM32_CarStatus'
compiling main.c...
linking...
Program Size: Code=29044 RO-data=1092 RW-data=188 ZI-data=7868  
FromELF: creating hex file...
"STM32_CarStatus\STM32_CarStatus.axf" - 0 Errors, 0 Warning(s).
Build target 'STM32_CarStatus'
compiling main.c...
linking...
Program Size: Code=29044 RO-data=1092 RW-data=188 ZI-data=7868  
FromELF: creating hex file...
"STM32_CarStatus\STM32_CarStatus.axf" - 0 Errors, 0 Warning(s).
Load "STM32_CarStatus\\STM32_CarStatus.axf" 
Full Chip Erase Done.
Programming Done.
Verify OK.
Application running ...
